Archive member included to satisfy reference by file (symbol)

../lib-c/lib_gd32/libc.a(assert.o)
                              build_gd32/firmware/main.o (__assert_func)
../lib-c/lib_gd32/libc.a(printf.o)
                              build_gd32/firmware/main.o (printf)
/Users/arjanvanvught/Library/xPacks/@xpack-dev-tools/arm-none-eabi-gcc/11.3.1-1.1.2/.content/bin/../lib/gcc/arm-none-eabi/11.3.1/thumb/v7e-m+fp/hard/libgcc.a(_arm_truncdfsf2.o)
                              ../lib-c/lib_gd32/libc.a(printf.o) (__aeabi_d2f)
/Users/arjanvanvught/Library/xPacks/@xpack-dev-tools/arm-none-eabi-gcc/11.3.1-1.1.2/.content/bin/../lib/gcc/arm-none-eabi/11.3.1/thumb/v7e-m+fp/hard/libgcc.a(_aeabi_uldivmod.o)
                              ../lib-c/lib_gd32/libc.a(printf.o) (__aeabi_uldivmod)
/Users/arjanvanvught/Library/xPacks/@xpack-dev-tools/arm-none-eabi-gcc/11.3.1-1.1.2/.content/bin/../lib/gcc/arm-none-eabi/11.3.1/thumb/v7e-m+fp/hard/libgcc.a(_udivmoddi4.o)
                              /Users/arjanvanvught/Library/xPacks/@xpack-dev-tools/arm-none-eabi-gcc/11.3.1-1.1.2/.content/bin/../lib/gcc/arm-none-eabi/11.3.1/thumb/v7e-m+fp/hard/libgcc.a(_aeabi_uldivmod.o) (__udivmoddi4)
/Users/arjanvanvught/Library/xPacks/@xpack-dev-tools/arm-none-eabi-gcc/11.3.1-1.1.2/.content/bin/../lib/gcc/arm-none-eabi/11.3.1/thumb/v7e-m+fp/hard/libgcc.a(_dvmd_tls.o)
                              /Users/arjanvanvught/Library/xPacks/@xpack-dev-tools/arm-none-eabi-gcc/11.3.1-1.1.2/.content/bin/../lib/gcc/arm-none-eabi/11.3.1/thumb/v7e-m+fp/hard/libgcc.a(_aeabi_uldivmod.o) (__aeabi_ldiv0)
../lib-remoteconfig/lib_gd32/libremoteconfig.a(remoteconfig.o)
                              build_gd32/firmware/main.o (RemoteConfig::RemoteConfig(remoteconfig::Node, remoteconfig::Output, unsigned int))
../lib-remoteconfig/lib_gd32/libremoteconfig.a(remoteconfigfactory.o)
                              ../lib-remoteconfig/lib_gd32/libremoteconfig.a(remoteconfig.o) (RemoteConfig::HandleFactory())
../lib-remoteconfig/lib_gd32/libremoteconfig.a(remoteconfigparams.o)
                              build_gd32/firmware/main.o (RemoteConfigParams::RemoteConfigParams(RemoteConfigParamsStore*))
../lib-remoteconfig/lib_gd32/libremoteconfig.a(remoteconfigparamsdump.o)
                              build_gd32/firmware/main.o (RemoteConfigParams::Dump())
../lib-remoteconfig/lib_gd32/libremoteconfig.a(remoteconfigreboot.o)
                              ../lib-remoteconfig/lib_gd32/libremoteconfig.a(remoteconfig.o) (RemoteConfig::HandleReboot())
../lib-remoteconfig/lib_gd32/libremoteconfig.a(remoteconfigstatic.o)
                              ../lib-remoteconfig/lib_gd32/libremoteconfig.a(remoteconfig.o) (RemoteConfig::GetIndex(void const*, unsigned int&))
../lib-remoteconfig/lib_gd32/libremoteconfig.a(remoteconfig.o)
                              ../lib-remoteconfig/lib_gd32/libremoteconfig.a(remoteconfig.o) (RemoteConfig::PlatformHandleTftpSet())
../lib-remoteconfig/lib_gd32/libremoteconfig.a(httd.o)
                              build_gd32/firmware/main.o (HttpDaemon::HttpDaemon())
../lib-remoteconfig/lib_gd32/libremoteconfig.a(remoteconfigconst.o)
                              ../lib-remoteconfig/lib_gd32/libremoteconfig.a(remoteconfigparams.o) (RemoteConfigConst::PARAMS_DISPLAY_NAME)
../lib-remoteconfig/lib_gd32/libremoteconfig.a(remoteconfigjson.o)
                              ../lib-remoteconfig/lib_gd32/libremoteconfig.a(httd.o) (remoteconfig::json_get_list(char*, unsigned short))
../lib-remoteconfig/lib_gd32/libremoteconfig.a(get_file_content.o)
                              ../lib-remoteconfig/lib_gd32/libremoteconfig.a(httd.o) (get_file_content(char const*, char*))
../lib-e131/lib_gd32/libe131.a(e131bridge.o)
                              build_gd32/firmware/main.o (E131Bridge::E131Bridge())
../lib-e131/lib_gd32/libe131.a(e131bridgediscoverypacket.o)
                              ../lib-e131/lib_gd32/libe131.a(e131bridge.o) (E131Bridge::FillDiscoveryPacket())
../lib-e131/lib_gd32/libe131.a(e131bridgehandledmxin.o)
                              ../lib-e131/lib_gd32/libe131.a(e131bridge.o) (E131Bridge::FillDataPacket())
../lib-e131/lib_gd32/libe131.a(e131bridgehandlesynchronization.o)
                              ../lib-e131/lib_gd32/libe131.a(e131bridge.o) (E131Bridge::HandleSynchronization())
../lib-e131/lib_gd32/libe131.a(e131bridgeprint.o)
                              build_gd32/firmware/main.o (E131Bridge::Print())
../lib-e131/lib_gd32/libe131.a(e131msgconst.o)
                              build_gd32/firmware/main.o (E131MsgConst::STARTED)
../lib-e131/lib_gd32/libe131.a(e131params.o)
                              build_gd32/firmware/main.o (E131Params::E131Params(E131ParamsStore*))
../lib-e131/lib_gd32/libe131.a(e131paramsconst.o)
                              ../lib-e131/lib_gd32/libe131.a(e131params.o) (E131ParamsConst::PRIORITY)
../lib-e131/lib_gd32/libe131.a(e131paramsdump.o)
                              build_gd32/firmware/main.o (E131Params::Dump())
[...]
Memory Configuration

Name             Origin             Length             Attributes
FLASH            0x0000000008008000 0x0000000000038000 xr
TCMSRAM          0x0000000010000000 0x0000000000010000 rw
RAM              0x0000000020000000 0x0000000000030000 xrw
RAMADD           0x0000000020030000 0x0000000000040000 xrw
BKPSRAM          0x0000000040024000 0x0000000000001000 rw
*default*        0x0000000000000000 0xffffffffffffffff

Linker script and memory map

LOAD build_gd32/startup_gd32f450.o
LOAD build_gd32/firmware/main.o
LOAD build_gd32/lib/factorydefaults.o
LOAD build_gd32/lib/rdmsoftwareversion.o
                0x0000000000002000                __heap_size = DEFINED (__heap_size)?__heap_size:0x2000
                0x0000000000004000                __stack_size = DEFINED (__stack_size)?__stack_size:0x4000

.vectors        0x0000000008008000      0x1ac
                0x0000000008008000                . = ALIGN (0x4)
 *(.vectors)
 .vectors       0x0000000008008000      0x1ac build_gd32/startup_gd32f450.o
                0x0000000008008000                __gVectors
                0x00000000080081ac                . = ALIGN (0x4)
                0x00000000080081ac                __Vectors_End = .
                0x00000000080081ac                __Vectors_Size = (__Vectors_End - __gVectors)

.text           0x00000000080081ac    0x10368
                0x00000000080081ac                . = ALIGN (0x4)
 *(.text.unlikely*)
 .text.unlikely.net_init
                0x00000000080081ac       0x98 ../lib-network/lib_gd32/libnetwork.a(net.o)
                0x00000000080081ac                net_init
 .text.unlikely.net_shutdown
                0x0000000008008244       0x1c ../lib-network/lib_gd32/libnetwork.a(net.o)
                0x0000000008008244                net_shutdown
 .text.unlikely.rfc3927_init
                0x0000000008008260       0x18 ../lib-network/lib_gd32/libnetwork.a(rfc3927.o)
                0x0000000008008260                rfc3927_init
 .text.unlikely.tcp_init
                0x0000000008008278       0x44 ../lib-network/lib_gd32/libnetwork.a(tcp.o)
                0x0000000008008278                tcp_init
 .text.unlikely.udp_init
                0x00000000080082bc       0x58 ../lib-network/lib_gd32/libnetwork.a(udp.o)
                0x00000000080082bc                udp_init
 .text.unlikely.udp_shutdown
                0x0000000008008314        0x2 ../lib-network/lib_gd32/libnetwork.a(udp.o)
                0x0000000008008314                udp_shutdown
 *fill*         0x0000000008008316        0x2 
 .text.unlikely.arp_init
                0x0000000008008318       0xf8 ../lib-network/lib_gd32/libnetwork.a(arp.o)
                0x0000000008008318                arp_init
 .text.unlikely.arp_cache_init
                0x0000000008008410       0x30 ../lib-network/lib_gd32/libnetwork.a(arp_cache.o)
                0x0000000008008410                arp_cache_init
 .text.unlikely.igmp_init
                0x0000000008008440       0xb8 ../lib-network/lib_gd32/libnetwork.a(igmp.o)
                0x0000000008008440                igmp_init
 .text.unlikely.igmp_shutdown
                0x00000000080084f8       0x28 ../lib-network/lib_gd32/libnetwork.a(igmp.o)
                0x00000000080084f8                igmp_shutdown
 .text.unlikely.ip_init
                0x0000000008008520       0x16 ../lib-network/lib_gd32/libnetwork.a(ip.o)
                0x0000000008008520                ip_init
 .text.unlikely.ip_shutdown
                0x0000000008008536        0xe ../lib-network/lib_gd32/libnetwork.a(ip.o)
                0x0000000008008536                ip_shutdown
 .text.unlikely.console_init
                0x0000000008008544       0x20 ../lib-hal/lib_gd32/libhal.a(console_uart0.o)
                0x0000000008008544                console_init
 *(.text.hot*)
 .text.hot.net_handle
                0x0000000008008564       0x38 ../lib-network/lib_gd32/libnetwork.a(net.o)
                0x0000000008008564                net_handle
 .text.hot.tcp_handle
                0x000000000800859c      0x3d4 ../lib-network/lib_gd32/libnetwork.a(tcp.o)
                0x000000000800859c                tcp_handle
 .text.hot.udp_handle
                0x0000000008008970       0xac ../lib-network/lib_gd32/libnetwork.a(udp.o)
                0x0000000008008970                udp_handle
 .text.hot.arp_handle
                0x0000000008008a1c       0x18 ../lib-network/lib_gd32/libnetwork.a(arp.o)
                0x0000000008008a1c                arp_handle
 .text.hot.igmp_handle
                0x0000000008008a34       0xa0 ../lib-network/lib_gd32/libnetwork.a(igmp.o)
                0x0000000008008a34                igmp_handle
 .text.hot.ip_handle
                0x0000000008008ad4       0x32 ../lib-network/lib_gd32/libnetwork.a(ip.o)
                0x0000000008008ad4                ip_handle
 *fill*         0x0000000008008b06        0x2 
 .text.hot.icmp_handle
                0x0000000008008b08       0x98 ../lib-network/lib_gd32/libnetwork.a(icmp.o)
                0x0000000008008b08                icmp_handle
 *(.text)
 .text          0x0000000008008ba0       0x58 build_gd32/startup_gd32f450.o
                0x0000000008008bb4                Reset_Handler
 .text          0x0000000008008bf8       0xa0 /Users/arjanvanvught/Library/xPacks/@xpack-dev-tools/arm-none-eabi-gcc/11.3.1-1.1.2/.content/bin/../lib/gcc/arm-none-eabi/11.3.1/thumb/v7e-m+fp/hard/libgcc.a(_arm_truncdfsf2.o)
                0x0000000008008bf8                __aeabi_d2f
                0x0000000008008bf8                __truncdfsf2
 .text          0x0000000008008c98       0x30 /Users/arjanvanvught/Library/xPacks/@xpack-dev-tools/arm-none-eabi-gcc/11.3.1-1.1.2/.content/bin/../lib/gcc/arm-none-eabi/11.3.1/thumb/v7e-m+fp/hard/libgcc.a(_aeabi_uldivmod.o)
                0x0000000008008c98                __aeabi_uldivmod
 .text          0x0000000008008cc8        0x4 /Users/arjanvanvught/Library/xPacks/@xpack-dev-tools/arm-none-eabi-gcc/11.3.1-1.1.2/.content/bin/../lib/gcc/arm-none-eabi/11.3.1/thumb/v7e-m+fp/hard/libgcc.a(_dvmd_tls.o)
                0x0000000008008cc8                __aeabi_ldiv0
                0x0000000008008cc8                __aeabi_idiv0
 .text          0x0000000008008ccc      0x378 /Users/arjanvanvught/Library/xPacks/@xpack-dev-tools/arm-none-eabi-gcc/11.3.1-1.1.2/.content/bin/../lib/gcc/arm-none-eabi/11.3.1/thumb/v7e-m+fp/hard/libgcc.a(_arm_addsubdf3.o)
                0x0000000008008ccc                __aeabi_drsub
                0x0000000008008cd4                __subdf3
                0x0000000008008cd4                __aeabi_dsub
                0x0000000008008cd8                __aeabi_dadd
                0x0000000008008cd8                __adddf3
                0x0000000008008f50                __aeabi_ui2d
                0x0000000008008f50                __floatunsidf
                0x0000000008008f70                __floatsidf
                0x0000000008008f70                __aeabi_i2d
                0x0000000008008f94                __extendsfdf2
                0x0000000008008f94                __aeabi_f2d
                0x0000000008008fd8                __aeabi_ul2d
                0x0000000008008fd8                __floatundidf
                0x0000000008008fe8                __aeabi_l2d
                0x0000000008008fe8                __floatdidf
 *(.text*)
 .text.Default_Handler
                0x0000000008009044        0x2 build_gd32/startup_gd32f450.o
                0x0000000008009044                USBHS_EP1_Out_IRQHandler
                0x0000000008009044                EXTI2_IRQHandler
                0x0000000008009044                TIMER2_IRQHandler
                0x0000000008009044                DebugMon_Handler
                0x0000000008009044                LVD_IRQHandler
                0x0000000008009044                SPI4_IRQHandler
                0x0000000008009044                CAN1_EWMC_IRQHandler
                0x0000000008009044                HardFault_Handler
                0x0000000008009044                TIMER7_UP_TIMER12_IRQHandler
                0x0000000008009044                SDIO_IRQHandler
                0x0000000008009044                PendSV_Handler
                0x0000000008009044                NMI_Handler
                0x0000000008009044                EXTI3_IRQHandler
                0x0000000008009044                DCI_IRQHandler
                0x0000000008009044                USBFS_WKUP_IRQHandler
                0x0000000008009044                USBHS_IRQHandler
                0x0000000008009044                IPA_IRQHandler
                0x0000000008009044                TIMER5_DAC_IRQHandler
                0x0000000008009044                TIMER0_TRG_CMT_TIMER10_IRQHandler
                0x0000000008009044                USBFS_IRQHandler
                0x0000000008009044                DMA0_Channel6_IRQHandler
                0x0000000008009044                I2C0_EV_IRQHandler
                0x0000000008009044                EXTI0_IRQHandler
                0x0000000008009044                I2C2_EV_IRQHandler
                0x0000000008009044                CAN1_RX0_IRQHandler
                0x0000000008009044                FPU_IRQHandler
                0x0000000008009044                TIMER7_TRG_CMT_TIMER13_IRQHandler
                0x0000000008009044                UsageFault_Handler
                0x0000000008009044                TIMER4_IRQHandler
                0x0000000008009044                SPI1_IRQHandler
                0x0000000008009044                DMA0_Channel0_IRQHandler
                0x0000000008009044                USART5_IRQHandler
                0x0000000008009044                TIMER0_BRK_TIMER8_IRQHandler
                0x0000000008009044                DMA1_Channel0_IRQHandler
                0x0000000008009044                TIMER7_BRK_TIMER11_IRQHandler
                0x0000000008009044                TIMER6_IRQHandler
                0x0000000008009044                DMA1_Channel4_IRQHandler
                0x0000000008009044                DMA0_Channel3_IRQHandler
                0x0000000008009044                I2C0_ER_IRQHandler
                0x0000000008009044                TLI_IRQHandler
                0x0000000008009044                TIMER0_UP_TIMER9_IRQHandler
                0x0000000008009044                DMA1_Channel7_IRQHandler
                0x0000000008009044                CAN1_RX1_IRQHandler
                0x0000000008009044                DMA0_Channel2_IRQHandler
                0x0000000008009044                USART0_IRQHandler
                0x0000000008009044                I2C1_EV_IRQHandler
                0x0000000008009044                DMA1_Channel6_IRQHandler
                0x0000000008009044                UART4_IRQHandler
                0x0000000008009044                EXTI10_15_IRQHandler
                0x0000000008009044                DMA1_Channel1_IRQHandler
                0x0000000008009044                Default_Handler
                0x0000000008009044                TIMER7_Channel_IRQHandler
                0x0000000008009044                DMA0_Channel7_IRQHandler
                0x0000000008009044                ADC_IRQHandler
                0x0000000008009044                CAN0_TX_IRQHandler
                0x0000000008009044                WWDGT_IRQHandler
                0x0000000008009044                EXMC_IRQHandler
                0x0000000008009044                SPI5_IRQHandler
                0x0000000008009044                TAMPER_STAMP_IRQHandler
                0x0000000008009044                RTC_WKUP_IRQHandler
                0x0000000008009044                SPI2_IRQHandler
                0x0000000008009044                MemManage_Handler
                0x0000000008009044                CAN1_TX_IRQHandler
                0x0000000008009044                SVC_Handler
                0x0000000008009044                RCU_CTC_IRQHandler
                0x0000000008009044                DMA1_Channel5_IRQHandler
                0x0000000008009044                EXTI4_IRQHandler
                0x0000000008009044                CAN0_RX1_IRQHandler
                0x0000000008009044                DMA0_Channel5_IRQHandler
                0x0000000008009044                DMA1_Channel3_IRQHandler
                0x0000000008009044                EXTI5_9_IRQHandler
                0x0000000008009044                DMA0_Channel1_IRQHandler
                0x0000000008009044                TIMER0_Channel_IRQHandler
                0x0000000008009044                EXTI1_IRQHandler
                0x0000000008009044                ENET_WKUP_IRQHandler
                0x0000000008009044                USBHS_EP1_In_IRQHandler
                0x0000000008009044                SPI0_IRQHandler
                0x0000000008009044                UART7_IRQHandler
                0x0000000008009044                USART2_IRQHandler
                0x0000000008009044                UART6_IRQHandler
                0x0000000008009044                CAN0_EWMC_IRQHandler
                0x0000000008009044                CAN0_RX0_IRQHandler
                0x0000000008009044                I2C2_ER_IRQHandler
                0x0000000008009044                DMA1_Channel2_IRQHandler
                0x0000000008009044                TLI_ER_IRQHandler
                0x0000000008009044                BusFault_Handler
                0x0000000008009044                USART1_IRQHandler
                0x0000000008009044                SPI3_IRQHandler
                0x0000000008009044                UART3_IRQHandler
                0x0000000008009044                I2C1_ER_IRQHandler
                0x0000000008009044                FMC_IRQHandler
                0x0000000008009044                USBHS_WKUP_IRQHandler
                0x0000000008009044                DMA0_Channel4_IRQHandler
                0x0000000008009044                TRNG_IRQHandler
                0x0000000008009044                ENET_IRQHandler
                0x0000000008009044                RTC_Alarm_IRQHandler
 .text.memcmp   0x0000000008009046       0x20 build_gd32/firmware/main.o
 .text.memcpy   0x0000000008009066       0x16 build_gd32/firmware/main.o
 .text._ZN8LightSet6FullOnEv
                0x000000000800907c        0x2 build_gd32/firmware/main.o
                0x000000000800907c                LightSet::FullOn()
 .text._ZN14DisplayHandlerD2Ev
                0x000000000800907e        0x2 build_gd32/firmware/main.o
                0x000000000800907e                DisplayHandler::~DisplayHandler()
                0x000000000800907e                DisplayHandler::~DisplayHandler()
 .text._ZN17PixelDmxStartStopD2Ev
                0x0000000008009080        0x2 build_gd32/firmware/main.o
                0x0000000008009080                PixelDmxStartStop::~PixelDmxStartStop()
                0x0000000008009080                PixelDmxStartStop::~PixelDmxStartStop()
 *fill*         0x0000000008009082        0x2 
 .text._ZN17PixelDmxStartStop5StartEv
                0x0000000008009084       0x10 build_gd32/firmware/main.o
                0x0000000008009084                PixelDmxStartStop::Start()
 .text._ZN17PixelDmxStartStop4StopEv
                0x0000000008009094       0x10 build_gd32/firmware/main.o
                0x0000000008009094                PixelDmxStartStop::Stop()
 .text._ZN15LightSet64with4D2Ev
                0x00000000080090a4        0x2 build_gd32/firmware/main.o
                0x00000000080090a4                LightSet64with4::~LightSet64with4()
                0x00000000080090a4                LightSet64with4::~LightSet64with4()
 .text._ZN15LightSet64with45StartEj
                0x00000000080090a6       0x22 build_gd32/firmware/main.o
                0x00000000080090a6                LightSet64with4::Start(unsigned int)
 .text._ZN15LightSet64with44StopEj
                0x00000000080090c8       0x22 build_gd32/firmware/main.o
                0x00000000080090c8                LightSet64with4::Stop(unsigned int)
 .text._ZN15LightSet64with47SetDataEjPKhj
                0x00000000080090ea       0x34 build_gd32/firmware/main.o
                0x00000000080090ea                LightSet64with4::SetData(unsigned int, unsigned char const*, unsigned int)
 .text._ZN15LightSet64with48BlackoutEb
                0x000000000800911e       0x22 build_gd32/firmware/main.o
                0x000000000800911e                LightSet64with4::Blackout(bool)
 .text._ZN15LightSet64with45PrintEv
                0x0000000008009140       0x1e build_gd32/firmware/main.o
                0x0000000008009140                LightSet64with4::Print()
 .text._ZN15LightSet64with418SetDmxStartAddressEt
                0x000000000800915e        0x4 build_gd32/firmware/main.o
                0x000000000800915e                LightSet64with4::SetDmxStartAddress(unsigned short)
 .text._ZN15LightSet64with418GetDmxStartAddressEv
                0x0000000008009162        0x6 build_gd32/firmware/main.o
                0x0000000008009162                LightSet64with4::GetDmxStartAddress()
 .text._ZN15LightSet64with415GetDmxFootprintEv
                0x0000000008009168        0x4 build_gd32/firmware/main.o
                0x0000000008009168                LightSet64with4::GetDmxFootprint()
 .text._ZN15LightSet64with411GetSlotInfoEtRN8lightset8SlotInfoE
                0x000000000800916c        0x4 build_gd32/firmware/main.o
                0x000000000800916c                LightSet64with4::GetSlotInfo(unsigned short, lightset::SlotInfo&)
 .text._ZN12RDMNetDevice7CopyUIDEPh
                0x0000000008009170       0x12 build_gd32/firmware/main.o
                0x0000000008009170                RDMNetDevice::CopyUID(unsigned char*)
                0x000000000800917c                non-virtual thunk to RDMNetDevice::CopyUID(unsigned char*)
 *fill*         0x0000000008009182        0x2 
 .text._ZN12RDMNetDevice7CopyCIDEPh
                0x0000000008009184       0x18 build_gd32/firmware/main.o
                0x0000000008009184                RDMNetDevice::CopyCID(unsigned char*)
                0x0000000008009194                non-virtual thunk to RDMNetDevice::CopyCID(unsigned char*)
 .text._ZN12dmxconfigudpL4atoiEPKcj
                0x000000000800919c       0x24 build_gd32/firmware/main.o
 .text._ZN14DisplayHandlerD0Ev
                0x00000000080091c0        0xc build_gd32/firmware/main.o
                0x00000000080091c0                DisplayHandler::~DisplayHandler()
 .text._ZN15LightSet64with4D0Ev
                0x00000000080091cc        0xc build_gd32/firmware/main.o
                0x00000000080091cc                LightSet64with4::~LightSet64with4()
 .text._ZN17PixelDmxStartStopD0Ev
                0x00000000080091d8        0xc build_gd32/firmware/main.o
                0x00000000080091d8                PixelDmxStartStop::~PixelDmxStartStop()
 .text._ZN12RDMNetDevice20LLRPHandleRdmCommandEPKh
                0x00000000080091e4       0x1c build_gd32/firmware/main.o
                0x00000000080091e4                RDMNetDevice::LLRPHandleRdmCommand(unsigned char const*)
                0x00000000080091f8                non-virtual thunk to RDMNetDevice::LLRPHandleRdmCommand(unsigned char const*)
 .text._ZN7Display12SetCursorPosEhh.isra.0
                0x0000000008009200        0xa build_gd32/firmware/main.o
 .text._ZN7Display7PutCharEi.isra.0
                0x000000000800920a        0xa build_gd32/firmware/main.o
 .text._ZN14DisplayHandler5PrintEj
                0x0000000008009214       0x50 build_gd32/firmware/main.o
                0x0000000008009214                DisplayHandler::Print(unsigned int)
 .text._ZN12RDMNetDeviceD2Ev
                0x0000000008009264       0x28 build_gd32/firmware/main.o
                0x0000000008009264                RDMNetDevice::~RDMNetDevice()
                0x0000000008009264                RDMNetDevice::~RDMNetDevice()
                0x0000000008009284                non-virtual thunk to RDMNetDevice::~RDMNetDevice()
 .text._ZN12RDMNetDeviceD0Ev
                0x000000000800928c       0x18 build_gd32/firmware/main.o
                0x000000000800928c                RDMNetDevice::~RDMNetDevice()
                0x000000000800929e                non-virtual thunk to RDMNetDevice::~RDMNetDevice()
 .text._ZN7Display6PrintfEhPKcz
                0x00000000080092a4       0x38 build_gd32/firmware/main.o
                0x00000000080092a4                Display::Printf(unsigned char, char const*, ...)
 .text._ZN7Display10TextStatusEPKc
                0x00000000080092dc       0x9c build_gd32/firmware/main.o
                0x00000000080092dc                Display::TextStatus(char const*)
 .text._ZN7Display10TextStatusEPKc22Display7SegmentMessagej
                0x0000000008009378       0x50 build_gd32/firmware/main.o
                0x0000000008009378                Display::TextStatus(char const*, Display7SegmentMessage, unsigned int)
 .text._ZN7Display8SetSleepEb
                0x00000000080093c8       0x20 build_gd32/firmware/main.o
                0x00000000080093c8                Display::SetSleep(bool)
 .text._ZN7display7timeout9gpio_initEv
                0x00000000080093e8       0x20 build_gd32/firmware/main.o
                0x00000000080093e8                display::timeout::gpio_init()
 .text._ZN7display7timeout10gpio_renewEv
                0x0000000008009408       0x14 build_gd32/firmware/main.o
                0x0000000008009408                display::timeout::gpio_renew()
 .text._ZN8Hardware13RebootHandlerEv
                0x000000000800941c       0x20 build_gd32/firmware/main.o
                0x000000000800941c                Hardware::RebootHandler()
 .text.startup.main
                0x000000000800943c      0x9c0 build_gd32/firmware/main.o
                0x000000000800943c                main
 .text._ZN12StoreNetwork8SaveDhcpEb
                0x0000000008009dfc       0x30 build_gd32/lib/factorydefaults.o
                0x0000000008009dfc                StoreNetwork::SaveDhcp(bool)
                0x0000000008009e24                non-virtual thunk to StoreNetwork::SaveDhcp(bool)
 .text._ZN3rdm6device9responder15factorydefaultsEv
                0x0000000008009e2c       0x30 build_gd32/lib/factorydefaults.o
                0x0000000008009e2c                rdm::device::responder::factorydefaults()
 .text._ZN18RDMSoftwareVersion10GetVersionEv
                0x0000000008009e5c        0x8 build_gd32/lib/rdmsoftwareversion.o
                0x0000000008009e5c                RDMSoftwareVersion::GetVersion()
 .text._ZN18RDMSoftwareVersion16GetVersionLengthEv
                0x0000000008009e64        0x4 build_gd32/lib/rdmsoftwareversion.o
                0x0000000008009e64                RDMSoftwareVersion::GetVersionLength()
 .text._ZN18RDMSoftwareVersion12GetVersionIdEv
                0x0000000008009e68        0x8 build_gd32/lib/rdmsoftwareversion.o
                0x0000000008009e68                RDMSoftwareVersion::GetVersionId()
 .text.__assert_func
                0x0000000008009e70       0x2c ../lib-c/lib_gd32/libc.a(assert.o)
                0x0000000008009e70                __assert_func
 .text._itostr  0x0000000008009e9c       0x74 ../lib-c/lib_gd32/libc.a(printf.o)
 .text._xputch  0x0000000008009f10       0x30 ../lib-c/lib_gd32/libc.a(printf.o)
 .text._format_int
                0x0000000008009f40       0xd4 ../lib-c/lib_gd32/libc.a(printf.o)
 .text._format_hex
                0x000000000800a014       0xba ../lib-c/lib_gd32/libc.a(printf.o)
 *fill*         0x000000000800a0ce        0x2 
 .text._vprintf
                0x000000000800a0d0      0x3b8 ../lib-c/lib_gd32/libc.a(printf.o)
 .text.printf   0x000000000800a488       0x1e ../lib-c/lib_gd32/libc.a(printf.o)
                0x000000000800a488                printf
 *fill*         0x000000000800a4a6        0x2 
 .text.sprintf  0x000000000800a4a8       0x30 ../lib-c/lib_gd32/libc.a(printf.o)
                0x000000000800a4a8                sprintf
 .text.snprintf
                0x000000000800a4d8       0x30 ../lib-c/lib_gd32/libc.a(printf.o)
                0x000000000800a4d8                snprintf
 .text.vsnprintf
                0x000000000800a508       0x20 ../lib-c/lib_gd32/libc.a(printf.o)
                0x000000000800a508                vsnprintf
 .text.__udivmoddi4
                0x000000000800a528      0x2c8 /Users/arjanvanvught/Library/xPacks/@xpack-dev-tools/arm-none-eabi-gcc/11.3.1-1.1.2/.content/bin/../lib/gcc/arm-none-eabi/11.3.1/thumb/v7e-m+fp/hard/libgcc.a(_udivmoddi4.o)
                0x000000000800a528                __udivmoddi4
 .text._ZN12RemoteConfig10HandleListEv
                0x000000000800a7f0       0xd0 ../lib-remoteconfig/lib_gd32/libremoteconfig.a(remoteconfig.o)
                0x000000000800a7f0                RemoteConfig::HandleList()
 .text._ZN12RemoteConfig16HandleDisplayGetEv
                0x000000000800a8c0       0x54 ../lib-remoteconfig/lib_gd32/libremoteconfig.a(remoteconfig.o)
                0x000000000800a8c0                RemoteConfig::HandleDisplayGet()
 .text._ZN12RemoteConfig13HandleTftpGetEv
                0x000000000800a914       0x50 ../lib-remoteconfig/lib_gd32/libremoteconfig.a(remoteconfig.o)
                0x000000000800a914                RemoteConfig::HandleTftpGet()
 .text._ZN12RemoteConfig13HandleVersionEv
                0x000000000800a964       0x40 ../lib-remoteconfig/lib_gd32/libremoteconfig.a(remoteconfig.o)
                0x000000000800a964                RemoteConfig::HandleVersion()
 .text._ZN12RemoteConfig12HandleUptimeEv
                0x000000000800a9a4       0x4c ../lib-remoteconfig/lib_gd32/libremoteconfig.a(remoteconfig.o)
                0x000000000800a9a4                RemoteConfig::HandleUptime()
 .text._ZN7Display6StatusE22Display7SegmentMessage
                0x000000000800a9f0       0x36 ../lib-remoteconfig/lib_gd32/libremoteconfig.a(remoteconfig.o)
                0x000000000800a9f0                Display::Status(Display7SegmentMessage)
 *fill*         0x000000000800aa26        0x2 
 .text._ZN12RemoteConfig16HandleDisplaySetEv
                0x000000000800aa28       0x28 ../lib-remoteconfig/lib_gd32/libremoteconfig.a(remoteconfig.o)
                0x000000000800aa28                RemoteConfig::HandleDisplaySet()
 .text._ZN12RemoteConfig13HandleTftpSetEv
                0x000000000800aa50       0x68 ../lib-remoteconfig/lib_gd32/libremoteconfig.a(remoteconfig.o)
                0x000000000800aa50                RemoteConfig::HandleTftpSet()
 .text._ZN12RemoteConfigC2EN12remoteconfig4NodeENS0_6OutputEj
                0x000000000800aab8       0x68 ../lib-remoteconfig/lib_gd32/libremoteconfig.a(remoteconfig.o)
                0x000000000800aab8                RemoteConfig::RemoteConfig(remoteconfig::Node, remoteconfig::Output, unsigned int)
                0x000000000800aab8                RemoteConfig::RemoteConfig(remoteconfig::Node, remoteconfig::Output, unsigned int)
 .text._ZNK12RemoteConfig13GetStringNodeEv
                0x000000000800ab20       0x18 ../lib-remoteconfig/lib_gd32/libremoteconfig.a(remoteconfig.o)
                0x000000000800ab20                RemoteConfig::GetStringNode() const
 .text._ZNK12RemoteConfig15GetStringOutputEv
                0x000000000800ab38       0x18 ../lib-remoteconfig/lib_gd32/libremoteconfig.a(remoteconfig.o)
                0x000000000800ab38                RemoteConfig::GetStringOutput() const
 .text._ZN12RemoteConfig10SetDisableEb
                0x000000000800ab50       0x40 ../lib-remoteconfig/lib_gd32/libremoteconfig.a(remoteconfig.o)
                0x000000000800ab50                RemoteConfig::SetDisable(bool)
 .text._ZN12RemoteConfig14SetDisplayNameEPKc
                0x000000000800ab90       0x30 ../lib-remoteconfig/lib_gd32/libremoteconfig.a(remoteconfig.o)
                0x000000000800ab90                RemoteConfig::SetDisplayName(char const*)
 .text._ZN12RemoteConfig9HandleGetEPvj
                0x000000000800abc0       0xb8 ../lib-remoteconfig/lib_gd32/libremoteconfig.a(remoteconfig.o)
                0x000000000800abc0                RemoteConfig::HandleGet(void*, unsigned int)
 .text._ZN12RemoteConfig17HandleGetNoParamsEv
                0x000000000800ac78        0x8 ../lib-remoteconfig/lib_gd32/libremoteconfig.a(remoteconfig.o)
                0x000000000800ac78                RemoteConfig::HandleGetNoParams()
 .text._ZN12RemoteConfig19HandleGetRconfigTxtERj
                0x000000000800ac80       0x30 ../lib-remoteconfig/lib_gd32/libremoteconfig.a(remoteconfig.o)
                0x000000000800ac80                RemoteConfig::HandleGetRconfigTxt(unsigned int&)
 .text._ZN12RemoteConfig19HandleGetNetworkTxtERj
                0x000000000800acb0       0x30 ../lib-remoteconfig/lib_gd32/libremoteconfig.a(remoteconfig.o)
                0x000000000800acb0                RemoteConfig::HandleGetNetworkTxt(unsigned int&)
 .text._ZN12RemoteConfig16HandleGetE131TxtERj
                0x000000000800ace0       0x30 ../lib-remoteconfig/lib_gd32/libremoteconfig.a(remoteconfig.o)
                0x000000000800ace0                RemoteConfig::HandleGetE131Txt(unsigned int&)
 .text._ZN12RemoteConfig18HandleGetParamsTxtERj
                0x000000000800ad10       0x2c ../lib-remoteconfig/lib_gd32/libremoteconfig.a(remoteconfig.o)
                0x000000000800ad10                RemoteConfig::HandleGetParamsTxt(unsigned int&)
 .text._ZN12RemoteConfig19HandleGetDevicesTxtERj
                0x000000000800ad3c       0x30 ../lib-remoteconfig/lib_gd32/libremoteconfig.a(remoteconfig.o)
                0x000000000800ad3c                RemoteConfig::HandleGetDevicesTxt(unsigned int&)
 .text._ZN12RemoteConfig19HandleGetDisplayTxtERj
                0x000000000800ad6c       0x30 ../lib-remoteconfig/lib_gd32/libremoteconfig.a(remoteconfig.o)
                0x000000000800ad6c                RemoteConfig::HandleGetDisplayTxt(unsigned int&)
 .text._ZN12RemoteConfig9HandleSetEPvj
                0x000000000800ad9c       0x84 ../lib-remoteconfig/lib_gd32/libremoteconfig.a(remoteconfig.o)
                0x000000000800ad9c                RemoteConfig::HandleSet(void*, unsigned int)
 .text._ZN12RemoteConfig3RunEv
                0x000000000800ae20      0x13c ../lib-remoteconfig/lib_gd32/libremoteconfig.a(remoteconfig.o)
                0x000000000800ae20                RemoteConfig::Run()
 .text._ZN12RemoteConfig16HandleSetRconfigEv
                0x000000000800af5c       0x30 ../lib-remoteconfig/lib_gd32/libremoteconfig.a(remoteconfig.o)
                0x000000000800af5c                RemoteConfig::HandleSetRconfig()
 .text._ZN12RemoteConfig19HandleSetNetworkTxtEv
                0x000000000800af8c       0x28 ../lib-remoteconfig/lib_gd32/libremoteconfig.a(remoteconfig.o)
                0x000000000800af8c                RemoteConfig::HandleSetNetworkTxt()
 .text._ZN12RemoteConfig16HandleSetE131TxtEv
                0x000000000800afb4       0x28 ../lib-remoteconfig/lib_gd32/libremoteconfig.a(remoteconfig.o)
                0x000000000800afb4                RemoteConfig::HandleSetE131Txt()
 .text._ZN12RemoteConfig18HandleSetParamsTxtEv
                0x000000000800afdc       0x28 ../lib-remoteconfig/lib_gd32/libremoteconfig.a(remoteconfig.o)
                0x000000000800afdc                RemoteConfig::HandleSetParamsTxt()
 .text._ZN12RemoteConfig19HandleSetDevicesTxtEv
                0x000000000800b004       0x28 ../lib-remoteconfig/lib_gd32/libremoteconfig.a(remoteconfig.o)
                0x000000000800b004                RemoteConfig::HandleSetDevicesTxt()
 .text._ZN12RemoteConfig19HandleSetDisplayTxtEv
                0x000000000800b02c       0x28 ../lib-remoteconfig/lib_gd32/libremoteconfig.a(remoteconfig.o)
                0x000000000800b02c                RemoteConfig::HandleSetDisplayTxt()
 .text._ZN12RemoteConfig13HandleFactoryEv
                0x000000000800b054       0x1c ../lib-remoteconfig/lib_gd32/libremoteconfig.a(remoteconfigfactory.o)
                0x000000000800b054                RemoteConfig::HandleFactory()
 .text._ZN17PropertiesBuilder3AddEPKcb.isra.0
                0x000000000800b070       0x50 ../lib-remoteconfig/lib_gd32/libremoteconfig.a(remoteconfigparams.o)
 .text._ZN18RemoteConfigParamsC2EP23RemoteConfigParamsStore
                0x000000000800b0c0       0x14 ../lib-remoteconfig/lib_gd32/libremoteconfig.a(remoteconfigparams.o)
                0x000000000800b0c0                RemoteConfigParams::RemoteConfigParams(RemoteConfigParamsStore*)
                0x000000000800b0c0                RemoteConfigParams::RemoteConfigParams(RemoteConfigParamsStore*)
 .text._ZN18RemoteConfigParams4LoadEv
                0x000000000800b0d4       0x18 ../lib-remoteconfig/lib_gd32/libremoteconfig.a(remoteconfigparams.o)
                0x000000000800b0d4                RemoteConfigParams::Load()
 .text._ZN18RemoteConfigParams4LoadEPKcj
                0x000000000800b0ec       0x3c ../lib-remoteconfig/lib_gd32/libremoteconfig.a(remoteconfigparams.o)
                0x000000000800b0ec                RemoteConfigParams::Load(char const*, unsigned int)
 .text._ZN18RemoteConfigParams7SetBoolEhj
                0x000000000800b128       0x10 ../lib-remoteconfig/lib_gd32/libremoteconfig.a(remoteconfigparams.o)
                0x000000000800b128                RemoteConfigParams::SetBool(unsigned char, unsigned int)
 .text._ZN18RemoteConfigParams16callbackFunctionEPKc
                0x000000000800b138       0xac ../lib-remoteconfig/lib_gd32/libremoteconfig.a(remoteconfigparams.o)
                0x000000000800b138                RemoteConfigParams::callbackFunction(char const*)
 .text._ZN18RemoteConfigParams22staticCallbackFunctionEPvPKc
                0x000000000800b1e4        0x4 ../lib-remoteconfig/lib_gd32/libremoteconfig.a(remoteconfigparams.o)
                0x000000000800b1e4                RemoteConfigParams::staticCallbackFunction(void*, char const*)
 .text._ZN18RemoteConfigParams7BuilderEPK19TRemoteConfigParamsPcjRj
                0x000000000800b1e8      0x120 ../lib-remoteconfig/lib_gd32/libremoteconfig.a(remoteconfigparams.o)
                0x000000000800b1e8                RemoteConfigParams::Builder(TRemoteConfigParams const*, char*, unsigned int, unsigned int&)
 .text._ZN18RemoteConfigParams4SaveEPcjRj
                0x000000000800b308       0x1a ../lib-remoteconfig/lib_gd32/libremoteconfig.a(remoteconfigparams.o)
                0x000000000800b308                RemoteConfigParams::Save(char*, unsigned int, unsigned int&)
 .text._ZN18RemoteConfigParams3SetEP12RemoteConfig
                0x000000000800b322       0x40 ../lib-remoteconfig/lib_gd32/libremoteconfig.a(remoteconfigparams.o)
                0x000000000800b322                RemoteConfigParams::Set(RemoteConfig*)
 .text._ZN18RemoteConfigParams4DumpEv
                0x000000000800b362        0x2 ../lib-remoteconfig/lib_gd32/libremoteconfig.a(remoteconfigparamsdump.o)
                0x000000000800b362                RemoteConfigParams::Dump()
 .text._ZN12RemoteConfig12HandleRebootEv
                0x000000000800b364       0xa4 ../lib-remoteconfig/lib_gd32/libremoteconfig.a(remoteconfigreboot.o)
                0x000000000800b364                RemoteConfig::HandleReboot()
 .text._ZN12RemoteConfig8GetIndexEPKvRj
                0x000000000800b408       0x54 ../lib-remoteconfig/lib_gd32/libremoteconfig.a(remoteconfigstatic.o)
                0x000000000800b408                RemoteConfig::GetIndex(void const*, unsigned int&)
 .text._ZN12RemoteConfig21PlatformHandleTftpSetEv
                0x000000000800b45c       0x10 ../lib-remoteconfig/lib_gd32/libremoteconfig.a(remoteconfig.o)
                0x000000000800b45c                RemoteConfig::PlatformHandleTftpSet()
 .text._ZN12RemoteConfig21PlatformHandleTftpGetEv
                0x000000000800b46c       0x1a ../lib-remoteconfig/lib_gd32/libremoteconfig.a(remoteconfig.o)
                0x000000000800b46c                RemoteConfig::PlatformHandleTftpGet()
 .text.strcmp   0x000000000800b486       0x1a ../lib-remoteconfig/lib_gd32/libremoteconfig.a(httd.o)
 .text.strcasecmp
                0x000000000800b4a0       0x34 ../lib-remoteconfig/lib_gd32/libremoteconfig.a(httd.o)
 .text._ZN16PropertiesConfig10EnableJSONEb
                0x000000000800b4d4       0x18 ../lib-remoteconfig/lib_gd32/libremoteconfig.a(httd.o)
                0x000000000800b4d4                PropertiesConfig::EnableJSON(bool)
 .text._ZN10HttpDaemonC2Ev
                0x000000000800b4ec       0x28 ../lib-remoteconfig/lib_gd32/libremoteconfig.a(httd.o)
                0x000000000800b4ec                HttpDaemon::HttpDaemon()
                0x000000000800b4ec                HttpDaemon::HttpDaemon()
 .text._ZN10HttpDaemon5StartEv
                0x000000000800b514       0x18 ../lib-remoteconfig/lib_gd32/libremoteconfig.a(httd.o)
                0x000000000800b514                HttpDaemon::Start()
 .text._ZN10HttpDaemon11ParseMethodEPc
                0x000000000800b52c       0x8c ../lib-remoteconfig/lib_gd32/libremoteconfig.a(httd.o)
                0x000000000800b52c                HttpDaemon::ParseMethod(char*)
 .text._ZN10HttpDaemon16ParseHeaderFieldEPc
                0x000000000800b5b8       0x94 ../lib-remoteconfig/lib_gd32/libremoteconfig.a(httd.o)
                0x000000000800b5b8                HttpDaemon::ParseHeaderField(char*)
 .text._ZN10HttpDaemon12ParseRequestEv
                0x000000000800b64c       0x6e ../lib-remoteconfig/lib_gd32/libremoteconfig.a(httd.o)
                0x000000000800b64c                HttpDaemon::ParseRequest()
 *fill*         0x000000000800b6ba        0x2 
 .text._ZN10HttpDaemon12HandleGetTxtEv
                0x000000000800b6bc       0x88 ../lib-remoteconfig/lib_gd32/libremoteconfig.a(httd.o)
                0x000000000800b6bc                HttpDaemon::HandleGetTxt()
 .text._ZN10HttpDaemon9HandleGetEv
                0x000000000800b744      0x14c ../lib-remoteconfig/lib_gd32/libremoteconfig.a(httd.o)
                0x000000000800b744                HttpDaemon::HandleGet()
 .text._ZN10HttpDaemon10HandlePostEb
                0x000000000800b890      0x160 ../lib-remoteconfig/lib_gd32/libremoteconfig.a(httd.o)
                0x000000000800b890                HttpDaemon::HandlePost(bool)
 .text._ZN10HttpDaemon3RunEv
                0x000000000800b9f0      0x158 ../lib-remoteconfig/lib_gd32/libremoteconfig.a(httd.o)
                0x000000000800b9f0                HttpDaemon::Run()
 .text._ZN12remoteconfig13json_get_listEPct
                0x000000000800bb48       0x60 ../lib-remoteconfig/lib_gd32/libremoteconfig.a(remoteconfigjson.o)
                0x000000000800bb48                remoteconfig::json_get_list(char*, unsigned short)
 .text._ZN12remoteconfig16json_get_versionEPct
                0x000000000800bba8       0x38 ../lib-remoteconfig/lib_gd32/libremoteconfig.a(remoteconfigjson.o)
                0x000000000800bba8                remoteconfig::json_get_version(char*, unsigned short)
 .text._ZN12remoteconfig15json_get_uptimeEPct
                0x000000000800bbe0       0x20 ../lib-remoteconfig/lib_gd32/libremoteconfig.a(remoteconfigjson.o)
                0x000000000800bbe0                remoteconfig::json_get_uptime(char*, unsigned short)
 .text._ZN12remoteconfig16json_get_displayEPct
                0x000000000800bc00       0x20 ../lib-remoteconfig/lib_gd32/libremoteconfig.a(remoteconfigjson.o)
                0x000000000800bc00                remoteconfig::json_get_display(char*, unsigned short)
 .text._ZN12remoteconfig18json_get_directoryEPct
                0x000000000800bc20       0x10 ../lib-remoteconfig/lib_gd32/libremoteconfig.a(remoteconfigjson.o)
                0x000000000800bc20                remoteconfig::json_get_directory(char*, unsigned short)
 .text._Z16get_file_contentPKcPc
                0x000000000800bc30       0x4c ../lib-remoteconfig/lib_gd32/libremoteconfig.a(get_file_content.o)
                0x000000000800bc30                get_file_content(char const*, char*)
 .text._ZN4e131L24universe_to_multicast_ipEt
                0x000000000800bc7c       0x24 ../lib-e131/lib_gd32/libe131.a(e131bridge.o)
 .text._ZN8lightset4Data13IMergeSourceAEjPKhjNS_9MergeModeE.part.0
                0x000000000800bca0       0x28 ../lib-e131/lib_gd32/libe131.a(e131bridge.o)
 .text.memset.constprop.0.isra.0
                0x000000000800bcc8       0x10 ../lib-e131/lib_gd32/libe131.a(e131bridge.o)
 .text.memcpy.isra.0
                0x000000000800bcd8       0x14 ../lib-e131/lib_gd32/libe131.a(e131bridge.o)
 .text._ZN8lightset4Data3GetEv
                0x000000000800bcec       0x18 ../lib-e131/lib_gd32/libe131.a(e131bridge.o)
                0x000000000800bcec                lightset::Data::Get()
 .text._ZN8lightset4Data10SetSourceAEjPKhj
                0x000000000800bd04       0x3c ../lib-e131/lib_gd32/libe131.a(e131bridge.o)
                0x000000000800bd04                lightset::Data::SetSourceA(unsigned int, unsigned char const*, unsigned int)
 .text._ZN8lightset4Data12MergeSourceAEjPKhjNS_9MergeModeE
                0x000000000800bd40       0x52 ../lib-e131/lib_gd32/libe131.a(e131bridge.o)
                0x000000000800bd40                lightset::Data::MergeSourceA(unsigned int, unsigned char const*, unsigned int, lightset::MergeMode)
 .text._ZN8lightset4Data12MergeSourceBEjPKhjNS_9MergeModeE
                0x000000000800bd92       0x54 ../lib-e131/lib_gd32/libe131.a(e131bridge.o)
                0x000000000800bd92                lightset::Data::MergeSourceB(unsigned int, unsigned char const*, unsigned int, lightset::MergeMode)
 *fill*         0x000000000800bde6        0x2 
 .text._ZN10E131BridgeC2Ev
                0x000000000800bde8       0xd4 ../lib-e131/lib_gd32/libe131.a(e131bridge.o)
                0x000000000800bde8                E131Bridge::E131Bridge()
                0x000000000800bde8                E131Bridge::E131Bridge()
 .text._ZN10E131Bridge5StartEv
                0x000000000800bebc       0x7c ../lib-e131/lib_gd32/libe131.a(e131bridge.o)
                0x000000000800bebc                E131Bridge::Start()
 .text._ZN10E131Bridge4StopEv
                0x000000000800bf38       0x74 ../lib-e131/lib_gd32/libe131.a(e131bridge.o)
                0x000000000800bf38                E131Bridge::Stop()
 .text._ZN10E131Bridge13LeaveUniverseEjt
                0x000000000800bfac       0x44 ../lib-e131/lib_gd32/libe131.a(e131bridge.o)
                0x000000000800bfac                E131Bridge::LeaveUniverse(unsigned int, unsigned short)
 .text._ZN10E131Bridge25SetSynchronizationAddressEbbt
                0x000000000800bff0       0x54 ../lib-e131/lib_gd32/libe131.a(e131bridge.o)
                0x000000000800bff0                E131Bridge::SetSynchronizationAddress(bool, bool, unsigned short)
 .text._ZN10E131Bridge11SetUniverseEjN8lightset7PortDirEt
                0x000000000800c044       0xf4 ../lib-e131/lib_gd32/libe131.a(e131bridge.o)
                0x000000000800c044                E131Bridge::SetUniverse(unsigned int, lightset::PortDir, unsigned short)
 .text._ZNK10E131Bridge11GetUniverseEjRtN8lightset7PortDirE
                0x000000000800c138       0x32 ../lib-e131/lib_gd32/libe131.a(e131bridge.o)
                0x000000000800c138                E131Bridge::GetUniverse(unsigned int, unsigned short&, lightset::PortDir) const
 .text._ZN10E131Bridge17UpdateMergeStatusEj
                0x000000000800c16a       0x1e ../lib-e131/lib_gd32/libe131.a(e131bridge.o)
                0x000000000800c16a                E131Bridge::UpdateMergeStatus(unsigned int)
 .text._ZN10E131Bridge18CheckMergeTimeoutsEj
                0x000000000800c188       0x84 ../lib-e131/lib_gd32/libe131.a(e131bridge.o)
                0x000000000800c188                E131Bridge::CheckMergeTimeouts(unsigned int)
 .text._ZNK10E131Bridge17IsPriorityTimeOutEj
                0x000000000800c20c       0x4a ../lib-e131/lib_gd32/libe131.a(e131bridge.o)
                0x000000000800c20c                E131Bridge::IsPriorityTimeOut(unsigned int) const
 .text._ZNK10E131Bridge12isIpCidMatchEPKN10e131bridge6SourceE
                0x000000000800c256       0x2a ../lib-e131/lib_gd32/libe131.a(e131bridge.o)
                0x000000000800c256                E131Bridge::isIpCidMatch(e131bridge::Source const*) const
 .text._ZN10E131Bridge27SetNetworkDataLossConditionEbb
                0x000000000800c280      0x12c ../lib-e131/lib_gd32/libe131.a(e131bridge.o)
                0x000000000800c280                E131Bridge::SetNetworkDataLossCondition(bool, bool)
 .text._ZN10E131Bridge9HandleDmxEv
                0x000000000800c3ac      0x300 ../lib-e131/lib_gd32/libe131.a(e131bridge.o)
                0x000000000800c3ac                E131Bridge::HandleDmx()
 .text._ZN10E131Bridge11IsValidRootEv
                0x000000000800c6ac       0x3c ../lib-e131/lib_gd32/libe131.a(e131bridge.o)
                0x000000000800c6ac                E131Bridge::IsValidRoot()
 .text._ZN10E131Bridge17IsValidDataPacketEv
                0x000000000800c6e8       0x28 ../lib-e131/lib_gd32/libe131.a(e131bridge.o)
                0x000000000800c6e8                E131Bridge::IsValidDataPacket()
 .text._ZN10E131Bridge3RunEv
                0x000000000800c710      0x110 ../lib-e131/lib_gd32/libe131.a(e131bridge.o)
                0x000000000800c710                E131Bridge::Run()
 .text._ZN10E131Bridge19FillDiscoveryPacketEv
                0x000000000800c820       0xd8 ../lib-e131/lib_gd32/libe131.a(e131bridgediscoverypacket.o)
                0x000000000800c820                E131Bridge::FillDiscoveryPacket()
 .text._ZN10E131Bridge19SendDiscoveryPacketEv
                0x000000000800c8f8       0x62 ../lib-e131/lib_gd32/libe131.a(e131bridgediscoverypacket.o)
                0x000000000800c8f8                E131Bridge::SendDiscoveryPacket()
 .text.memcpy.isra.0
                0x000000000800c95a       0x14 ../lib-e131/lib_gd32/libe131.a(e131bridgehandledmxin.o)
 *fill*         0x000000000800c96e        0x2 
 .text._ZN10E131Bridge14FillDataPacketEv
                0x000000000800c970       0x8c ../lib-e131/lib_gd32/libe131.a(e131bridgehandledmxin.o)
                0x000000000800c970                E131Bridge::FillDataPacket()
 .text._ZN10E131Bridge11HandleDmxInEv
                0x000000000800c9fc       0xf8 ../lib-e131/lib_gd32/libe131.a(e131bridgehandledmxin.o)
                0x000000000800c9fc                E131Bridge::HandleDmxIn()
 .text._ZN10E131Bridge21HandleSynchronizationEv
                0x000000000800caf4       0xbc ../lib-e131/lib_gd32/libe131.a(e131bridgehandlesynchronization.o)
                0x000000000800caf4                E131Bridge::HandleSynchronization()
 .text._ZN10E131Bridge5PrintEv
                0x000000000800cbb0       0xf4 ../lib-e131/lib_gd32/libe131.a(e131bridgeprint.o)
                0x000000000800cbb0                E131Bridge::Print()
 .text.memcmp   0x000000000800cca4       0x28 ../lib-e131/lib_gd32/libe131.a(e131params.o)
 .text._ZN17PropertiesBuilder3AddIPKcEEbS2_T_bj.isra.0
                0x000000000800cccc       0x50 ../lib-e131/lib_gd32/libe131.a(e131params.o)
 .text._ZN10E131ParamsC2EP15E131ParamsStore
                0x000000000800cd1c       0x48 ../lib-e131/lib_gd32/libe131.a(e131params.o)
                0x000000000800cd1c                E131Params::E131Params(E131ParamsStore*)
                0x000000000800cd1c                E131Params::E131Params(E131ParamsStore*)
 .text._ZN10E131Params4LoadEv
                0x000000000800cd64       0x18 ../lib-e131/lib_gd32/libe131.a(e131params.o)
                0x000000000800cd64                E131Params::Load()
 .text._ZN10E131Params4LoadEPKcj
                0x000000000800cd7c       0x40 ../lib-e131/lib_gd32/libe131.a(e131params.o)
                0x000000000800cd7c                E131Params::Load(char const*, unsigned int)
 .text._ZN10E131Params16callbackFunctionEPKc
                0x000000000800cdbc      0x298 ../lib-e131/lib_gd32/libe131.a(e131params.o)
                0x000000000800cdbc                E131Params::callbackFunction(char const*)
 .text._ZN10E131Params22staticCallbackFunctionEPvPKc
                0x000000000800d054        0x4 ../lib-e131/lib_gd32/libe131.a(e131params.o)
                0x000000000800d054                E131Params::staticCallbackFunction(void*, char const*)
 .text._ZN10E131Params7BuilderEPKN10e131params6ParamsEPcjRj
                0x000000000800d058      0x2b0 ../lib-e131/lib_gd32/libe131.a(e131params.o)
                0x000000000800d058                E131Params::Builder(e131params::Params const*, char*, unsigned int, unsigned int&)
 .text._ZN10E131Params4SaveEPcjRj
                0x000000000800d308       0x1a ../lib-e131/lib_gd32/libe131.a(e131params.o)
                0x000000000800d308                E131Params::Save(char*, unsigned int, unsigned int&)
 *fill*         0x000000000800d322        0x2 
 .text._ZN10E131Params3SetEj
                0x000000000800d324       0xb0 ../lib-e131/lib_gd32/libe131.a(e131params.o)
                0x000000000800d324                E131Params::Set(unsigned int)
 .text._ZN10E131Params4DumpEv
                0x000000000800d3d4        0x2 ../lib-e131/lib_gd32/libe131.a(e131paramsdump.o)
                0x000000000800d3d4                E131Params::Dump()
 .text._ZN10LLRPDeviceD2Ev
                0x000000000800d3d6        0x2 ../lib-rdmnet/lib_gd32/librdmnet.a(llrpdevice.o)
                0x000000000800d3d6                LLRPDevice::~LLRPDevice()
                0x000000000800d3d6                LLRPDevice::~LLRPDevice()
 .text._ZN10LLRPDevice7CopyUIDEPh
                0x000000000800d3d8        0x2 ../lib-rdmnet/lib_gd32/librdmnet.a(llrpdevice.o)
                0x000000000800d3d8                LLRPDevice::CopyUID(unsigned char*)
 .text._ZN10LLRPDevice7CopyCIDEPh
                0x000000000800d3da        0x2 ../lib-rdmnet/lib_gd32/librdmnet.a(llrpdevice.o)
                0x000000000800d3da                LLRPDevice::CopyCID(unsigned char*)
 .text._ZN10LLRPDevice20LLRPHandleRdmCommandEPKh
                0x000000000800d3dc        0x4 ../lib-rdmnet/lib_gd32/librdmnet.a(llrpdevice.o)
                0x000000000800d3dc                LLRPDevice::LLRPHandleRdmCommand(unsigned char const*)
 .text._ZN10LLRPDeviceD0Ev
                0x000000000800d3e0        0xc ../lib-rdmnet/lib_gd32/librdmnet.a(llrpdevice.o)
                0x000000000800d3e0                LLRPDevice::~LLRPDevice()
 .text.memcpy.isra.0
                0x000000000800d3ec       0x14 ../lib-rdmnet/lib_gd32/librdmnet.a(llrpdevice.o)
 .text._ZN10LLRPDeviceC2Ev
                0x000000000800d400       0x40 ../lib-rdmnet/lib_gd32/librdmnet.a(llrpdevice.o)
                0x000000000800d400                LLRPDevice::LLRPDevice()
                0x000000000800d400                LLRPDevice::LLRPDevice()
 .text._ZN10LLRPDevice20HandleRequestMessageEv
                0x000000000800d440       0xa4 ../lib-rdmnet/lib_gd32/librdmnet.a(llrpdevice.o)
                0x000000000800d440                LLRPDevice::HandleRequestMessage()
 .text._ZN10LLRPDevice16HandleRdmCommandEv
                0x000000000800d4e4       0xa0 ../lib-rdmnet/lib_gd32/librdmnet.a(llrpdevice.o)
                0x000000000800d4e4                LLRPDevice::HandleRdmCommand()
 .text._ZN10LLRPDevice3RunEv
                0x000000000800d584       0x4c ../lib-rdmnet/lib_gd32/librdmnet.a(llrpdevice.o)
                0x000000000800d584                LLRPDevice::Run()
 .text._ZN10LLRPDevice5PrintEv
                0x000000000800d5d0       0x60 ../lib-rdmnet/lib_gd32/librdmnet.a(llrpdevice.o)
                0x000000000800d5d0                LLRPDevice::Print()
 .text._ZN12RDMNetDevice5PrintEv
                0x000000000800d630       0x40 ../lib-rdmnet/lib_gd32/librdmnet.a(rdmnetdevice.o)
                0x000000000800d630                RDMNetDevice::Print()
 .text._ZN10RDMSensorsC2Ev
                0x000000000800d670       0x10 ../lib-rdmsensor/lib_gd32/librdmsensor.a(rdmsensors.o)
                0x000000000800d670                RDMSensors::RDMSensors()
                0x000000000800d670                RDMSensors::RDMSensors()
 .text._ZN10RDMSensorsD2Ev
                0x000000000800d680       0x30 ../lib-rdmsensor/lib_gd32/librdmsensor.a(rdmsensors.o)
                0x000000000800d680                RDMSensors::~RDMSensors()
                0x000000000800d680                RDMSensors::~RDMSensors()
 .text._ZN13RDMSubDevicesC2Ev
                0x000000000800d6b0       0x10 ../lib-rdmsubdevice/lib_gd32/librdmsubdevice.a(rdmsubdevices.o)
                0x000000000800d6b0                RDMSubDevices::RDMSubDevices()
                0x000000000800d6b0                RDMSubDevices::RDMSubDevices()
 .text._ZN13RDMSubDevicesD2Ev
                0x000000000800d6c0       0x30 ../lib-rdmsubdevice/lib_gd32/librdmsubdevice.a(rdmsubdevices.o)
                0x000000000800d6c0                RDMSubDevices::~RDMSubDevices()
                0x000000000800d6c0                RDMSubDevices::~RDMSubDevices()
 .text._ZN13RDMSubDevices7GetInfoEt
                0x000000000800d6f0       0x10 ../lib-rdmsubdevice/lib_gd32/librdmsubdevice.a(rdmsubdevices.o)
                0x000000000800d6f0                RDMSubDevices::GetInfo(unsigned short)
 .text._ZN13RDMSubDevices8GetLabelEtP18TRDMDeviceInfoData
                0x000000000800d700       0x12 ../lib-rdmsubdevice/lib_gd32/librdmsubdevice.a(rdmsubdevices.o)
                0x000000000800d700                RDMSubDevices::GetLabel(unsigned short, TRDMDeviceInfoData*)
 .text._ZN13RDMSubDevices8SetLabelEtPKch
                0x000000000800d712       0x1c ../lib-rdmsubdevice/lib_gd32/librdmsubdevice.a(rdmsubdevices.o)
                0x000000000800d712                RDMSubDevices::SetLabel(unsigned short, char const*, unsigned char)
 .text._ZN13RDMSubDevices18GetFactoryDefaultsEv
                0x000000000800d72e       0x26 ../lib-rdmsubdevice/lib_gd32/librdmsubdevice.a(rdmsubdevices.o)
                0x000000000800d72e                RDMSubDevices::GetFactoryDefaults()
 .text._ZN13RDMSubDevices18SetFactoryDefaultsEv
                0x000000000800d754       0x1e ../lib-rdmsubdevice/lib_gd32/librdmsubdevice.a(rdmsubdevices.o)
                0x000000000800d754                RDMSubDevices::SetFactoryDefaults()
 .text._ZN12RDMSubDevice8GetLabelEP18TRDMDeviceInfoData
                0x000000000800d772        0xe ../lib-rdmsubdevice/lib_gd32/librdmsubdevice.a(rdmsubdevice.o)
                0x000000000800d772                RDMSubDevice::GetLabel(TRDMDeviceInfoData*)
 .text._ZN12RDMSubDevice8SetLabelEPKc
                0x000000000800d780       0x1c ../lib-rdmsubdevice/lib_gd32/librdmsubdevice.a(rdmsubdevice.o)
                0x000000000800d780                RDMSubDevice::SetLabel(char const*)
 .text._ZN12RDMSubDevice8SetLabelEPKch
                0x000000000800d79c       0x1e ../lib-rdmsubdevice/lib_gd32/librdmsubdevice.a(rdmsubdevice.o)
                0x000000000800d79c                RDMSubDevice::SetLabel(char const*, unsigned char)
 .text._ZN12RDMSubDevice18SetFactoryDefaultsEv
                0x000000000800d7ba       0x1c ../lib-rdmsubdevice/lib_gd32/librdmsubdevice.a(rdmsubdevice.o)
                0x000000000800d7ba                RDMSubDevice::SetFactoryDefaults()
 .text._ZN12RDMSubDevice17CalculateChecksumEv
                0x000000000800d7d6       0x30 ../lib-rdmsubdevice/lib_gd32/librdmsubdevice.a(rdmsubdevice.o)
                0x000000000800d7d6                RDMSubDevice::CalculateChecksum()
 .text._ZN12RDMSubDevice18GetFactoryDefaultsEv
                0x000000000800d806       0x1a ../lib-rdmsubdevice/lib_gd32/librdmsubdevice.a(rdmsubdevice.o)
                0x000000000800d806                RDMSubDevice::GetFactoryDefaults()
 .text.memcpy.isra.0
                0x000000000800d820        0x4 ../lib-rdm/lib_gd32/librdm.a(rdmdeviceparams.o)
 .text._ZN15RDMDeviceParamsC2EP20RDMDeviceParamsStore
                0x000000000800d824       0x24 ../lib-rdm/lib_gd32/librdm.a(rdmdeviceparams.o)
                0x000000000800d824                RDMDeviceParams::RDMDeviceParams(RDMDeviceParamsStore*)
                0x000000000800d824                RDMDeviceParams::RDMDeviceParams(RDMDeviceParamsStore*)
 .text._ZN15RDMDeviceParams4LoadEv
                0x000000000800d848       0x16 ../lib-rdm/lib_gd32/librdm.a(rdmdeviceparams.o)
                0x000000000800d848                RDMDeviceParams::Load()
 .text._ZN15RDMDeviceParams3SetEP9RDMDevice
                0x000000000800d85e       0x6e ../lib-rdm/lib_gd32/librdm.a(rdmdeviceparams.o)
                0x000000000800d85e                RDMDeviceParams::Set(RDMDevice*)
 .text._ZN15RDMDeviceParams4DumpEv
                0x000000000800d8cc        0x2 ../lib-rdm/lib_gd32/librdm.a(rdmdeviceparams.o)
                0x000000000800d8cc                RDMDeviceParams::Dump()
 .text._ZN18RDMDeviceResponder17PersonalityUpdateEP8LightSet
                0x000000000800d8ce        0x2 ../lib-rdm/lib_gd32/librdm.a(rdmdeviceresponder.o)
                0x000000000800d8ce                RDMDeviceResponder::PersonalityUpdate(LightSet*)
 .text._ZN18RDMDeviceResponder21DmxStartAddressUpdateEv
                0x000000000800d8d0        0x2 ../lib-rdm/lib_gd32/librdm.a(rdmdeviceresponder.o)
                0x000000000800d8d0                RDMDeviceResponder::DmxStartAddressUpdate()
 *fill*         0x000000000800d8d2        0x2 
 .text._ZN18RDMDeviceResponderD2Ev
                0x000000000800d8d4       0x20 ../lib-rdm/lib_gd32/librdm.a(rdmdeviceresponder.o)
                0x000000000800d8d4                RDMDeviceResponder::~RDMDeviceResponder()
                0x000000000800d8d4                RDMDeviceResponder::~RDMDeviceResponder()
 .text._ZN18RDMDeviceResponderD0Ev
                0x000000000800d8f4       0x12 ../lib-rdm/lib_gd32/librdm.a(rdmdeviceresponder.o)
                0x000000000800d8f4                RDMDeviceResponder::~RDMDeviceResponder()
 *fill*         0x000000000800d906        0x2 
 .text._ZN18RDMDeviceResponderC2EPP14RDMPersonalityj
                0x000000000800d908       0x9c ../lib-rdm/lib_gd32/librdm.a(rdmdeviceresponder.o)
                0x000000000800d908                RDMDeviceResponder::RDMDeviceResponder(RDMPersonality**, unsigned int)
                0x000000000800d908                RDMDeviceResponder::RDMDeviceResponder(RDMPersonality**, unsigned int)
 .text._ZN18RDMDeviceResponder4InitEv
                0x000000000800d9a4      0x128 ../lib-rdm/lib_gd32/librdm.a(rdmdeviceresponder.o)
                0x000000000800d9a4                RDMDeviceResponder::Init()
 .text._ZN18RDMDeviceResponder5PrintEv
                0x000000000800dacc       0x9c ../lib-rdm/lib_gd32/librdm.a(rdmdeviceresponder.o)
                0x000000000800dacc                RDMDeviceResponder::Print()
 .text.memcmp   0x000000000800db68       0x20 ../lib-rdm/lib_gd32/librdm.a(rdmhandler.o)
 .text.memcpy.isra.0
                0x000000000800db88       0x14 ../lib-rdm/lib_gd32/librdm.a(rdmhandler.o)
 .text._ZN9RDMDevice8SetLabelEPK18TRDMDeviceInfoData
                0x000000000800db9c       0x44 ../lib-rdm/lib_gd32/librdm.a(rdmhandler.o)
                0x000000000800db9c                RDMDevice::SetLabel(TRDMDeviceInfoData const*)
 .text._ZN18RDMDeviceResponder18SetFactoryDefaultsEv
                0x000000000800dbe0      0x100 ../lib-rdm/lib_gd32/librdm.a(rdmhandler.o)
                0x000000000800dbe0                RDMDeviceResponder::SetFactoryDefaults()
 .text._ZN10RDMHandlerC2Eb
                0x000000000800dce0        0xc ../lib-rdm/lib_gd32/librdm.a(rdmhandler.o)
                0x000000000800dce0                RDMHandler::RDMHandler(bool)
                0x000000000800dce0                RDMHandler::RDMHandler(bool)
 .text._ZN10RDMHandler12HandleStringEPKcj
                0x000000000800dcec       0x18 ../lib-rdm/lib_gd32/librdm.a(rdmhandler.o)
                0x000000000800dcec                RDMHandler::HandleString(char const*, unsigned int)
 .text._ZN10RDMHandler20CreateRespondMessageEht
                0x000000000800dd04       0x98 ../lib-rdm/lib_gd32/librdm.a(rdmhandler.o)
                0x000000000800dd04                RDMHandler::CreateRespondMessage(unsigned char, unsigned short)
 .text._ZN10RDMHandler17RespondMessageAckEv
                0x000000000800dd9c       0x12 ../lib-rdm/lib_gd32/librdm.a(rdmhandler.o)
                0x000000000800dd9c                RDMHandler::RespondMessageAck()
 *fill*         0x000000000800ddae        0x2 
 .text._ZN10RDMHandler13GetDeviceInfoEt
                0x000000000800ddb0       0x68 ../lib-rdm/lib_gd32/librdm.a(rdmhandler.o)
                0x000000000800ddb0                RDMHandler::GetDeviceInfo(unsigned short)
 .text._ZN10RDMHandler18GetFactoryDefaultsEt
                0x000000000800de18       0x80 ../lib-rdm/lib_gd32/librdm.a(rdmhandler.o)
                0x000000000800de18                RDMHandler::GetFactoryDefaults(unsigned short)
 .text._ZN10RDMHandler25GetDeviceModelDescriptionEt
                0x000000000800de98       0x1c ../lib-rdm/lib_gd32/librdm.a(rdmhandler.o)
                0x000000000800de98                RDMHandler::GetDeviceModelDescription(unsigned short)
 .text._ZN10RDMHandler20GetManufacturerLabelEt
                0x000000000800deb4       0x20 ../lib-rdm/lib_gd32/librdm.a(rdmhandler.o)
                0x000000000800deb4                RDMHandler::GetManufacturerLabel(unsigned short)
 .text._ZN10RDMHandler14GetDeviceLabelEt
                0x000000000800ded4       0x3c ../lib-rdm/lib_gd32/librdm.a(rdmhandler.o)
                0x000000000800ded4                RDMHandler::GetDeviceLabel(unsigned short)
 .text._ZN10RDMHandler17GetIdentifyDeviceEt
                0x000000000800df10       0x14 ../lib-rdm/lib_gd32/librdm.a(rdmhandler.o)
                0x000000000800df10                RDMHandler::GetIdentifyDevice(unsigned short)
 .text._ZN10RDMHandler18RespondMessageNackEt
                0x000000000800df24        0x8 ../lib-rdm/lib_gd32/librdm.a(rdmhandler.o)
                0x000000000800df24                RDMHandler::RespondMessageNack(unsigned short)
 .text._ZN10RDMHandler14SetResetDeviceEbt
                0x000000000800df2c       0x48 ../lib-rdm/lib_gd32/librdm.a(rdmhandler.o)
                0x000000000800df2c                RDMHandler::SetResetDevice(bool, unsigned short)
 .text._ZN10RDMHandler17SetIdentifyDeviceEbt
                0x000000000800df74       0x7c ../lib-rdm/lib_gd32/librdm.a(rdmhandler.o)
                0x000000000800df74                RDMHandler::SetIdentifyDevice(bool, unsigned short)
 .text._ZN10RDMHandler18SetFactoryDefaultsEbt
                0x000000000800dff0       0x34 ../lib-rdm/lib_gd32/librdm.a(rdmhandler.o)
                0x000000000800dff0                RDMHandler::SetFactoryDefaults(bool, unsigned short)
 .text._ZN10RDMHandler14SetDeviceLabelEbt
                0x000000000800e024       0x58 ../lib-rdm/lib_gd32/librdm.a(rdmhandler.o)
                0x000000000800e024                RDMHandler::SetDeviceLabel(bool, unsigned short)
 .text._ZN10RDMHandler8HandlersEbhtht
                0x000000000800e07c       0xe0 ../lib-rdm/lib_gd32/librdm.a(rdmhandler.o)
                0x000000000800e07c                RDMHandler::Handlers(bool, unsigned char, unsigned short, unsigned char, unsigned short)
 .text._ZN10RDMHandler10HandleDataEPKhPh
                0x000000000800e15c      0x19c ../lib-rdm/lib_gd32/librdm.a(rdmhandler.o)
                0x000000000800e15c                RDMHandler::HandleData(unsigned char const*, unsigned char*)
 .text._ZN11RDMIdentifyC2Ev
                0x000000000800e2f8        0xc ../lib-rdm/lib_gd32/librdm.a(rdmidentify.o)
                0x000000000800e2f8                RDMIdentify::RDMIdentify()
                0x000000000800e2f8                RDMIdentify::RDMIdentify()
 .text._ZN11RDMIdentify2OnEN3rdm8identify4ModeE
                0x000000000800e304        0x2 ../lib-rdm/lib_gd32/librdm.a(rdmidentify.o)
                0x000000000800e304                RDMIdentify::On(rdm::identify::Mode)
 .text._ZN11RDMIdentify3OffEN3rdm8identify4ModeE
                0x000000000800e306        0x2 ../lib-rdm/lib_gd32/librdm.a(rdmidentify.o)
                0x000000000800e306                RDMIdentify::Off(rdm::identify::Mode)
 .text.memcpy.constprop.0.isra.0
                0x000000000800e308       0x14 ../lib-rdm/lib_gd32/librdm.a(rdmhandlere1372.o)
 .text._ZN10RDMHandler16GetInterfaceListEt
                0x000000000800e31c       0x28 ../lib-rdm/lib_gd32/librdm.a(rdmhandlere1372.o)
                0x000000000800e31c                RDMHandler::GetInterfaceList(unsigned short)
 .text._ZN10RDMHandler16GetInterfaceNameEt
                0x000000000800e344       0x4c ../lib-rdm/lib_gd32/librdm.a(rdmhandlere1372.o)
                0x000000000800e344                RDMHandler::GetInterfaceName(unsigned short)
 .text._ZN10RDMHandler18GetHardwareAddressEt
                0x000000000800e390       0x30 ../lib-rdm/lib_gd32/librdm.a(rdmhandlere1372.o)
                0x000000000800e390                RDMHandler::GetHardwareAddress(unsigned short)
 .text._ZN10RDMHandler11GetDHCPModeEt
                0x000000000800e3c0       0x2c ../lib-rdm/lib_gd32/librdm.a(rdmhandlere1372.o)
                0x000000000800e3c0                RDMHandler::GetDHCPMode(unsigned short)
 .text._ZN10RDMHandler11SetDHCPModeEbt
                0x000000000800e3ec       0x48 ../lib-rdm/lib_gd32/librdm.a(rdmhandlere1372.o)
                0x000000000800e3ec                RDMHandler::SetDHCPMode(bool, unsigned short)
 .text._ZN10RDMHandler14GetNameServersEt
                0x000000000800e434       0x22 ../lib-rdm/lib_gd32/librdm.a(rdmhandlere1372.o)
                0x000000000800e434                RDMHandler::GetNameServers(unsigned short)
 *fill*         0x000000000800e456        0x2 
 .text._ZN10RDMHandler11GetZeroconfEt
                0x000000000800e458       0x30 ../lib-rdm/lib_gd32/librdm.a(rdmhandlere1372.o)
                0x000000000800e458                RDMHandler::GetZeroconf(unsigned short)
 .text._ZN10RDMHandler11SetZeroconfEbt
                0x000000000800e488       0x48 ../lib-rdm/lib_gd32/librdm.a(rdmhandlere1372.o)
                0x000000000800e488                RDMHandler::SetZeroconf(bool, unsigned short)
 .text._ZN10RDMHandler9RenewDhcpEbt
                0x000000000800e4d0       0x2c ../lib-rdm/lib_gd32/librdm.a(rdmhandlere1372.o)
                0x000000000800e4d0                RDMHandler::RenewDhcp(bool, unsigned short)
 .text._ZN10RDMHandler17GetAddressNetmaskEt
                0x000000000800e4fc       0x48 ../lib-rdm/lib_gd32/librdm.a(rdmhandlere1372.o)
                0x000000000800e4fc                RDMHandler::GetAddressNetmask(unsigned short)
 .text._ZN10RDMHandler16GetStaticAddressEt
                0x000000000800e544       0x44 ../lib-rdm/lib_gd32/librdm.a(rdmhandlere1372.o)
                0x000000000800e544                RDMHandler::GetStaticAddress(unsigned short)
 .text._ZN10RDMHandler16SetStaticAddressEbt
                0x000000000800e588       0x4c ../lib-rdm/lib_gd32/librdm.a(rdmhandlere1372.o)
                0x000000000800e588                RDMHandler::SetStaticAddress(bool, unsigned short)
 .text._ZN10RDMHandler18ApplyConfigurationEbt
                0x000000000800e5d4       0x28 ../lib-rdm/lib_gd32/librdm.a(rdmhandlere1372.o)
                0x000000000800e5d4                RDMHandler::ApplyConfiguration(bool, unsigned short)
 .text._ZN10RDMHandler15GetDefaultRouteEt
                0x000000000800e5fc       0x38 ../lib-rdm/lib_gd32/librdm.a(rdmhandlere1372.o)
                0x000000000800e5fc                RDMHandler::GetDefaultRoute(unsigned short)
 .text._ZN10RDMHandler15SetDefaultRouteEbt
                0x000000000800e634        0x6 ../lib-rdm/lib_gd32/librdm.a(rdmhandlere1372.o)
                0x000000000800e634                RDMHandler::SetDefaultRoute(bool, unsigned short)
 *fill*         0x000000000800e63a        0x2 
 .text._ZN10RDMHandler11GetHostNameEt
                0x000000000800e63c       0x30 ../lib-rdm/lib_gd32/librdm.a(rdmhandlere1372.o)
                0x000000000800e63c                RDMHandler::GetHostName(unsigned short)
 .text._ZN10RDMHandler11SetHostNameEbt
                0x000000000800e66c       0x34 ../lib-rdm/lib_gd32/librdm.a(rdmhandlere1372.o)
                0x000000000800e66c                RDMHandler::SetHostName(bool, unsigned short)
 .text._ZN10RDMHandler13GetDomainNameEt
                0x000000000800e6a0       0x30 ../lib-rdm/lib_gd32/librdm.a(rdmhandlere1372.o)
                0x000000000800e6a0                RDMHandler::GetDomainName(unsigned short)
 .text._ZN10RDMHandler13SetDomainNameEbt
                0x000000000800e6d0        0x6 ../lib-rdm/lib_gd32/librdm.a(rdmhandlere1372.o)
                0x000000000800e6d0                RDMHandler::SetDomainName(bool, unsigned short)
 *fill*         0x000000000800e6d6        0x2 
 .text._ZN9RDMDeviceC2Ev
                0x000000000800e6d8       0xe8 ../lib-rdm/lib_gd32/librdm.a(rdmdevice.o)
                0x000000000800e6d8                RDMDevice::RDMDevice()
                0x000000000800e6d8                RDMDevice::RDMDevice()
 .text._ZN9RDMDevice5PrintEv
                0x000000000800e7c0       0x84 ../lib-rdm/lib_gd32/librdm.a(rdmdevice.o)
                0x000000000800e7c0                RDMDevice::Print()
 .text.uuid_unparse_x
                0x000000000800e844       0x86 ../lib-uuid/lib_gd32/libuuid.a(uuid_unparse.o)
 *fill*         0x000000000800e8ca        0x2 
 .text.uuid_unparse
                0x000000000800e8cc        0xc ../lib-uuid/lib_gd32/libuuid.a(uuid_unparse.o)
                0x000000000800e8cc                uuid_unparse
 .text._ZN7DmxSendD2Ev
                0x000000000800e8d8        0x2 ../lib-dmxsend/lib_gd32/libdmxsend.a(dmxsend.o)
                0x000000000800e8d8                DmxSend::~DmxSend()
                0x000000000800e8d8                DmxSend::~DmxSend()
 *fill*         0x000000000800e8da        0x2 
 .text._ZN7DmxSend5StartEj
                0x000000000800e8dc       0x30 ../lib-dmxsend/lib_gd32/libdmxsend.a(dmxsend.o)
                0x000000000800e8dc                DmxSend::Start(unsigned int)
 .text._ZN7DmxSend4StopEj
                0x000000000800e90c       0x38 ../lib-dmxsend/lib_gd32/libdmxsend.a(dmxsend.o)
                0x000000000800e90c                DmxSend::Stop(unsigned int)
 .text._ZN7DmxSend7SetDataEjPKhj
                0x000000000800e944       0x10 ../lib-dmxsend/lib_gd32/libdmxsend.a(dmxsend.o)
                0x000000000800e944                DmxSend::SetData(unsigned int, unsigned char const*, unsigned int)
 .text._ZN7DmxSend8BlackoutEb
                0x000000000800e954        0xc ../lib-dmxsend/lib_gd32/libdmxsend.a(dmxsend.o)
                0x000000000800e954                DmxSend::Blackout(bool)
 .text._ZN7DmxSend6FullOnEv
                0x000000000800e960        0xc ../lib-dmxsend/lib_gd32/libdmxsend.a(dmxsend.o)
                0x000000000800e960                DmxSend::FullOn()
 .text._ZN7DmxSend5PrintEv
                0x000000000800e96c       0x58 ../lib-dmxsend/lib_gd32/libdmxsend.a(dmxsend.o)
                0x000000000800e96c                DmxSend::Print()
 .text._ZN7DmxSendD0Ev
                0x000000000800e9c4        0xc ../lib-dmxsend/lib_gd32/libdmxsend.a(dmxsend.o)
                0x000000000800e9c4                DmxSend::~DmxSend()
 .text._ZN17PropertiesBuilder3AddItEEbPKcT_bj.isra.0
                0x000000000800e9d0       0x50 ../lib-dmx/lib_gd32/libdmx.a(dmxparams.o)
 .text._ZN9DmxParamsC2EP14DmxParamsStore
                0x000000000800ea20       0x18 ../lib-dmx/lib_gd32/libdmx.a(dmxparams.o)
                0x000000000800ea20                DmxParams::DmxParams(DmxParamsStore*)
                0x000000000800ea20                DmxParams::DmxParams(DmxParamsStore*)
 .text._ZN9DmxParams4LoadEv
                0x000000000800ea38       0x18 ../lib-dmx/lib_gd32/libdmx.a(dmxparams.o)
                0x000000000800ea38                DmxParams::Load()
 .text._ZN9DmxParams4LoadEPKcj
                0x000000000800ea50       0x40 ../lib-dmx/lib_gd32/libdmx.a(dmxparams.o)
                0x000000000800ea50                DmxParams::Load(char const*, unsigned int)
 .text._ZN9DmxParams16callbackFunctionEPKc
                0x000000000800ea90       0xcc ../lib-dmx/lib_gd32/libdmx.a(dmxparams.o)
                0x000000000800ea90                DmxParams::callbackFunction(char const*)
 .text._ZN9DmxParams22staticCallbackFunctionEPvPKc
                0x000000000800eb5c        0x4 ../lib-dmx/lib_gd32/libdmx.a(dmxparams.o)
                0x000000000800eb5c                DmxParams::staticCallbackFunction(void*, char const*)
 .text._ZN9DmxParams7BuilderEPK10TDmxParamsPcjRj
                0x000000000800eb60      0x104 ../lib-dmx/lib_gd32/libdmx.a(dmxparams.o)
                0x000000000800eb60                DmxParams::Builder(TDmxParams const*, char*, unsigned int, unsigned int&)
 .text._ZN9DmxParams4SaveEPcjRj
                0x000000000800ec64       0x1a ../lib-dmx/lib_gd32/libdmx.a(dmxparams.o)
                0x000000000800ec64                DmxParams::Save(char*, unsigned int, unsigned int&)
 *fill*         0x000000000800ec7e        0x2 
 .text._ZN9DmxParams3SetEP3Dmx
                0x000000000800ec80       0x5c ../lib-dmx/lib_gd32/libdmx.a(dmxparams.o)
                0x000000000800ec80                DmxParams::Set(Dmx*)
 .text._ZN9DmxParams4DumpEv
                0x000000000800ecdc        0x2 ../lib-dmx/lib_gd32/libdmx.a(dmxparams.o)
                0x000000000800ecdc                DmxParams::Dump()
 .text._ZL17_gpio_mode_outputjj
                0x000000000800ecde       0x20 ../lib-dmx/lib_gd32/libdmx.a(dmx.o)
 *fill*         0x000000000800ecfe        0x2 
 .text._ZL13_port_to_uartj
                0x000000000800ed00       0x18 ../lib-dmx/lib_gd32/libdmx.a(dmx.o)
 .text.TIMER1_IRQHandler
                0x000000000800ed18      0x148 ../lib-dmx/lib_gd32/libdmx.a(dmx.o)
                0x000000000800ed18                TIMER1_IRQHandler
 .text._ZN3Dmx9ClearDataEj
                0x000000000800ee60       0x30 ../lib-dmx/lib_gd32/libdmx.a(dmx.o)
                0x000000000800ee60                Dmx::ClearData(unsigned int)
 .text._ZN3Dmx9StartDataEjj
                0x000000000800ee90      0x138 ../lib-dmx/lib_gd32/libdmx.a(dmx.o)
                0x000000000800ee90                Dmx::StartData(unsigned int, unsigned int)
 .text._ZN3Dmx8StopDataEjj
                0x000000000800efc8       0x8c ../lib-dmx/lib_gd32/libdmx.a(dmx.o)
                0x000000000800efc8                Dmx::StopData(unsigned int, unsigned int)
 .text._ZN3Dmx16SetPortDirectionEjN3dmx13PortDirectionEb
                0x000000000800f054       0x78 ../lib-dmx/lib_gd32/libdmx.a(dmx.o)
                0x000000000800f054                Dmx::SetPortDirection(unsigned int, dmx::PortDirection, bool)
 .text._ZN3DmxC2Ev
                0x000000000800f0cc      0x168 ../lib-dmx/lib_gd32/libdmx.a(dmx.o)
                0x000000000800f0cc                Dmx::Dmx()
                0x000000000800f0cc                Dmx::Dmx()
 .text._ZN3Dmx16SetDmxPeriodTimeEj
                0x000000000800f234       0x50 ../lib-dmx/lib_gd32/libdmx.a(dmx.o)
                0x000000000800f234                Dmx::SetDmxPeriodTime(unsigned int)
 .text._ZN3Dmx15SetDmxBreakTimeEj
                0x000000000800f284       0x14 ../lib-dmx/lib_gd32/libdmx.a(dmx.o)
                0x000000000800f284                Dmx::SetDmxBreakTime(unsigned int)
 .text._ZN3Dmx13SetDmxMabTimeEj
                0x000000000800f298       0x14 ../lib-dmx/lib_gd32/libdmx.a(dmx.o)
                0x000000000800f298                Dmx::SetDmxMabTime(unsigned int)
 .text._ZN3Dmx11SetDmxSlotsEt
                0x000000000800f2ac       0x2a ../lib-dmx/lib_gd32/libdmx.a(dmx.o)
                0x000000000800f2ac                Dmx::SetDmxSlots(unsigned short)
 *fill*         0x000000000800f2d6        0x2 
 .text._ZN3Dmx24SetPortSendDataWithoutSCEjPKhj
                0x000000000800f2d8       0x4c ../lib-dmx/lib_gd32/libdmx.a(dmx.o)
                0x000000000800f2d8                Dmx::SetPortSendDataWithoutSC(unsigned int, unsigned char const*, unsigned int)
 .text._ZN3Dmx8BlackoutEv
                0x000000000800f324       0x88 ../lib-dmx/lib_gd32/libdmx.a(dmx.o)
                0x000000000800f324                Dmx::Blackout()
 .text._ZN3Dmx6FullOnEv
                0x000000000800f3ac       0x88 ../lib-dmx/lib_gd32/libdmx.a(dmx.o)
                0x000000000800f3ac                Dmx::FullOn()
 .text._ZN14WS28xxDmxMulti18SetDmxStartAddressEt
                0x000000000800f434        0x4 ../lib-ws28xxdmx/lib_gd32/libws28xxdmx.a(ws28xxdmxmulti.o)
                0x000000000800f434                WS28xxDmxMulti::SetDmxStartAddress(unsigned short)
 .text._ZN14WS28xxDmxMulti18GetDmxStartAddressEv
                0x000000000800f438        0x6 ../lib-ws28xxdmx/lib_gd32/libws28xxdmx.a(ws28xxdmxmulti.o)
                0x000000000800f438                WS28xxDmxMulti::GetDmxStartAddress()
 .text._ZN14WS28xxDmxMulti15GetDmxFootprintEv
                0x000000000800f43e        0x4 ../lib-ws28xxdmx/lib_gd32/libws28xxdmx.a(ws28xxdmxmulti.o)
                0x000000000800f43e                WS28xxDmxMulti::GetDmxFootprint()
 *fill*         0x000000000800f442        0x2 
 .text._ZN14WS28xxDmxMulti5StartEj
                0x000000000800f444       0x3c ../lib-ws28xxdmx/lib_gd32/libws28xxdmx.a(ws28xxdmxmulti.o)
                0x000000000800f444                WS28xxDmxMulti::Start(unsigned int)
 .text._ZN14WS28xxDmxMultiD2Ev
                0x000000000800f480       0x20 ../lib-ws28xxdmx/lib_gd32/libws28xxdmx.a(ws28xxdmxmulti.o)
                0x000000000800f480                WS28xxDmxMulti::~WS28xxDmxMulti()
                0x000000000800f480                WS28xxDmxMulti::~WS28xxDmxMulti()
 .text._ZN14WS28xxDmxMultiD0Ev
                0x000000000800f4a0       0x12 ../lib-ws28xxdmx/lib_gd32/libws28xxdmx.a(ws28xxdmxmulti.o)
                0x000000000800f4a0                WS28xxDmxMulti::~WS28xxDmxMulti()
 .text._ZN14WS28xxDmxMulti8BlackoutEb
                0x000000000800f4b2       0x28 ../lib-ws28xxdmx/lib_gd32/libws28xxdmx.a(ws28xxdmxmulti.o)
                0x000000000800f4b2                WS28xxDmxMulti::Blackout(bool)
 *fill*         0x000000000800f4da        0x2 
 .text._ZN14WS28xxDmxMulti7SetDataEjPKhj
                0x000000000800f4dc      0x178 ../lib-ws28xxdmx/lib_gd32/libws28xxdmx.a(ws28xxdmxmulti.o)
                0x000000000800f4dc                WS28xxDmxMulti::SetData(unsigned int, unsigned char const*, unsigned int)
 .text._ZN14WS28xxDmxMulti6FullOnEv
                0x000000000800f654       0x18 ../lib-ws28xxdmx/lib_gd32/libws28xxdmx.a(ws28xxdmxmulti.o)
                0x000000000800f654                WS28xxDmxMulti::FullOn()
 .text._ZN14WS28xxDmxMulti5PrintEv
                0x000000000800f66c        0x6 ../lib-ws28xxdmx/lib_gd32/libws28xxdmx.a(ws28xxdmxmulti.o)
                0x000000000800f66c                WS28xxDmxMulti::Print()
 *fill*         0x000000000800f672        0x2 
 .text._ZN14WS28xxDmxMulti4StopEj
                0x000000000800f674       0x4c ../lib-ws28xxdmx/lib_gd32/libws28xxdmx.a(ws28xxdmxmulti.o)
                0x000000000800f674                WS28xxDmxMulti::Stop(unsigned int)
 .text._ZN14WS28xxDmxMultiC2ER21PixelDmxConfiguration
                0x000000000800f6c0       0xa4 ../lib-ws28xxdmx/lib_gd32/libws28xxdmx.a(ws28xxdmxmulti.o)
                0x000000000800f6c0                WS28xxDmxMulti::WS28xxDmxMulti(PixelDmxConfiguration&)
                0x000000000800f6c0                WS28xxDmxMulti::WS28xxDmxMulti(PixelDmxConfiguration&)
 .text._ZN17PropertiesBuilder3AddIhEEbPKcT_bj.isra.0
                0x000000000800f764       0x50 ../lib-ws28xxdmx/lib_gd32/libws28xxdmx.a(pixeldmxparams.o)
 .text._ZN17PropertiesBuilder3AddItEEbPKcT_bj.isra.0
                0x000000000800f7b4       0x50 ../lib-ws28xxdmx/lib_gd32/libws28xxdmx.a(pixeldmxparams.o)
 .text._ZN17PropertiesBuilder3AddIPKcEEbS2_T_bj.isra.0
                0x000000000800f804       0x50 ../lib-ws28xxdmx/lib_gd32/libws28xxdmx.a(pixeldmxparams.o)
 .text._ZN17PropertiesBuilder3AddIfEEbPKcT_bj.isra.0
                0x000000000800f854       0x84 ../lib-ws28xxdmx/lib_gd32/libws28xxdmx.a(pixeldmxparams.o)
 .text._ZN14PixelDmxParamsC2EP19PixelDmxParamsStore
                0x000000000800f8d8       0x40 ../lib-ws28xxdmx/lib_gd32/libws28xxdmx.a(pixeldmxparams.o)
                0x000000000800f8d8                PixelDmxParams::PixelDmxParams(PixelDmxParamsStore*)
                0x000000000800f8d8                PixelDmxParams::PixelDmxParams(PixelDmxParamsStore*)
 .text._ZN14PixelDmxParams4LoadEv
                0x000000000800f918       0x18 ../lib-ws28xxdmx/lib_gd32/libws28xxdmx.a(pixeldmxparams.o)
                0x000000000800f918                PixelDmxParams::Load()
 .text._ZN14PixelDmxParams4LoadEPKcj
                0x000000000800f930       0x80 ../lib-ws28xxdmx/lib_gd32/libws28xxdmx.a(pixeldmxparams.o)
                0x000000000800f930                PixelDmxParams::Load(char const*, unsigned int)
 .text._ZN14PixelDmxParams16callbackFunctionEPKc
                0x000000000800f9b0      0x2dc ../lib-ws28xxdmx/lib_gd32/libws28xxdmx.a(pixeldmxparams.o)
                0x000000000800f9b0                PixelDmxParams::callbackFunction(char const*)
 .text._ZN14PixelDmxParams22staticCallbackFunctionEPvPKc
                0x000000000800fc8c       0x44 ../lib-ws28xxdmx/lib_gd32/libws28xxdmx.a(pixeldmxparams.o)
                0x000000000800fc8c                PixelDmxParams::staticCallbackFunction(void*, char const*)
 .text._ZN14PixelDmxParams7BuilderEPKN14pixeldmxparams6ParamsEPcjRj
                0x000000000800fcd0      0x320 ../lib-ws28xxdmx/lib_gd32/libws28xxdmx.a(pixeldmxparams.o)
                0x000000000800fcd0                PixelDmxParams::Builder(pixeldmxparams::Params const*, char*, unsigned int, unsigned int&)
 .text._ZN14PixelDmxParams4SaveEPcjRj
                0x000000000800fff0       0x1a ../lib-ws28xxdmx/lib_gd32/libws28xxdmx.a(pixeldmxparams.o)
                0x000000000800fff0                PixelDmxParams::Save(char*, unsigned int, unsigned int&)
 *fill*         0x000000000801000a        0x2 
 .text._ZN14PixelDmxParams3SetEP21PixelDmxConfiguration
                0x000000000801000c       0x98 ../lib-ws28xxdmx/lib_gd32/libws28xxdmx.a(pixeldmxparams.o)
                0x000000000801000c                PixelDmxParams::Set(PixelDmxConfiguration*)
 .text._ZN14PixelDmxParams4DumpEv
                0x00000000080100a4      0x1d8 ../lib-ws28xxdmx/lib_gd32/libws28xxdmx.a(pixeldmxparamsdump.o)
                0x00000000080100a4                PixelDmxParams::Dump()
 .text._ZN21PixelDmxConfiguration8ValidateEjRjRN21pixeldmxconfiguration8PortInfoE
                0x000000000801027c       0xc4 ../lib-ws28xxdmx/lib_gd32/libws28xxdmx.a(pixeldmxconfiguration.o)
                0x000000000801027c                PixelDmxConfiguration::Validate(unsigned int, unsigned int&, pixeldmxconfiguration::PortInfo&)
 .text._ZN21PixelDmxConfiguration5PrintEv
                0x0000000008010340       0x30 ../lib-ws28xxdmx/lib_gd32/libws28xxdmx.a(pixeldmxconfiguration.o)
                0x0000000008010340                PixelDmxConfiguration::Print()
 .text._ZN18PixelConfiguration6GetTxHEN5pixel4TypeERhS2_
                0x0000000008010370       0x1a ../lib-ws28xx/lib_gd32/libws28xx.a(pixelconfiguration.o)
                0x0000000008010370                PixelConfiguration::GetTxH(pixel::Type, unsigned char&, unsigned char&)
 *fill*         0x000000000801038a        0x2 
 .text._ZN18PixelConfiguration8ValidateERj
                0x000000000801038c      0x12c ../lib-ws28xx/lib_gd32/libws28xx.a(pixelconfiguration.o)
                0x000000000801038c                PixelConfiguration::Validate(unsigned int&)
 .text._ZN18PixelConfiguration5PrintEv
                0x00000000080104b8       0xd0 ../lib-ws28xx/lib_gd32/libws28xx.a(pixelconfiguration.o)
                0x00000000080104b8                PixelConfiguration::Print()
 .text._ZN9PixelType7GetTypeEN5pixel4TypeE
                0x0000000008010588       0x18 ../lib-ws28xx/lib_gd32/libws28xx.a(pixeltype.o)
                0x0000000008010588                PixelType::GetType(pixel::Type)
 .text._ZN9PixelType7GetTypeEPKc
                0x00000000080105a0       0x48 ../lib-ws28xx/lib_gd32/libws28xx.a(pixeltype.o)
                0x00000000080105a0                PixelType::GetType(char const*)
 .text._ZN9PixelType6GetMapEPKc
                0x00000000080105e8       0x50 ../lib-ws28xx/lib_gd32/libws28xx.a(pixeltype.o)
                0x00000000080105e8                PixelType::GetMap(char const*)
 .text._ZN9PixelType6GetMapEN5pixel3MapE
                0x0000000008010638       0x18 ../lib-ws28xx/lib_gd32/libws28xx.a(pixeltype.o)
                0x0000000008010638                PixelType::GetMap(pixel::Map)
 .text._ZN9PixelType6GetMapEN5pixel4TypeE
                0x0000000008010650       0x14 ../lib-ws28xx/lib_gd32/libws28xx.a(pixeltype.o)
                0x0000000008010650                PixelType::GetMap(pixel::Type)
 .text._ZN9PixelType10ConvertTxHEh
                0x0000000008010664       0x5c ../lib-ws28xx/lib_gd32/libws28xx.a(pixeltype.o)
                0x0000000008010664                PixelType::ConvertTxH(unsigned char)
 .text._ZN9PixelType10ConvertTxHEf
                0x00000000080106c0       0xac ../lib-ws28xx/lib_gd32/libws28xx.a(pixeltype.o)
                0x00000000080106c0                PixelType::ConvertTxH(float)
 .text._ZN13PixelPatterns14SetPixelColourEjjj.isra.0
                0x000000000801076c       0x54 ../lib-ws28xx/lib_gd32/libws28xx.a(pixelpatterns.o)
 .text._ZN13PixelPatterns5ClearEj.isra.0
                0x00000000080107c0       0x24 ../lib-ws28xx/lib_gd32/libws28xx.a(pixelpatterns.o)
 .text._ZN13PixelPatternsC2Ej
                0x00000000080107e4       0x4c ../lib-ws28xx/lib_gd32/libws28xx.a(pixelpatterns.o)
                0x00000000080107e4                PixelPatterns::PixelPatterns(unsigned int)
                0x00000000080107e4                PixelPatterns::PixelPatterns(unsigned int)
 .text._ZN13PixelPatterns7GetNameEN13pixelpatterns7PatternE
                0x0000000008010830       0x18 ../lib-ws28xx/lib_gd32/libws28xx.a(pixelpatterns.o)
                0x0000000008010830                PixelPatterns::GetName(pixelpatterns::Pattern)
 .text._ZN13PixelPatterns12RainbowCycleEjjN13pixelpatterns9DirectionE
                0x0000000008010848       0x2c ../lib-ws28xx/lib_gd32/libws28xx.a(pixelpatterns.o)
                0x0000000008010848                PixelPatterns::RainbowCycle(unsigned int, unsigned int, pixelpatterns::Direction)
 .text._ZN13PixelPatterns12TheaterChaseEjjjjN13pixelpatterns9DirectionE
                0x0000000008010874       0x38 ../lib-ws28xx/lib_gd32/libws28xx.a(pixelpatterns.o)
                0x0000000008010874                PixelPatterns::TheaterChase(unsigned int, unsigned int, unsigned int, unsigned int, pixelpatterns::Direction)
 .text._ZN13PixelPatterns10ColourWipeEjjjN13pixelpatterns9DirectionE
                0x00000000080108ac       0x34 ../lib-ws28xx/lib_gd32/libws28xx.a(pixelpatterns.o)
                0x00000000080108ac                PixelPatterns::ColourWipe(unsigned int, unsigned int, unsigned int, pixelpatterns::Direction)
 .text._ZN13PixelPatterns7ScannerEjjj
                0x00000000080108e0       0x68 ../lib-ws28xx/lib_gd32/libws28xx.a(pixelpatterns.o)
                0x00000000080108e0                PixelPatterns::Scanner(unsigned int, unsigned int, unsigned int)
 .text._ZN13PixelPatterns4FadeEjjjjjN13pixelpatterns9DirectionE
                0x0000000008010948       0x34 ../lib-ws28xx/lib_gd32/libws28xx.a(pixelpatterns.o)
                0x0000000008010948                PixelPatterns::Fade(unsigned int, unsigned int, unsigned int, unsigned int, unsigned int, pixelpatterns::Direction)
 .text._ZN13PixelPatterns5WheelEh
                0x000000000801097c       0x4a ../lib-ws28xx/lib_gd32/libws28xx.a(pixelpatterns.o)
                0x000000000801097c                PixelPatterns::Wheel(unsigned char)
 *fill*         0x00000000080109c6        0x2 
 .text._ZN13PixelPatterns9IncrementEj
                0x00000000080109c8       0x3c ../lib-ws28xx/lib_gd32/libws28xx.a(pixelpatterns.o)
                0x00000000080109c8                PixelPatterns::Increment(unsigned int)
 .text._ZN13PixelPatterns18RainbowCycleUpdateEj
                0x0000000008010a04       0x58 ../lib-ws28xx/lib_gd32/libws28xx.a(pixelpatterns.o)
                0x0000000008010a04                PixelPatterns::RainbowCycleUpdate(unsigned int)
 .text._ZN13PixelPatterns18TheaterChaseUpdateEj
                0x0000000008010a5c       0x60 ../lib-ws28xx/lib_gd32/libws28xx.a(pixelpatterns.o)
                0x0000000008010a5c                PixelPatterns::TheaterChaseUpdate(unsigned int)
 .text._ZN13PixelPatterns16ColourWipeUpdateEj
                0x0000000008010abc       0x28 ../lib-ws28xx/lib_gd32/libws28xx.a(pixelpatterns.o)
                0x0000000008010abc                PixelPatterns::ColourWipeUpdate(unsigned int)
 .text._ZN13PixelPatterns13ScannerUpdateEj
                0x0000000008010ae4       0xb8 ../lib-ws28xx/lib_gd32/libws28xx.a(pixelpatterns.o)
                0x0000000008010ae4                PixelPatterns::ScannerUpdate(unsigned int)
 .text._ZN13PixelPatterns10FadeUpdateEj
                0x0000000008010b9c       0x8c ../lib-ws28xx/lib_gd32/libws28xx.a(pixelpatterns.o)
                0x0000000008010b9c                PixelPatterns::FadeUpdate(unsigned int)
 .text._ZN13PixelPatterns10PortUpdateEjj
                0x0000000008010c28       0x50 ../lib-ws28xx/lib_gd32/libws28xx.a(pixelpatterns.o)
                0x0000000008010c28                PixelPatterns::PortUpdate(unsigned int, unsigned int)
 .text._ZN13PixelPatterns3RunEv
                0x0000000008010c78       0x58 ../lib-ws28xx/lib_gd32/libws28xx.a(pixelpatterns.o)
                0x0000000008010c78                PixelPatterns::Run()
 .text._ZN11WS28xxMulti14SetPixel4BytesEjjhhhh.constprop.0
                0x0000000008010cd0       0x8c ../lib-ws28xx/lib_gd32/libws28xx.a(ws28xxmulti.o)
 .text.TIMER3_IRQHandler
                0x0000000008010d5c       0x68 ../lib-ws28xx/lib_gd32/libws28xx.a(ws28xxmulti.o)
                0x0000000008010d5c                TIMER3_IRQHandler
 .text._ZN11WS28xxMultiD2Ev
                0x0000000008010dc4        0xc ../lib-ws28xx/lib_gd32/libws28xx.a(ws28xxmulti.o)
                0x0000000008010dc4                WS28xxMulti::~WS28xxMulti()
                0x0000000008010dc4                WS28xxMulti::~WS28xxMulti()
 .text._ZN11WS28xxMulti5SetupEhh
                0x0000000008010dd0      0x1f4 ../lib-ws28xx/lib_gd32/libws28xx.a(ws28xxmulti.o)
                0x0000000008010dd0                WS28xxMulti::Setup(unsigned char, unsigned char)
 .text._ZN11WS28xxMulti5SetupEj
                0x0000000008010fc4      0x244 ../lib-ws28xx/lib_gd32/libws28xx.a(ws28xxmulti.o)
                0x0000000008010fc4                WS28xxMulti::Setup(unsigned int)
 .text._ZN11WS28xxMultiC2ER18PixelConfiguration
                0x0000000008011208       0xbc ../lib-ws28xx/lib_gd32/libws28xx.a(ws28xxmulti.o)
                0x0000000008011208                WS28xxMulti::WS28xxMulti(PixelConfiguration&)
                0x0000000008011208                WS28xxMulti::WS28xxMulti(PixelConfiguration&)
 .text._ZN11WS28xxMulti6UpdateEv
                0x00000000080112c4      0x148 ../lib-ws28xx/lib_gd32/libws28xx.a(ws28xxmulti.o)
                0x00000000080112c4                WS28xxMulti::Update()
 .text._ZN11WS28xxMulti8BlackoutEv
                0x000000000801140c       0xc4 ../lib-ws28xx/lib_gd32/libws28xx.a(ws28xxmulti.o)
                0x000000000801140c                WS28xxMulti::Blackout()
 .text._ZN11WS28xxMulti6FullOnEv
                0x00000000080114d0       0xc0 ../lib-ws28xx/lib_gd32/libws28xx.a(ws28xxmulti.o)
                0x00000000080114d0                WS28xxMulti::FullOn()
 .text._ZN11WS28xxMulti10IsUpdatingEv
                0x0000000008011590       0x10 ../lib-ws28xx/lib_gd32/libws28xx.a(ws28xxmulti.o)
                0x0000000008011590                WS28xxMulti::IsUpdating()
 .text._ZN11WS28xxMulti12SetColourRTZEjjhhh
                0x00000000080115a0       0x7c ../lib-ws28xx/lib_gd32/libws28xx.a(ws28xxmulti.o)
                0x00000000080115a0                WS28xxMulti::SetColourRTZ(unsigned int, unsigned int, unsigned char, unsigned char, unsigned char)
 .text._ZN11WS28xxMulti15SetColourWS2801Ejjhhh
                0x000000000801161c       0x74 ../lib-ws28xx/lib_gd32/libws28xx.a(ws28xxmulti.o)
                0x000000000801161c                WS28xxMulti::SetColourWS2801(unsigned int, unsigned int, unsigned char, unsigned char, unsigned char)
 .text._ZN11WS28xxMulti8SetPixelEjjhhh
                0x0000000008011690      0x104 ../lib-ws28xx/lib_gd32/libws28xx.a(ws28xxmulti.o)
                0x0000000008011690                WS28xxMulti::SetPixel(unsigned int, unsigned int, unsigned char, unsigned char, unsigned char)
 .text._ZN11WS28xxMulti8SetPixelEjjhhhh
                0x0000000008011794       0x88 ../lib-ws28xx/lib_gd32/libws28xx.a(ws28xxmulti.o)
                0x0000000008011794                WS28xxMulti::SetPixel(unsigned int, unsigned int, unsigned char, unsigned char, unsigned char, unsigned char)
 .text.net_set_ip
                0x000000000801181c       0x20 ../lib-network/lib_gd32/libnetwork.a(net.o)
                0x000000000801181c                net_set_ip
 .text.net_set_dhcp
                0x000000000801183c       0x58 ../lib-network/lib_gd32/libnetwork.a(net.o)
                0x000000000801183c                net_set_dhcp
 .text.net_dhcp_release
                0x0000000008011894       0x14 ../lib-network/lib_gd32/libnetwork.a(net.o)
                0x0000000008011894                net_dhcp_release
 .text.net_set_zeroconf
                0x00000000080118a8       0x44 ../lib-network/lib_gd32/libnetwork.a(net.o)
                0x00000000080118a8                net_set_zeroconf
 .text.net_timers_run
                0x00000000080118ec       0x20 ../lib-network/lib_gd32/libnetwork.a(net_timers.o)
                0x00000000080118ec                net_timers_run
 .text.rfc3927  0x000000000801190c       0x80 ../lib-network/lib_gd32/libnetwork.a(rfc3927.o)
                0x000000000801190c                rfc3927
 .text._init_tcb
                0x000000000801198c       0x34 ../lib-network/lib_gd32/libnetwork.a(tcp.o)
 .text.memcpy.isra.0
                0x00000000080119c0       0x14 ../lib-network/lib_gd32/libnetwork.a(tcp.o)