Archive member included to satisfy reference by file (symbol)

../lib-c/lib_gd32/libc.a(printf.o)
                              build_gd32/firmware/main.o (snprintf)
/Applications/ArmGNUToolchain/11.3.rel1/arm-none-eabi/bin/../lib/gcc/arm-none-eabi/11.3.1/thumb/v7e-m+fp/hard/libgcc.a(_arm_truncdfsf2.o)
                              ../lib-c/lib_gd32/libc.a(printf.o) (__aeabi_d2f)
/Applications/ArmGNUToolchain/11.3.rel1/arm-none-eabi/bin/../lib/gcc/arm-none-eabi/11.3.1/thumb/v7e-m+fp/hard/libgcc.a(_aeabi_uldivmod.o)
                              ../lib-c/lib_gd32/libc.a(printf.o) (__aeabi_uldivmod)
/Applications/ArmGNUToolchain/11.3.rel1/arm-none-eabi/bin/../lib/gcc/arm-none-eabi/11.3.1/thumb/v7e-m+fp/hard/libgcc.a(_udivmoddi4.o)
                              /Applications/ArmGNUToolchain/11.3.rel1/arm-none-eabi/bin/../lib/gcc/arm-none-eabi/11.3.1/thumb/v7e-m+fp/hard/libgcc.a(_aeabi_uldivmod.o) (__udivmoddi4)
/Applications/ArmGNUToolchain/11.3.rel1/arm-none-eabi/bin/../lib/gcc/arm-none-eabi/11.3.1/thumb/v7e-m+fp/hard/libgcc.a(_dvmd_tls.o)
                              /Applications/ArmGNUToolchain/11.3.rel1/arm-none-eabi/bin/../lib/gcc/arm-none-eabi/11.3.1/thumb/v7e-m+fp/hard/libgcc.a(_aeabi_uldivmod.o) (__aeabi_ldiv0)
../lib-remoteconfig/lib_gd32/libremoteconfig.a(remoteconfig.o)
                              build_gd32/firmware/main.o (RemoteConfig::RemoteConfig(remoteconfig::Node, remoteconfig::Output, unsigned int))
../lib-remoteconfig/lib_gd32/libremoteconfig.a(remoteconfigfactory.o)
                              ../lib-remoteconfig/lib_gd32/libremoteconfig.a(remoteconfig.o) (RemoteConfig::HandleFactory())
../lib-remoteconfig/lib_gd32/libremoteconfig.a(remoteconfigparams.o)
                              build_gd32/firmware/main.o (RemoteConfigParams::RemoteConfigParams(RemoteConfigParamsStore*))
../lib-remoteconfig/lib_gd32/libremoteconfig.a(remoteconfigparamsdump.o)
                              build_gd32/firmware/main.o (RemoteConfigParams::Dump())
../lib-remoteconfig/lib_gd32/libremoteconfig.a(remoteconfigreboot.o)
                              ../lib-remoteconfig/lib_gd32/libremoteconfig.a(remoteconfig.o) (RemoteConfig::HandleReboot())
../lib-remoteconfig/lib_gd32/libremoteconfig.a(remoteconfigstatic.o)
                              ../lib-remoteconfig/lib_gd32/libremoteconfig.a(remoteconfig.o) (RemoteConfig::GetIndex(void const*, unsigned int&))
../lib-remoteconfig/lib_gd32/libremoteconfig.a(remoteconfig.o)
                              ../lib-remoteconfig/lib_gd32/libremoteconfig.a(remoteconfig.o) (RemoteConfig::PlatformHandleTftpSet())
../lib-remoteconfig/lib_gd32/libremoteconfig.a(httd.o)
                              build_gd32/firmware/main.o (HttpDaemon::HttpDaemon())
../lib-remoteconfig/lib_gd32/libremoteconfig.a(remoteconfigconst.o)
                              ../lib-remoteconfig/lib_gd32/libremoteconfig.a(remoteconfigparams.o) (RemoteConfigConst::PARAMS_DISPLAY_NAME)
../lib-remoteconfig/lib_gd32/libremoteconfig.a(remoteconfigjson.o)
                              ../lib-remoteconfig/lib_gd32/libremoteconfig.a(httd.o) (remoteconfig::json_get_list(char*, unsigned short))
../lib-remoteconfig/lib_gd32/libremoteconfig.a(get_file_content.o)
                              ../lib-remoteconfig/lib_gd32/libremoteconfig.a(httd.o) (get_file_content(char const*, char*))
../lib-artnet4/lib_gd32/libartnet4.a(artnet4node.o)
                              build_gd32/firmware/main.o (ArtNet4Node::ArtNet4Node())
../lib-artnet/lib_gd32/libartnet.a(artnetmsgconst.o)
                              build_gd32/firmware/main.o (ArtNetMsgConst::STARTED)
../lib-artnet/lib_gd32/libartnet.a(artnetnode.o)
                              ../lib-artnet4/lib_gd32/libartnet4.a(artnet4node.o) (ArtNetNode::~ArtNetNode())
../lib-artnet/lib_gd32/libartnet.a(artnetnodegetportaddress.o)
                              ../lib-artnet4/lib_gd32/libartnet4.a(artnet4node.o) (ArtNetNode::GetPortAddress(unsigned int, unsigned short&, lightset::PortDir) const)
../lib-artnet/lib_gd32/libartnet.a(artnetnodehandleaddress.o)
                              ../lib-artnet4/lib_gd32/libartnet4.a(artnet4node.o) (ArtNetNode::SetUniverseSwitch(unsigned int, lightset::PortDir, unsigned char))
../lib-artnet/lib_gd32/libartnet.a(artnetnodehandledmx.o)
                              ../lib-artnet/lib_gd32/libartnet.a(artnetnode.o) (ArtNetNode::HandleDmx())
../lib-artnet/lib_gd32/libartnet.a(artnetnodehandledmxin.o)
                              ../lib-artnet/lib_gd32/libartnet.a(artnetnode.o) (ArtNetNode::HandleDmxIn())
../lib-artnet/lib_gd32/libartnet.a(artnetnodehandleipprog.o)
                              ../lib-artnet/lib_gd32/libartnet.a(artnetnode.o) (ArtNetNode::HandleIpProg())
../lib-artnet/lib_gd32/libartnet.a(artnetnodehandlepoll.o)
                              ../lib-artnet/lib_gd32/libartnet.a(artnetnode.o) (ArtNetNode::FillPollReply())
../lib-artnet/lib_gd32/libartnet.a(artnetnodehandlerdm.o)
[...]
Memory Configuration

Name             Origin             Length             Attributes
FLASH            0x0000000008008000 0x0000000000038000 xr
TCMSRAM          0x0000000010000000 0x0000000000010000 rw
RAM              0x0000000020000000 0x0000000000030000 xrw
RAMADD           0x0000000020030000 0x0000000000040000 xrw
BKPSRAM          0x0000000040024000 0x0000000000001000 rw
*default*        0x0000000000000000 0xffffffffffffffff

Linker script and memory map

LOAD build_gd32/startup_gd32f450.o
LOAD build_gd32/firmware/main.o
LOAD build_gd32/lib/rdmsoftwareversion.o
                0x0000000000002000                __heap_size = DEFINED (__heap_size)?__heap_size:0x2000
                0x0000000000004000                __stack_size = DEFINED (__stack_size)?__stack_size:0x4000

.vectors        0x0000000008008000      0x1ac
                0x0000000008008000                . = ALIGN (0x4)
 *(.vectors)
 .vectors       0x0000000008008000      0x1ac build_gd32/startup_gd32f450.o
                0x0000000008008000                __gVectors
                0x00000000080081ac                . = ALIGN (0x4)
                0x00000000080081ac                __Vectors_End = .
                0x00000000080081ac                __Vectors_Size = (__Vectors_End - __gVectors)

.text           0x00000000080081ac    0x12824
                0x00000000080081ac                . = ALIGN (0x4)
 *(.text.unlikely*)
 .text.unlikely.net_init
                0x00000000080081ac       0x98 ../lib-network/lib_gd32/libnetwork.a(net.o)
                0x00000000080081ac                net_init
 .text.unlikely.net_shutdown
                0x0000000008008244       0x1c ../lib-network/lib_gd32/libnetwork.a(net.o)
                0x0000000008008244                net_shutdown
 .text.unlikely.rfc3927_init
                0x0000000008008260       0x18 ../lib-network/lib_gd32/libnetwork.a(rfc3927.o)
                0x0000000008008260                rfc3927_init
 .text.unlikely.tcp_init
                0x0000000008008278       0x44 ../lib-network/lib_gd32/libnetwork.a(tcp.o)
                0x0000000008008278                tcp_init
 .text.unlikely.udp_init
                0x00000000080082bc       0x58 ../lib-network/lib_gd32/libnetwork.a(udp.o)
                0x00000000080082bc                udp_init
 .text.unlikely.udp_shutdown
                0x0000000008008314        0x2 ../lib-network/lib_gd32/libnetwork.a(udp.o)
                0x0000000008008314                udp_shutdown
 *fill*         0x0000000008008316        0x2 
 .text.unlikely.arp_init
                0x0000000008008318       0xf8 ../lib-network/lib_gd32/libnetwork.a(arp.o)
                0x0000000008008318                arp_init
 .text.unlikely.arp_cache_init
                0x0000000008008410       0x30 ../lib-network/lib_gd32/libnetwork.a(arp_cache.o)
                0x0000000008008410                arp_cache_init
 .text.unlikely.igmp_init
                0x0000000008008440       0xb8 ../lib-network/lib_gd32/libnetwork.a(igmp.o)
                0x0000000008008440                igmp_init
 .text.unlikely.igmp_shutdown
                0x00000000080084f8       0x28 ../lib-network/lib_gd32/libnetwork.a(igmp.o)
                0x00000000080084f8                igmp_shutdown
 .text.unlikely.ip_init
                0x0000000008008520       0x16 ../lib-network/lib_gd32/libnetwork.a(ip.o)
                0x0000000008008520                ip_init
 .text.unlikely.ip_shutdown
                0x0000000008008536        0xe ../lib-network/lib_gd32/libnetwork.a(ip.o)
                0x0000000008008536                ip_shutdown
 .text.unlikely.console_init
                0x0000000008008544       0x20 ../lib-hal/lib_gd32/libhal.a(console_uart0.o)
                0x0000000008008544                console_init
 *(.text.hot*)
 .text.hot.net_handle
                0x0000000008008564       0x38 ../lib-network/lib_gd32/libnetwork.a(net.o)
                0x0000000008008564                net_handle
 .text.hot.tcp_handle
                0x000000000800859c      0x3d4 ../lib-network/lib_gd32/libnetwork.a(tcp.o)
                0x000000000800859c                tcp_handle
 .text.hot.udp_handle
                0x0000000008008970       0xac ../lib-network/lib_gd32/libnetwork.a(udp.o)
                0x0000000008008970                udp_handle
 .text.hot.arp_handle
                0x0000000008008a1c       0x18 ../lib-network/lib_gd32/libnetwork.a(arp.o)
                0x0000000008008a1c                arp_handle
 .text.hot.igmp_handle
                0x0000000008008a34       0xa0 ../lib-network/lib_gd32/libnetwork.a(igmp.o)
                0x0000000008008a34                igmp_handle
 .text.hot.ip_handle
                0x0000000008008ad4       0x32 ../lib-network/lib_gd32/libnetwork.a(ip.o)
                0x0000000008008ad4                ip_handle
 *fill*         0x0000000008008b06        0x2 
 .text.hot.icmp_handle
                0x0000000008008b08       0x98 ../lib-network/lib_gd32/libnetwork.a(icmp.o)
                0x0000000008008b08                icmp_handle
 *(.text)
 .text          0x0000000008008ba0       0x58 build_gd32/startup_gd32f450.o
                0x0000000008008bb4                Reset_Handler
 .text          0x0000000008008bf8       0xa0 /Applications/ArmGNUToolchain/11.3.rel1/arm-none-eabi/bin/../lib/gcc/arm-none-eabi/11.3.1/thumb/v7e-m+fp/hard/libgcc.a(_arm_truncdfsf2.o)
                0x0000000008008bf8                __aeabi_d2f
                0x0000000008008bf8                __truncdfsf2
 .text          0x0000000008008c98       0x30 /Applications/ArmGNUToolchain/11.3.rel1/arm-none-eabi/bin/../lib/gcc/arm-none-eabi/11.3.1/thumb/v7e-m+fp/hard/libgcc.a(_aeabi_uldivmod.o)
                0x0000000008008c98                __aeabi_uldivmod
 .text          0x0000000008008cc8        0x4 /Applications/ArmGNUToolchain/11.3.rel1/arm-none-eabi/bin/../lib/gcc/arm-none-eabi/11.3.1/thumb/v7e-m+fp/hard/libgcc.a(_dvmd_tls.o)
                0x0000000008008cc8                __aeabi_ldiv0
                0x0000000008008cc8                __aeabi_idiv0
 .text          0x0000000008008ccc      0x378 /Applications/ArmGNUToolchain/11.3.rel1/arm-none-eabi/bin/../lib/gcc/arm-none-eabi/11.3.1/thumb/v7e-m+fp/hard/libgcc.a(_arm_addsubdf3.o)
                0x0000000008008ccc                __aeabi_drsub
                0x0000000008008cd4                __subdf3
                0x0000000008008cd4                __aeabi_dsub
                0x0000000008008cd8                __aeabi_dadd
                0x0000000008008cd8                __adddf3
                0x0000000008008f50                __aeabi_ui2d
                0x0000000008008f50                __floatunsidf
                0x0000000008008f70                __floatsidf
                0x0000000008008f70                __aeabi_i2d
                0x0000000008008f94                __extendsfdf2
                0x0000000008008f94                __aeabi_f2d
                0x0000000008008fd8                __aeabi_ul2d
                0x0000000008008fd8                __floatundidf
                0x0000000008008fe8                __aeabi_l2d
                0x0000000008008fe8                __floatdidf
 *(.text*)
 .text.Default_Handler
                0x0000000008009044        0x2 build_gd32/startup_gd32f450.o
                0x0000000008009044                USBHS_EP1_Out_IRQHandler
                0x0000000008009044                EXTI2_IRQHandler
                0x0000000008009044                TIMER2_IRQHandler
                0x0000000008009044                DebugMon_Handler
                0x0000000008009044                LVD_IRQHandler
                0x0000000008009044                SPI4_IRQHandler
                0x0000000008009044                CAN1_EWMC_IRQHandler
                0x0000000008009044                HardFault_Handler
                0x0000000008009044                TIMER7_UP_TIMER12_IRQHandler
                0x0000000008009044                SDIO_IRQHandler
                0x0000000008009044                PendSV_Handler
                0x0000000008009044                NMI_Handler
                0x0000000008009044                EXTI3_IRQHandler
                0x0000000008009044                DCI_IRQHandler
                0x0000000008009044                USBFS_WKUP_IRQHandler
                0x0000000008009044                USBHS_IRQHandler
                0x0000000008009044                IPA_IRQHandler
                0x0000000008009044                TIMER5_DAC_IRQHandler
                0x0000000008009044                TIMER0_TRG_CMT_TIMER10_IRQHandler
                0x0000000008009044                USBFS_IRQHandler
                0x0000000008009044                DMA0_Channel6_IRQHandler
                0x0000000008009044                I2C0_EV_IRQHandler
                0x0000000008009044                EXTI0_IRQHandler
                0x0000000008009044                I2C2_EV_IRQHandler
                0x0000000008009044                CAN1_RX0_IRQHandler
                0x0000000008009044                FPU_IRQHandler
                0x0000000008009044                TIMER7_TRG_CMT_TIMER13_IRQHandler
                0x0000000008009044                UsageFault_Handler
                0x0000000008009044                TIMER4_IRQHandler
                0x0000000008009044                SPI1_IRQHandler
                0x0000000008009044                DMA0_Channel0_IRQHandler
                0x0000000008009044                TIMER0_BRK_TIMER8_IRQHandler
                0x0000000008009044                DMA1_Channel0_IRQHandler
                0x0000000008009044                TIMER7_BRK_TIMER11_IRQHandler
                0x0000000008009044                TIMER6_IRQHandler
                0x0000000008009044                DMA1_Channel4_IRQHandler
                0x0000000008009044                DMA0_Channel3_IRQHandler
                0x0000000008009044                I2C0_ER_IRQHandler
                0x0000000008009044                TLI_IRQHandler
                0x0000000008009044                TIMER0_UP_TIMER9_IRQHandler
                0x0000000008009044                DMA1_Channel7_IRQHandler
                0x0000000008009044                CAN1_RX1_IRQHandler
                0x0000000008009044                DMA0_Channel2_IRQHandler
                0x0000000008009044                USART0_IRQHandler
                0x0000000008009044                I2C1_EV_IRQHandler
                0x0000000008009044                DMA1_Channel6_IRQHandler
                0x0000000008009044                UART4_IRQHandler
                0x0000000008009044                EXTI10_15_IRQHandler
                0x0000000008009044                DMA1_Channel1_IRQHandler
                0x0000000008009044                Default_Handler
                0x0000000008009044                TIMER7_Channel_IRQHandler
                0x0000000008009044                DMA0_Channel7_IRQHandler
                0x0000000008009044                ADC_IRQHandler
                0x0000000008009044                CAN0_TX_IRQHandler
                0x0000000008009044                WWDGT_IRQHandler
                0x0000000008009044                EXMC_IRQHandler
                0x0000000008009044                SPI5_IRQHandler
                0x0000000008009044                TAMPER_STAMP_IRQHandler
                0x0000000008009044                RTC_WKUP_IRQHandler
                0x0000000008009044                SPI2_IRQHandler
                0x0000000008009044                MemManage_Handler
                0x0000000008009044                CAN1_TX_IRQHandler
                0x0000000008009044                SVC_Handler
                0x0000000008009044                RCU_CTC_IRQHandler
                0x0000000008009044                DMA1_Channel5_IRQHandler
                0x0000000008009044                EXTI4_IRQHandler
                0x0000000008009044                CAN0_RX1_IRQHandler
                0x0000000008009044                DMA0_Channel5_IRQHandler
                0x0000000008009044                DMA1_Channel3_IRQHandler
                0x0000000008009044                EXTI5_9_IRQHandler
                0x0000000008009044                DMA0_Channel1_IRQHandler
                0x0000000008009044                TIMER0_Channel_IRQHandler
                0x0000000008009044                EXTI1_IRQHandler
                0x0000000008009044                ENET_WKUP_IRQHandler
                0x0000000008009044                USBHS_EP1_In_IRQHandler
                0x0000000008009044                SPI0_IRQHandler
                0x0000000008009044                UART7_IRQHandler
                0x0000000008009044                UART6_IRQHandler
                0x0000000008009044                CAN0_EWMC_IRQHandler
                0x0000000008009044                CAN0_RX0_IRQHandler
                0x0000000008009044                I2C2_ER_IRQHandler
                0x0000000008009044                DMA1_Channel2_IRQHandler
                0x0000000008009044                TLI_ER_IRQHandler
                0x0000000008009044                BusFault_Handler
                0x0000000008009044                USART1_IRQHandler
                0x0000000008009044                SPI3_IRQHandler
                0x0000000008009044                UART3_IRQHandler
                0x0000000008009044                I2C1_ER_IRQHandler
                0x0000000008009044                FMC_IRQHandler
                0x0000000008009044                USBHS_WKUP_IRQHandler
                0x0000000008009044                DMA0_Channel4_IRQHandler
                0x0000000008009044                TRNG_IRQHandler
                0x0000000008009044                ENET_IRQHandler
                0x0000000008009044                RTC_Alarm_IRQHandler
 .text.memcmp   0x0000000008009046       0x20 build_gd32/firmware/main.o
 .text.memcpy   0x0000000008009066       0x16 build_gd32/firmware/main.o
 .text._ZN8LightSet6FullOnEv
                0x000000000800907c        0x2 build_gd32/firmware/main.o
                0x000000000800907c                LightSet::FullOn()
 .text._ZN14DisplayHandlerD2Ev
                0x000000000800907e        0x2 build_gd32/firmware/main.o
                0x000000000800907e                DisplayHandler::~DisplayHandler()
                0x000000000800907e                DisplayHandler::~DisplayHandler()
 .text._ZN17DisplayUdfHandlerD2Ev
                0x0000000008009080        0x2 build_gd32/firmware/main.o
                0x0000000008009080                DisplayUdfHandler::~DisplayUdfHandler()
                0x0000000008009080                DisplayUdfHandler::~DisplayUdfHandler()
 .text._ZN17DisplayUdfHandler12ShowLongNameEPKc
                0x0000000008009082        0x2 build_gd32/firmware/main.o
                0x0000000008009082                DisplayUdfHandler::ShowLongName(char const*)
 .text._ZN17DisplayUdfHandler14ShowRdmEnabledEjb
                0x0000000008009084        0x2 build_gd32/firmware/main.o
                0x0000000008009084                DisplayUdfHandler::ShowRdmEnabled(unsigned int, bool)
 .text._ZN17DisplayUdfHandler12ShowFailSafeEh
                0x0000000008009086        0x2 build_gd32/firmware/main.o
                0x0000000008009086                DisplayUdfHandler::ShowFailSafe(unsigned char)
 .text._ZN15LightSet64with4D2Ev
                0x0000000008009088        0x2 build_gd32/firmware/main.o
                0x0000000008009088                LightSet64with4::~LightSet64with4()
                0x0000000008009088                LightSet64with4::~LightSet64with4()
 .text._ZN15LightSet64with45StartEj
                0x000000000800908a       0x22 build_gd32/firmware/main.o
                0x000000000800908a                LightSet64with4::Start(unsigned int)
 .text._ZN15LightSet64with44StopEj
                0x00000000080090ac       0x22 build_gd32/firmware/main.o
                0x00000000080090ac                LightSet64with4::Stop(unsigned int)
 .text._ZN15LightSet64with47SetDataEjPKhj
                0x00000000080090ce       0x34 build_gd32/firmware/main.o
                0x00000000080090ce                LightSet64with4::SetData(unsigned int, unsigned char const*, unsigned int)
 .text._ZN15LightSet64with48BlackoutEb
                0x0000000008009102       0x22 build_gd32/firmware/main.o
                0x0000000008009102                LightSet64with4::Blackout(bool)
 .text._ZN15LightSet64with45PrintEv
                0x0000000008009124       0x1e build_gd32/firmware/main.o
                0x0000000008009124                LightSet64with4::Print()
 .text._ZN15LightSet64with418SetDmxStartAddressEt
                0x0000000008009142        0x4 build_gd32/firmware/main.o
                0x0000000008009142                LightSet64with4::SetDmxStartAddress(unsigned short)
 .text._ZN15LightSet64with418GetDmxStartAddressEv
                0x0000000008009146        0x6 build_gd32/firmware/main.o
                0x0000000008009146                LightSet64with4::GetDmxStartAddress()
 .text._ZN15LightSet64with415GetDmxFootprintEv
                0x000000000800914c        0x4 build_gd32/firmware/main.o
                0x000000000800914c                LightSet64with4::GetDmxFootprint()
 .text._ZN15LightSet64with411GetSlotInfoEtRN8lightset8SlotInfoE
                0x0000000008009150        0x4 build_gd32/firmware/main.o
                0x0000000008009150                LightSet64with4::GetSlotInfo(unsigned short, lightset::SlotInfo&)
 .text._ZN20ArtNetTriggerHandlerD2Ev
                0x0000000008009154        0x2 build_gd32/firmware/main.o
                0x0000000008009154                ArtNetTriggerHandler::~ArtNetTriggerHandler()
                0x0000000008009154                ArtNetTriggerHandler::~ArtNetTriggerHandler()
 .text._ZN17PixelDmxStartStopD2Ev
                0x0000000008009156        0x2 build_gd32/firmware/main.o
                0x0000000008009156                PixelDmxStartStop::~PixelDmxStartStop()
                0x0000000008009156                PixelDmxStartStop::~PixelDmxStartStop()
 .text._ZN17PixelDmxStartStop5StartEv
                0x0000000008009158       0x10 build_gd32/firmware/main.o
                0x0000000008009158                PixelDmxStartStop::Start()
 .text._ZN17PixelDmxStartStop4StopEv
                0x0000000008009168       0x10 build_gd32/firmware/main.o
                0x0000000008009168                PixelDmxStartStop::Stop()
 .text._ZN12dmxconfigudpL4atoiEPKcj
                0x0000000008009178       0x24 build_gd32/firmware/main.o
 .text._ZN12RDMNetDevice7CopyUIDEPh
                0x000000000800919c       0x12 build_gd32/firmware/main.o
                0x000000000800919c                RDMNetDevice::CopyUID(unsigned char*)
                0x00000000080091a8                non-virtual thunk to RDMNetDevice::CopyUID(unsigned char*)
 *fill*         0x00000000080091ae        0x2 
 .text._ZN12RDMNetDevice7CopyCIDEPh
                0x00000000080091b0       0x18 build_gd32/firmware/main.o
                0x00000000080091b0                RDMNetDevice::CopyCID(unsigned char*)
                0x00000000080091c0                non-virtual thunk to RDMNetDevice::CopyCID(unsigned char*)
 .text._ZN15FactoryDefaultsD2Ev
                0x00000000080091c8        0x2 build_gd32/firmware/main.o
                0x00000000080091c8                FactoryDefaults::~FactoryDefaults()
                0x00000000080091c8                FactoryDefaults::~FactoryDefaults()
 .text._ZN14DisplayHandlerD0Ev
                0x00000000080091ca        0xc build_gd32/firmware/main.o
                0x00000000080091ca                DisplayHandler::~DisplayHandler()
 .text._ZN15LightSet64with4D0Ev
                0x00000000080091d6        0xc build_gd32/firmware/main.o
                0x00000000080091d6                LightSet64with4::~LightSet64with4()
 .text._ZN17DisplayUdfHandlerD0Ev
                0x00000000080091e2        0xc build_gd32/firmware/main.o
                0x00000000080091e2                DisplayUdfHandler::~DisplayUdfHandler()
 .text._ZN20ArtNetTriggerHandlerD0Ev
                0x00000000080091ee        0xc build_gd32/firmware/main.o
                0x00000000080091ee                ArtNetTriggerHandler::~ArtNetTriggerHandler()
 .text._ZN17PixelDmxStartStopD0Ev
                0x00000000080091fa        0xc build_gd32/firmware/main.o
                0x00000000080091fa                PixelDmxStartStop::~PixelDmxStartStop()
 .text._ZN15FactoryDefaultsD0Ev
                0x0000000008009206        0xc build_gd32/firmware/main.o
                0x0000000008009206                FactoryDefaults::~FactoryDefaults()
 *fill*         0x0000000008009212        0x2 
 .text._ZN17DisplayUdfHandler16ShowPortProtocolEjN6artnet12PortProtocolE
                0x0000000008009214       0x14 build_gd32/firmware/main.o
                0x0000000008009214                DisplayUdfHandler::ShowPortProtocol(unsigned int, artnet::PortProtocol)
 .text._ZN17DisplayUdfHandler13ShowMergeModeEjN8lightset9MergeModeE
                0x0000000008009228       0x14 build_gd32/firmware/main.o
                0x0000000008009228                DisplayUdfHandler::ShowMergeMode(unsigned int, lightset::MergeMode)
 .text._ZN17DisplayUdfHandler16ShowSubnetSwitchEh
                0x000000000800923c       0x14 build_gd32/firmware/main.o
                0x000000000800923c                DisplayUdfHandler::ShowSubnetSwitch(unsigned char)
 .text._ZN17DisplayUdfHandler13ShowNetSwitchEh
                0x0000000008009250       0x14 build_gd32/firmware/main.o
                0x0000000008009250                DisplayUdfHandler::ShowNetSwitch(unsigned char)
 .text._ZN17DisplayUdfHandler18ShowUniverseSwitchEjh
                0x0000000008009264       0x14 build_gd32/firmware/main.o
                0x0000000008009264                DisplayUdfHandler::ShowUniverseSwitch(unsigned int, unsigned char)
 .text._ZN17DisplayUdfHandler13ShowShortNameEPKc
                0x0000000008009278       0x14 build_gd32/firmware/main.o
                0x0000000008009278                DisplayUdfHandler::ShowShortName(char const*)
 .text._ZN12RDMNetDevice20LLRPHandleRdmCommandEPKh
                0x000000000800928c       0x1c build_gd32/firmware/main.o
                0x000000000800928c                RDMNetDevice::LLRPHandleRdmCommand(unsigned char const*)
                0x00000000080092a0                non-virtual thunk to RDMNetDevice::LLRPHandleRdmCommand(unsigned char const*)
 .text._ZN7Display12SetCursorPosEhh.isra.0
                0x00000000080092a8        0xa build_gd32/firmware/main.o
 .text._ZN7Display7PutCharEi.isra.0
                0x00000000080092b2        0xa build_gd32/firmware/main.o
 .text._ZN14DisplayHandler5PrintEj
                0x00000000080092bc       0x50 build_gd32/firmware/main.o
                0x00000000080092bc                DisplayHandler::Print(unsigned int)
 .text._ZN12RDMNetDeviceD2Ev
                0x000000000800930c       0x28 build_gd32/firmware/main.o
                0x000000000800930c                RDMNetDevice::~RDMNetDevice()
                0x000000000800930c                RDMNetDevice::~RDMNetDevice()
                0x000000000800932c                non-virtual thunk to RDMNetDevice::~RDMNetDevice()
 .text._ZN12RDMNetDeviceD0Ev
                0x0000000008009334       0x18 build_gd32/firmware/main.o
                0x0000000008009334                RDMNetDevice::~RDMNetDevice()
                0x0000000008009346                non-virtual thunk to RDMNetDevice::~RDMNetDevice()
 .text._ZN7Display9ClearLineEh
                0x000000000800934c        0xc build_gd32/firmware/main.o
                0x000000000800934c                Display::ClearLine(unsigned char)
 .text._ZN7Display6PrintfEhPKcz
                0x0000000008009358       0x38 build_gd32/firmware/main.o
                0x0000000008009358                Display::Printf(unsigned char, char const*, ...)
 .text._ZN7Display10TextStatusEPKc
                0x0000000008009390       0x6c build_gd32/firmware/main.o
                0x0000000008009390                Display::TextStatus(char const*)
 .text._ZN7Display10TextStatusEPKc22Display7SegmentMessagej
                0x00000000080093fc       0x50 build_gd32/firmware/main.o
                0x00000000080093fc                Display::TextStatus(char const*, Display7SegmentMessage, unsigned int)
 .text._ZN7Display8SetSleepEb
                0x000000000800944c       0x20 build_gd32/firmware/main.o
                0x000000000800944c                Display::SetSleep(bool)
 .text._ZN7display7timeout9gpio_initEv
                0x000000000800946c       0x20 build_gd32/firmware/main.o
                0x000000000800946c                display::timeout::gpio_init()
 .text._ZN7display7timeout10gpio_renewEv
                0x000000000800948c       0x14 build_gd32/firmware/main.o
                0x000000000800948c                display::timeout::gpio_renew()
 .text._ZN16PixelTestPattern10SetPatternEN13pixelpatterns7PatternE
                0x00000000080094a0      0x104 build_gd32/firmware/main.o
                0x00000000080094a0                PixelTestPattern::SetPattern(pixelpatterns::Pattern)
 .text._ZN20ArtNetTriggerHandler7HandlerEPK14TArtNetTrigger
                0x00000000080095a4       0x80 build_gd32/firmware/main.o
                0x00000000080095a4                ArtNetTriggerHandler::Handler(TArtNetTrigger const*)
 .text._ZN12StoreNetwork8SaveDhcpEb
                0x0000000008009624       0x30 build_gd32/firmware/main.o
                0x0000000008009624                StoreNetwork::SaveDhcp(bool)
                0x000000000800964c                non-virtual thunk to StoreNetwork::SaveDhcp(bool)
 .text._ZN15FactoryDefaults3SetEv
                0x0000000008009654       0x30 build_gd32/firmware/main.o
                0x0000000008009654                FactoryDefaults::Set()
 .text._ZN8Hardware13RebootHandlerEv
                0x0000000008009684       0x2c build_gd32/firmware/main.o
                0x0000000008009684                Hardware::RebootHandler()
 .text.startup.main
                0x00000000080096b0      0x8bc build_gd32/firmware/main.o
                0x00000000080096b0                main
 .text._ZN18RDMSoftwareVersion10GetVersionEv
                0x0000000008009f6c        0x8 build_gd32/lib/rdmsoftwareversion.o
                0x0000000008009f6c                RDMSoftwareVersion::GetVersion()
 .text._ZN18RDMSoftwareVersion16GetVersionLengthEv
                0x0000000008009f74        0x4 build_gd32/lib/rdmsoftwareversion.o
                0x0000000008009f74                RDMSoftwareVersion::GetVersionLength()
 .text._ZN18RDMSoftwareVersion12GetVersionIdEv
                0x0000000008009f78        0x8 build_gd32/lib/rdmsoftwareversion.o
                0x0000000008009f78                RDMSoftwareVersion::GetVersionId()
 .text._itostr  0x0000000008009f80       0x74 ../lib-c/lib_gd32/libc.a(printf.o)
 .text._xputch  0x0000000008009ff4       0x30 ../lib-c/lib_gd32/libc.a(printf.o)
 .text._format_int
                0x000000000800a024       0xd4 ../lib-c/lib_gd32/libc.a(printf.o)
 .text._format_hex
                0x000000000800a0f8       0xba ../lib-c/lib_gd32/libc.a(printf.o)
 *fill*         0x000000000800a1b2        0x2 
 .text._vprintf
                0x000000000800a1b4      0x3b8 ../lib-c/lib_gd32/libc.a(printf.o)
 .text.printf   0x000000000800a56c       0x1e ../lib-c/lib_gd32/libc.a(printf.o)
                0x000000000800a56c                printf
 *fill*         0x000000000800a58a        0x2 
 .text.sprintf  0x000000000800a58c       0x30 ../lib-c/lib_gd32/libc.a(printf.o)
                0x000000000800a58c                sprintf
 .text.snprintf
                0x000000000800a5bc       0x30 ../lib-c/lib_gd32/libc.a(printf.o)
                0x000000000800a5bc                snprintf
 .text.vsnprintf
                0x000000000800a5ec       0x20 ../lib-c/lib_gd32/libc.a(printf.o)
                0x000000000800a5ec                vsnprintf
 .text.__udivmoddi4
                0x000000000800a60c      0x2c8 /Applications/ArmGNUToolchain/11.3.rel1/arm-none-eabi/bin/../lib/gcc/arm-none-eabi/11.3.1/thumb/v7e-m+fp/hard/libgcc.a(_udivmoddi4.o)
                0x000000000800a60c                __udivmoddi4
 .text._ZN12RemoteConfig10HandleListEv
                0x000000000800a8d4       0xd0 ../lib-remoteconfig/lib_gd32/libremoteconfig.a(remoteconfig.o)
                0x000000000800a8d4                RemoteConfig::HandleList()
 .text._ZN12RemoteConfig16HandleDisplayGetEv
                0x000000000800a9a4       0x54 ../lib-remoteconfig/lib_gd32/libremoteconfig.a(remoteconfig.o)
                0x000000000800a9a4                RemoteConfig::HandleDisplayGet()
 .text._ZN12RemoteConfig13HandleTftpGetEv
                0x000000000800a9f8       0x50 ../lib-remoteconfig/lib_gd32/libremoteconfig.a(remoteconfig.o)
                0x000000000800a9f8                RemoteConfig::HandleTftpGet()
 .text._ZN12RemoteConfig13HandleVersionEv
                0x000000000800aa48       0x40 ../lib-remoteconfig/lib_gd32/libremoteconfig.a(remoteconfig.o)
                0x000000000800aa48                RemoteConfig::HandleVersion()
 .text._ZN12RemoteConfig12HandleUptimeEv
                0x000000000800aa88       0x4c ../lib-remoteconfig/lib_gd32/libremoteconfig.a(remoteconfig.o)
                0x000000000800aa88                RemoteConfig::HandleUptime()
 .text._ZN7Display6StatusE22Display7SegmentMessage
                0x000000000800aad4       0x36 ../lib-remoteconfig/lib_gd32/libremoteconfig.a(remoteconfig.o)
                0x000000000800aad4                Display::Status(Display7SegmentMessage)
 *fill*         0x000000000800ab0a        0x2 
 .text._ZN12RemoteConfig16HandleDisplaySetEv
                0x000000000800ab0c       0x28 ../lib-remoteconfig/lib_gd32/libremoteconfig.a(remoteconfig.o)
                0x000000000800ab0c                RemoteConfig::HandleDisplaySet()
 .text._ZN12RemoteConfig13HandleTftpSetEv
                0x000000000800ab34       0x68 ../lib-remoteconfig/lib_gd32/libremoteconfig.a(remoteconfig.o)
                0x000000000800ab34                RemoteConfig::HandleTftpSet()
 .text._ZN12RemoteConfigC2EN12remoteconfig4NodeENS0_6OutputEj
                0x000000000800ab9c       0x68 ../lib-remoteconfig/lib_gd32/libremoteconfig.a(remoteconfig.o)
                0x000000000800ab9c                RemoteConfig::RemoteConfig(remoteconfig::Node, remoteconfig::Output, unsigned int)
                0x000000000800ab9c                RemoteConfig::RemoteConfig(remoteconfig::Node, remoteconfig::Output, unsigned int)
 .text._ZNK12RemoteConfig13GetStringNodeEv
                0x000000000800ac04       0x18 ../lib-remoteconfig/lib_gd32/libremoteconfig.a(remoteconfig.o)
                0x000000000800ac04                RemoteConfig::GetStringNode() const
 .text._ZNK12RemoteConfig15GetStringOutputEv
                0x000000000800ac1c       0x18 ../lib-remoteconfig/lib_gd32/libremoteconfig.a(remoteconfig.o)
                0x000000000800ac1c                RemoteConfig::GetStringOutput() const
 .text._ZN12RemoteConfig10SetDisableEb
                0x000000000800ac34       0x40 ../lib-remoteconfig/lib_gd32/libremoteconfig.a(remoteconfig.o)
                0x000000000800ac34                RemoteConfig::SetDisable(bool)
 .text._ZN12RemoteConfig14SetDisplayNameEPKc
                0x000000000800ac74       0x30 ../lib-remoteconfig/lib_gd32/libremoteconfig.a(remoteconfig.o)
                0x000000000800ac74                RemoteConfig::SetDisplayName(char const*)
 .text._ZN12RemoteConfig9HandleGetEPvj
                0x000000000800aca4       0xb8 ../lib-remoteconfig/lib_gd32/libremoteconfig.a(remoteconfig.o)
                0x000000000800aca4                RemoteConfig::HandleGet(void*, unsigned int)
 .text._ZN12RemoteConfig17HandleGetNoParamsEv
                0x000000000800ad5c        0x8 ../lib-remoteconfig/lib_gd32/libremoteconfig.a(remoteconfig.o)
                0x000000000800ad5c                RemoteConfig::HandleGetNoParams()
 .text._ZN12RemoteConfig19HandleGetRconfigTxtERj
                0x000000000800ad64       0x30 ../lib-remoteconfig/lib_gd32/libremoteconfig.a(remoteconfig.o)
                0x000000000800ad64                RemoteConfig::HandleGetRconfigTxt(unsigned int&)
 .text._ZN12RemoteConfig19HandleGetNetworkTxtERj
                0x000000000800ad94       0x30 ../lib-remoteconfig/lib_gd32/libremoteconfig.a(remoteconfig.o)
                0x000000000800ad94                RemoteConfig::HandleGetNetworkTxt(unsigned int&)
 .text._ZN12RemoteConfig18HandleGetArtnetTxtERj
                0x000000000800adc4       0x30 ../lib-remoteconfig/lib_gd32/libremoteconfig.a(remoteconfig.o)
                0x000000000800adc4                RemoteConfig::HandleGetArtnetTxt(unsigned int&)
 .text._ZN12RemoteConfig16HandleGetE131TxtERj
                0x000000000800adf4       0x30 ../lib-remoteconfig/lib_gd32/libremoteconfig.a(remoteconfig.o)
                0x000000000800adf4                RemoteConfig::HandleGetE131Txt(unsigned int&)
 .text._ZN12RemoteConfig18HandleGetParamsTxtERj
                0x000000000800ae24       0x2c ../lib-remoteconfig/lib_gd32/libremoteconfig.a(remoteconfig.o)
                0x000000000800ae24                RemoteConfig::HandleGetParamsTxt(unsigned int&)
 .text._ZN12RemoteConfig19HandleGetDevicesTxtERj
                0x000000000800ae50       0x30 ../lib-remoteconfig/lib_gd32/libremoteconfig.a(remoteconfig.o)
                0x000000000800ae50                RemoteConfig::HandleGetDevicesTxt(unsigned int&)
 .text._ZN12RemoteConfig19HandleGetDisplayTxtERj
                0x000000000800ae80       0x30 ../lib-remoteconfig/lib_gd32/libremoteconfig.a(remoteconfig.o)
                0x000000000800ae80                RemoteConfig::HandleGetDisplayTxt(unsigned int&)
 .text._ZN12RemoteConfig9HandleSetEPvj
                0x000000000800aeb0       0x84 ../lib-remoteconfig/lib_gd32/libremoteconfig.a(remoteconfig.o)
                0x000000000800aeb0                RemoteConfig::HandleSet(void*, unsigned int)
 .text._ZN12RemoteConfig3RunEv
                0x000000000800af34      0x13c ../lib-remoteconfig/lib_gd32/libremoteconfig.a(remoteconfig.o)
                0x000000000800af34                RemoteConfig::Run()
 .text._ZN12RemoteConfig16HandleSetRconfigEv
                0x000000000800b070       0x30 ../lib-remoteconfig/lib_gd32/libremoteconfig.a(remoteconfig.o)
                0x000000000800b070                RemoteConfig::HandleSetRconfig()
 .text._ZN12RemoteConfig19HandleSetNetworkTxtEv
                0x000000000800b0a0       0x28 ../lib-remoteconfig/lib_gd32/libremoteconfig.a(remoteconfig.o)
                0x000000000800b0a0                RemoteConfig::HandleSetNetworkTxt()
 .text._ZN12RemoteConfig18HandleSetArtnetTxtEv
                0x000000000800b0c8       0x28 ../lib-remoteconfig/lib_gd32/libremoteconfig.a(remoteconfig.o)
                0x000000000800b0c8                RemoteConfig::HandleSetArtnetTxt()
 .text._ZN12RemoteConfig16HandleSetE131TxtEv
                0x000000000800b0f0       0x28 ../lib-remoteconfig/lib_gd32/libremoteconfig.a(remoteconfig.o)
                0x000000000800b0f0                RemoteConfig::HandleSetE131Txt()
 .text._ZN12RemoteConfig18HandleSetParamsTxtEv
                0x000000000800b118       0x28 ../lib-remoteconfig/lib_gd32/libremoteconfig.a(remoteconfig.o)
                0x000000000800b118                RemoteConfig::HandleSetParamsTxt()
 .text._ZN12RemoteConfig19HandleSetDevicesTxtEv
                0x000000000800b140       0x28 ../lib-remoteconfig/lib_gd32/libremoteconfig.a(remoteconfig.o)
                0x000000000800b140                RemoteConfig::HandleSetDevicesTxt()
 .text._ZN12RemoteConfig19HandleSetDisplayTxtEv
                0x000000000800b168       0x28 ../lib-remoteconfig/lib_gd32/libremoteconfig.a(remoteconfig.o)
                0x000000000800b168                RemoteConfig::HandleSetDisplayTxt()
 .text._ZN12RemoteConfig13HandleFactoryEv
                0x000000000800b190       0x1c ../lib-remoteconfig/lib_gd32/libremoteconfig.a(remoteconfigfactory.o)
                0x000000000800b190                RemoteConfig::HandleFactory()
 .text._ZN17PropertiesBuilder3AddEPKcb.isra.0
                0x000000000800b1ac       0x50 ../lib-remoteconfig/lib_gd32/libremoteconfig.a(remoteconfigparams.o)
 .text._ZN18RemoteConfigParamsC2EP23RemoteConfigParamsStore
                0x000000000800b1fc       0x14 ../lib-remoteconfig/lib_gd32/libremoteconfig.a(remoteconfigparams.o)
                0x000000000800b1fc                RemoteConfigParams::RemoteConfigParams(RemoteConfigParamsStore*)
                0x000000000800b1fc                RemoteConfigParams::RemoteConfigParams(RemoteConfigParamsStore*)
 .text._ZN18RemoteConfigParams4LoadEv
                0x000000000800b210       0x18 ../lib-remoteconfig/lib_gd32/libremoteconfig.a(remoteconfigparams.o)
                0x000000000800b210                RemoteConfigParams::Load()
 .text._ZN18RemoteConfigParams4LoadEPKcj
                0x000000000800b228       0x3c ../lib-remoteconfig/lib_gd32/libremoteconfig.a(remoteconfigparams.o)
                0x000000000800b228                RemoteConfigParams::Load(char const*, unsigned int)
 .text._ZN18RemoteConfigParams7SetBoolEhj
                0x000000000800b264       0x10 ../lib-remoteconfig/lib_gd32/libremoteconfig.a(remoteconfigparams.o)
                0x000000000800b264                RemoteConfigParams::SetBool(unsigned char, unsigned int)
 .text._ZN18RemoteConfigParams16callbackFunctionEPKc
                0x000000000800b274       0xac ../lib-remoteconfig/lib_gd32/libremoteconfig.a(remoteconfigparams.o)
                0x000000000800b274                RemoteConfigParams::callbackFunction(char const*)
 .text._ZN18RemoteConfigParams22staticCallbackFunctionEPvPKc
                0x000000000800b320        0x4 ../lib-remoteconfig/lib_gd32/libremoteconfig.a(remoteconfigparams.o)
                0x000000000800b320                RemoteConfigParams::staticCallbackFunction(void*, char const*)
 .text._ZN18RemoteConfigParams7BuilderEPK19TRemoteConfigParamsPcjRj
                0x000000000800b324      0x120 ../lib-remoteconfig/lib_gd32/libremoteconfig.a(remoteconfigparams.o)
                0x000000000800b324                RemoteConfigParams::Builder(TRemoteConfigParams const*, char*, unsigned int, unsigned int&)
 .text._ZN18RemoteConfigParams4SaveEPcjRj
                0x000000000800b444       0x1a ../lib-remoteconfig/lib_gd32/libremoteconfig.a(remoteconfigparams.o)
                0x000000000800b444                RemoteConfigParams::Save(char*, unsigned int, unsigned int&)
 .text._ZN18RemoteConfigParams3SetEP12RemoteConfig
                0x000000000800b45e       0x40 ../lib-remoteconfig/lib_gd32/libremoteconfig.a(remoteconfigparams.o)
                0x000000000800b45e                RemoteConfigParams::Set(RemoteConfig*)
 .text._ZN18RemoteConfigParams4DumpEv
                0x000000000800b49e        0x2 ../lib-remoteconfig/lib_gd32/libremoteconfig.a(remoteconfigparamsdump.o)
                0x000000000800b49e                RemoteConfigParams::Dump()
 .text._ZN12RemoteConfig12HandleRebootEv
                0x000000000800b4a0       0xa4 ../lib-remoteconfig/lib_gd32/libremoteconfig.a(remoteconfigreboot.o)
                0x000000000800b4a0                RemoteConfig::HandleReboot()
 .text._ZN12RemoteConfig8GetIndexEPKvRj
                0x000000000800b544       0x54 ../lib-remoteconfig/lib_gd32/libremoteconfig.a(remoteconfigstatic.o)
                0x000000000800b544                RemoteConfig::GetIndex(void const*, unsigned int&)
 .text._ZN12RemoteConfig21PlatformHandleTftpSetEv
                0x000000000800b598       0x10 ../lib-remoteconfig/lib_gd32/libremoteconfig.a(remoteconfig.o)
                0x000000000800b598                RemoteConfig::PlatformHandleTftpSet()
 .text._ZN12RemoteConfig21PlatformHandleTftpGetEv
                0x000000000800b5a8       0x1a ../lib-remoteconfig/lib_gd32/libremoteconfig.a(remoteconfig.o)
                0x000000000800b5a8                RemoteConfig::PlatformHandleTftpGet()
 .text.strcmp   0x000000000800b5c2       0x1a ../lib-remoteconfig/lib_gd32/libremoteconfig.a(httd.o)
 .text.strcasecmp
                0x000000000800b5dc       0x34 ../lib-remoteconfig/lib_gd32/libremoteconfig.a(httd.o)
 .text._ZN16PropertiesConfig10EnableJSONEb
                0x000000000800b610       0x18 ../lib-remoteconfig/lib_gd32/libremoteconfig.a(httd.o)
                0x000000000800b610                PropertiesConfig::EnableJSON(bool)
 .text._ZN10HttpDaemonC2Ev
                0x000000000800b628       0x28 ../lib-remoteconfig/lib_gd32/libremoteconfig.a(httd.o)
                0x000000000800b628                HttpDaemon::HttpDaemon()
                0x000000000800b628                HttpDaemon::HttpDaemon()
 .text._ZN10HttpDaemon5StartEv
                0x000000000800b650       0x18 ../lib-remoteconfig/lib_gd32/libremoteconfig.a(httd.o)
                0x000000000800b650                HttpDaemon::Start()
 .text._ZN10HttpDaemon11ParseMethodEPc
                0x000000000800b668       0x8c ../lib-remoteconfig/lib_gd32/libremoteconfig.a(httd.o)
                0x000000000800b668                HttpDaemon::ParseMethod(char*)
 .text._ZN10HttpDaemon16ParseHeaderFieldEPc
                0x000000000800b6f4       0x94 ../lib-remoteconfig/lib_gd32/libremoteconfig.a(httd.o)
                0x000000000800b6f4                HttpDaemon::ParseHeaderField(char*)
 .text._ZN10HttpDaemon12ParseRequestEv
                0x000000000800b788       0x6e ../lib-remoteconfig/lib_gd32/libremoteconfig.a(httd.o)
                0x000000000800b788                HttpDaemon::ParseRequest()
 *fill*         0x000000000800b7f6        0x2 
 .text._ZN10HttpDaemon12HandleGetTxtEv
                0x000000000800b7f8       0x88 ../lib-remoteconfig/lib_gd32/libremoteconfig.a(httd.o)
                0x000000000800b7f8                HttpDaemon::HandleGetTxt()
 .text._ZN10HttpDaemon9HandleGetEv
                0x000000000800b880      0x14c ../lib-remoteconfig/lib_gd32/libremoteconfig.a(httd.o)
                0x000000000800b880                HttpDaemon::HandleGet()
 .text._ZN10HttpDaemon10HandlePostEb
                0x000000000800b9cc      0x160 ../lib-remoteconfig/lib_gd32/libremoteconfig.a(httd.o)
                0x000000000800b9cc                HttpDaemon::HandlePost(bool)
 .text._ZN10HttpDaemon3RunEv
                0x000000000800bb2c      0x158 ../lib-remoteconfig/lib_gd32/libremoteconfig.a(httd.o)
                0x000000000800bb2c                HttpDaemon::Run()
 .text._ZN12remoteconfig13json_get_listEPct
                0x000000000800bc84       0x60 ../lib-remoteconfig/lib_gd32/libremoteconfig.a(remoteconfigjson.o)
                0x000000000800bc84                remoteconfig::json_get_list(char*, unsigned short)
 .text._ZN12remoteconfig16json_get_versionEPct
                0x000000000800bce4       0x38 ../lib-remoteconfig/lib_gd32/libremoteconfig.a(remoteconfigjson.o)
                0x000000000800bce4                remoteconfig::json_get_version(char*, unsigned short)
 .text._ZN12remoteconfig15json_get_uptimeEPct
                0x000000000800bd1c       0x20 ../lib-remoteconfig/lib_gd32/libremoteconfig.a(remoteconfigjson.o)
                0x000000000800bd1c                remoteconfig::json_get_uptime(char*, unsigned short)
 .text._ZN12remoteconfig16json_get_displayEPct
                0x000000000800bd3c       0x20 ../lib-remoteconfig/lib_gd32/libremoteconfig.a(remoteconfigjson.o)
                0x000000000800bd3c                remoteconfig::json_get_display(char*, unsigned short)
 .text._ZN12remoteconfig18json_get_directoryEPct
                0x000000000800bd5c       0x10 ../lib-remoteconfig/lib_gd32/libremoteconfig.a(remoteconfigjson.o)
                0x000000000800bd5c                remoteconfig::json_get_directory(char*, unsigned short)
 .text._Z16get_file_contentPKcPc
                0x000000000800bd6c       0x4c ../lib-remoteconfig/lib_gd32/libremoteconfig.a(get_file_content.o)
                0x000000000800bd6c                get_file_content(char const*, char*)
 .text._ZN11ArtNet4Node15IsStatusChangedEv
                0x000000000800bdb8       0x12 ../lib-artnet4/lib_gd32/libartnet4.a(artnet4node.o)
                0x000000000800bdb8                ArtNet4Node::IsStatusChanged()
 .text._ZN11ArtNet4Node7SetPortEjN8lightset7PortDirE
                0x000000000800bdca       0x60 ../lib-artnet4/lib_gd32/libartnet4.a(artnet4node.o)
                0x000000000800bdca                ArtNet4Node::SetPort(unsigned int, lightset::PortDir)
 *fill*         0x000000000800be2a        0x2 
 .text._ZN11ArtNet4Node15SetLedBlinkModeEN8ledblink4ModeE
                0x000000000800be2c       0x1c ../lib-artnet4/lib_gd32/libartnet4.a(artnet4node.o)
                0x000000000800be2c                ArtNet4Node::SetLedBlinkMode(ledblink::Mode)
 .text._ZN11ArtNet4NodeD2Ev
                0x000000000800be48       0x20 ../lib-artnet4/lib_gd32/libartnet4.a(artnet4node.o)
                0x000000000800be48                ArtNet4Node::~ArtNet4Node()
                0x000000000800be48                ArtNet4Node::~ArtNet4Node()
 .text._ZN11ArtNet4NodeD0Ev
                0x000000000800be68       0x12 ../lib-artnet4/lib_gd32/libartnet4.a(artnet4node.o)
                0x000000000800be68                ArtNet4Node::~ArtNet4Node()
 .text._ZN11ArtNet4Node9GetStatusEj
                0x000000000800be7a       0x3a ../lib-artnet4/lib_gd32/libartnet4.a(artnet4node.o)
                0x000000000800be7a                ArtNet4Node::GetStatus(unsigned int)
 .text._ZN11ArtNet4Node13HandleAddressEh
                0x000000000800beb4      0x140 ../lib-artnet4/lib_gd32/libartnet4.a(artnet4node.o)
                0x000000000800beb4                ArtNet4Node::HandleAddress(unsigned char)
 .text._ZN11ArtNet4NodeC2Ev
                0x000000000800bff4       0x24 ../lib-artnet4/lib_gd32/libartnet4.a(artnet4node.o)
                0x000000000800bff4                ArtNet4Node::ArtNet4Node()
                0x000000000800bff4                ArtNet4Node::ArtNet4Node()
 .text._ZN11ArtNet4Node5StartEv
                0x000000000800c018       0x68 ../lib-artnet4/lib_gd32/libartnet4.a(artnet4node.o)
                0x000000000800c018                ArtNet4Node::Start()
 .text._ZN11ArtNet4Node3RunEv
                0x000000000800c080       0x24 ../lib-artnet4/lib_gd32/libartnet4.a(artnet4node.o)
                0x000000000800c080                ArtNet4Node::Run()
 .text._ZN11ArtNet4Node5PrintEv
                0x000000000800c0a4       0x30 ../lib-artnet4/lib_gd32/libartnet4.a(artnet4node.o)
                0x000000000800c0a4                ArtNet4Node::Print()
 .text.strncpy.isra.0
                0x000000000800c0d4       0x1e ../lib-artnet/lib_gd32/libartnet.a(artnetnode.o)
 .text._ZN10ArtNetNodeD2Ev
                0x000000000800c0f2        0x2 ../lib-artnet/lib_gd32/libartnet.a(artnetnode.o)
                0x000000000800c0f2                ArtNetNode::~ArtNetNode()
                0x000000000800c0f2                ArtNetNode::~ArtNetNode()
 .text._ZN10ArtNetNode5StartEv
                0x000000000800c0f4       0x80 ../lib-artnet/lib_gd32/libartnet.a(artnetnode.o)
                0x000000000800c0f4                ArtNetNode::Start()
 .text._ZN10ArtNetNode4StopEv
                0x000000000800c174       0x9c ../lib-artnet/lib_gd32/libartnet.a(artnetnode.o)
                0x000000000800c174                ArtNetNode::Stop()
 .text._ZN10ArtNetNode12SetShortNameEPKc
                0x000000000800c210       0x50 ../lib-artnet/lib_gd32/libartnet.a(artnetnode.o)
                0x000000000800c210                ArtNetNode::SetShortName(char const*)
 .text._ZN10ArtNetNode11SetLongNameEPKc
                0x000000000800c260       0x50 ../lib-artnet/lib_gd32/libartnet.a(artnetnode.o)
                0x000000000800c260                ArtNetNode::SetLongName(char const*)
 .text._ZN10ArtNetNodeC2Ev
                0x000000000800c2b0      0x150 ../lib-artnet/lib_gd32/libartnet.a(artnetnode.o)
                0x000000000800c2b0                ArtNetNode::ArtNetNode()
                0x000000000800c2b0                ArtNetNode::ArtNetNode()
 .text._ZN10ArtNetNode27SetNetworkDataLossConditionEv
                0x000000000800c400       0x84 ../lib-artnet/lib_gd32/libartnet.a(artnetnode.o)
                0x000000000800c400                ArtNetNode::SetNetworkDataLossCondition()
 .text._ZN10ArtNetNode7GetTypeEv
                0x000000000800c484       0x50 ../lib-artnet/lib_gd32/libartnet.a(artnetnode.o)
                0x000000000800c484                ArtNetNode::GetType()
 .text._ZN10ArtNetNode3RunEv
                0x000000000800c4d4      0x1b8 ../lib-artnet/lib_gd32/libartnet.a(artnetnode.o)
                0x000000000800c4d4                ArtNetNode::Run()
 .text._ZNK10ArtNetNode14GetPortAddressEjRtN8lightset7PortDirE
                0x000000000800c68c       0x30 ../lib-artnet/lib_gd32/libartnet.a(artnetnodegetportaddress.o)
                0x000000000800c68c                ArtNetNode::GetPortAddress(unsigned int, unsigned short&, lightset::PortDir) const
 .text._ZN10ArtNetNode15MakePortAddressEtj
                0x000000000800c6bc       0x20 ../lib-artnet/lib_gd32/libartnet.a(artnetnodehandleaddress.o)
                0x000000000800c6bc                ArtNetNode::MakePortAddress(unsigned short, unsigned int)
 .text._ZN10ArtNetNode17SetUniverseSwitchEjN8lightset7PortDirEh
                0x000000000800c6dc      0x16e ../lib-artnet/lib_gd32/libartnet.a(artnetnodehandleaddress.o)
                0x000000000800c6dc                ArtNetNode::SetUniverseSwitch(unsigned int, lightset::PortDir, unsigned char)
 .text._ZN10ArtNetNode11SetUniverseEjN8lightset7PortDirEt
                0x000000000800c84a       0x20 ../lib-artnet/lib_gd32/libartnet.a(artnetnodehandleaddress.o)
                0x000000000800c84a                ArtNetNode::SetUniverse(unsigned int, lightset::PortDir, unsigned short)
 .text._ZNK10ArtNetNode17GetUniverseSwitchEjRhN8lightset7PortDirE
                0x000000000800c86a       0x34 ../lib-artnet/lib_gd32/libartnet.a(artnetnodehandleaddress.o)
                0x000000000800c86a                ArtNetNode::GetUniverseSwitch(unsigned int, unsigned char&, lightset::PortDir) const
 .text._ZN10ArtNetNode15SetSubnetSwitchEhj
                0x000000000800c89e       0x66 ../lib-artnet/lib_gd32/libartnet.a(artnetnodehandleaddress.o)
                0x000000000800c89e                ArtNetNode::SetSubnetSwitch(unsigned char, unsigned int)
 .text._ZN10ArtNetNode12SetNetSwitchEhj
                0x000000000800c904       0x66 ../lib-artnet/lib_gd32/libartnet.a(artnetnodehandleaddress.o)
                0x000000000800c904                ArtNetNode::SetNetSwitch(unsigned char, unsigned int)
 .text._ZN10ArtNetNode15SetPortProtocolEjN6artnet12PortProtocolE
                0x000000000800c96a       0x56 ../lib-artnet/lib_gd32/libartnet.a(artnetnodehandleaddress.o)
                0x000000000800c96a                ArtNetNode::SetPortProtocol(unsigned int, artnet::PortProtocol)
 .text._ZN10ArtNetNode12SetMergeModeEjN8lightset9MergeModeE
                0x000000000800c9c0       0x56 ../lib-artnet/lib_gd32/libartnet.a(artnetnodehandleaddress.o)
                0x000000000800c9c0                ArtNetNode::SetMergeMode(unsigned int, lightset::MergeMode)
 .text._ZN10ArtNetNode11SetFailSafeEN10artnetnode8FailSafeE
                0x000000000800ca16       0x5e ../lib-artnet/lib_gd32/libartnet.a(artnetnodehandleaddress.o)
                0x000000000800ca16                ArtNetNode::SetFailSafe(artnetnode::FailSafe)
 .text._ZN10ArtNetNode13HandleAddressEv
                0x000000000800ca74      0x274 ../lib-artnet/lib_gd32/libartnet.a(artnetnodehandleaddress.o)
                0x000000000800ca74                ArtNetNode::HandleAddress()
 .text._ZN8lightset4Data13IMergeSourceAEjPKhjNS_9MergeModeE.part.0
                0x000000000800cce8       0x28 ../lib-artnet/lib_gd32/libartnet.a(artnetnodehandledmx.o)
 .text.memcpy.isra.0
                0x000000000800cd10       0x14 ../lib-artnet/lib_gd32/libartnet.a(artnetnodehandledmx.o)
 .text._ZN8lightset4Data3GetEv
                0x000000000800cd24       0x18 ../lib-artnet/lib_gd32/libartnet.a(artnetnodehandledmx.o)
                0x000000000800cd24                lightset::Data::Get()
 .text._ZN8lightset4Data10SetSourceAEjPKhj
                0x000000000800cd3c       0x3c ../lib-artnet/lib_gd32/libartnet.a(artnetnodehandledmx.o)
                0x000000000800cd3c                lightset::Data::SetSourceA(unsigned int, unsigned char const*, unsigned int)
 .text._ZN8lightset4Data12MergeSourceAEjPKhjNS_9MergeModeE
                0x000000000800cd78       0x52 ../lib-artnet/lib_gd32/libartnet.a(artnetnodehandledmx.o)
                0x000000000800cd78                lightset::Data::MergeSourceA(unsigned int, unsigned char const*, unsigned int, lightset::MergeMode)
 .text._ZN8lightset4Data12MergeSourceBEjPKhjNS_9MergeModeE
                0x000000000800cdca       0x54 ../lib-artnet/lib_gd32/libartnet.a(artnetnodehandledmx.o)
                0x000000000800cdca                lightset::Data::MergeSourceB(unsigned int, unsigned char const*, unsigned int, lightset::MergeMode)
 .text._ZN10ArtNetNode17UpdateMergeStatusEj
                0x000000000800ce1e       0x22 ../lib-artnet/lib_gd32/libartnet.a(artnetnodehandledmx.o)
                0x000000000800ce1e                ArtNetNode::UpdateMergeStatus(unsigned int)
 .text._ZN10ArtNetNode18CheckMergeTimeoutsEj
                0x000000000800ce40       0x78 ../lib-artnet/lib_gd32/libartnet.a(artnetnodehandledmx.o)
                0x000000000800ce40                ArtNetNode::CheckMergeTimeouts(unsigned int)
 .text._ZN10ArtNetNode9HandleDmxEv
                0x000000000800ceb8      0x1a2 ../lib-artnet/lib_gd32/libartnet.a(artnetnodehandledmx.o)
                0x000000000800ceb8                ArtNetNode::HandleDmx()
 *fill*         0x000000000800d05a        0x2 
 .text._ZN10ArtNetNode16SetDestinationIpEjj
                0x000000000800d05c       0x30 ../lib-artnet/lib_gd32/libartnet.a(artnetnodehandledmxin.o)
                0x000000000800d05c                ArtNetNode::SetDestinationIp(unsigned int, unsigned int)
 .text._ZN10ArtNetNode11HandleDmxInEv
                0x000000000800d08c       0xec ../lib-artnet/lib_gd32/libartnet.a(artnetnodehandledmxin.o)
                0x000000000800d08c                ArtNetNode::HandleDmxIn()
 .text.memcmp.constprop.0
                0x000000000800d178       0x24 ../lib-artnet/lib_gd32/libartnet.a(artnetnodehandleipprog.o)
 .text.memcpy.constprop.0.isra.0
                0x000000000800d19c       0x14 ../lib-artnet/lib_gd32/libartnet.a(artnetnodehandleipprog.o)
 .text._ZN10ArtNetNode12HandleIpProgEv
                0x000000000800d1b0      0x184 ../lib-artnet/lib_gd32/libartnet.a(artnetnodehandleipprog.o)
                0x000000000800d1b0                ArtNetNode::HandleIpProg()
 .text.memcpy.isra.0
                0x000000000800d334       0x14 ../lib-artnet/lib_gd32/libartnet.a(artnetnodehandlepoll.o)
 .text._ZN10ArtNetNode13FillPollReplyEv
                0x000000000800d348       0xd8 ../lib-artnet/lib_gd32/libartnet.a(artnetnodehandlepoll.o)
                0x000000000800d348                ArtNetNode::FillPollReply()
 .text._ZN10ArtNetNode17ProcessPollRelplyEjjRj
                0x000000000800d420       0xda ../lib-artnet/lib_gd32/libartnet.a(artnetnodehandlepoll.o)
                0x000000000800d420                ArtNetNode::ProcessPollRelply(unsigned int, unsigned int, unsigned int&)
 *fill*         0x000000000800d4fa        0x2 
 .text._ZN10ArtNetNode14SendPollRelplyEb
                0x000000000800d4fc       0xd8 ../lib-artnet/lib_gd32/libartnet.a(artnetnodehandlepoll.o)
                0x000000000800d4fc                ArtNetNode::SendPollRelply(bool)
 .text._ZN10ArtNetNode10HandlePollEv
                0x000000000800d5d4       0x7a ../lib-artnet/lib_gd32/libartnet.a(artnetnodehandlepoll.o)
                0x000000000800d5d4                ArtNetNode::HandlePoll()
 .text._ZN10ArtNetNode6SetRmdEjb
                0x000000000800d64e       0x40 ../lib-artnet/lib_gd32/libartnet.a(artnetnodehandlerdm.o)
                0x000000000800d64e                ArtNetNode::SetRmd(unsigned int, bool)
 .text._ZN10ArtNetNode7SendTodEj
                0x000000000800d68e       0xb2 ../lib-artnet/lib_gd32/libartnet.a(artnetnodehandlerdm.o)
                0x000000000800d68e                ArtNetNode::SendTod(unsigned int)
 .text._ZN10ArtNetNode16HandleTodControlEv
                0x000000000800d740       0x7a ../lib-artnet/lib_gd32/libartnet.a(artnetnodehandlerdm.o)
                0x000000000800d740                ArtNetNode::HandleTodControl()
 .text._ZN10ArtNetNode16HandleTodRequestEv
                0x000000000800d7ba       0x3c ../lib-artnet/lib_gd32/libartnet.a(artnetnodehandlerdm.o)
                0x000000000800d7ba                ArtNetNode::HandleTodRequest()
 .text._ZN10ArtNetNode9HandleRdmEv
                0x000000000800d7f6       0xdc ../lib-artnet/lib_gd32/libartnet.a(artnetnodehandlerdm.o)
                0x000000000800d7f6                ArtNetNode::HandleRdm()
 .text._ZN10ArtNetNode9SetRdmUIDEPKhb
                0x000000000800d8d2       0x2c ../lib-artnet/lib_gd32/libartnet.a(artnetnodehandlerdm.o)
                0x000000000800d8d2                ArtNetNode::SetRdmUID(unsigned char const*, bool)
 *fill*         0x000000000800d8fe        0x2 
 .text._ZN10ArtNetNode10HandleSyncEv
                0x000000000800d900       0x94 ../lib-artnet/lib_gd32/libartnet.a(artnetnodehandlesync.o)
                0x000000000800d900                ArtNetNode::HandleSync()
 .text._ZN10ArtNetNode14HandleTimeCodeEv
                0x000000000800d994        0xc ../lib-artnet/lib_gd32/libartnet.a(artnetnodehandletimecode.o)
                0x000000000800d994                ArtNetNode::HandleTimeCode()
 .text._ZN10ArtNetNode14HandleTimeSyncEv
                0x000000000800d9a0       0x44 ../lib-artnet/lib_gd32/libartnet.a(artnetnodehandletimesync.o)
                0x000000000800d9a0                ArtNetNode::HandleTimeSync()
 .text._ZN10ArtNetNode5PrintEv
                0x000000000800d9e4      0x134 ../lib-artnet/lib_gd32/libartnet.a(artnetnodeprint.o)
                0x000000000800d9e4                ArtNetNode::Print()
 .text.memcmp   0x000000000800db18       0x28 ../lib-artnet/lib_gd32/libartnet.a(artnetparams.o)
 .text._ZN17PropertiesBuilder3AddIhEEbPKcT_bj.isra.0
                0x000000000800db40       0x50 ../lib-artnet/lib_gd32/libartnet.a(artnetparams.o)
 .text._ZN17PropertiesBuilder3AddIPKcEEbS2_T_bj.isra.0
                0x000000000800db90       0x50 ../lib-artnet/lib_gd32/libartnet.a(artnetparams.o)
 .text._ZN17PropertiesBuilder3AddEPKcb.isra.0
                0x000000000800dbe0       0x50 ../lib-artnet/lib_gd32/libartnet.a(artnetparams.o)
 .text.strncpy.isra.0
                0x000000000800dc30       0x16 ../lib-artnet/lib_gd32/libartnet.a(artnetparams.o)
 *fill*         0x000000000800dc46        0x2 
 .text._ZN12ArtNetParamsC2EP17ArtNetParamsStore
                0x000000000800dc48       0x40 ../lib-artnet/lib_gd32/libartnet.a(artnetparams.o)
                0x000000000800dc48                ArtNetParams::ArtNetParams(ArtNetParamsStore*)
                0x000000000800dc48                ArtNetParams::ArtNetParams(ArtNetParamsStore*)
 .text._ZN12ArtNetParams4LoadEv
                0x000000000800dc88       0x1c ../lib-artnet/lib_gd32/libartnet.a(artnetparams.o)
                0x000000000800dc88                ArtNetParams::Load()
 .text._ZN12ArtNetParams4LoadEPKcj
                0x000000000800dca4       0x44 ../lib-artnet/lib_gd32/libartnet.a(artnetparams.o)
                0x000000000800dca4                ArtNetParams::Load(char const*, unsigned int)
 .text._ZN12ArtNetParams7SetBoolEhj
                0x000000000800dce8       0x10 ../lib-artnet/lib_gd32/libartnet.a(artnetparams.o)
                0x000000000800dce8                ArtNetParams::SetBool(unsigned char, unsigned int)
 .text._ZN12ArtNetParams16callbackFunctionEPKc
                0x000000000800dcf8      0x3d4 ../lib-artnet/lib_gd32/libartnet.a(artnetparams.o)
                0x000000000800dcf8                ArtNetParams::callbackFunction(char const*)
 .text._ZN12ArtNetParams22staticCallbackFunctionEPvPKc
                0x000000000800e0cc        0x4 ../lib-artnet/lib_gd32/libartnet.a(artnetparams.o)
                0x000000000800e0cc                ArtNetParams::staticCallbackFunction(void*, char const*)
 .text._ZN12ArtNetParams7BuilderEPKN12artnetparams6ParamsEPcjRj
                0x000000000800e0d0      0x2dc ../lib-artnet/lib_gd32/libartnet.a(artnetparams.o)
                0x000000000800e0d0                ArtNetParams::Builder(artnetparams::Params const*, char*, unsigned int, unsigned int&)
 .text._ZN12ArtNetParams4SaveEPcjRj
                0x000000000800e3ac       0x1a ../lib-artnet/lib_gd32/libartnet.a(artnetparams.o)
                0x000000000800e3ac                ArtNetParams::Save(char*, unsigned int, unsigned int&)
 *fill*         0x000000000800e3c6        0x2 
 .text._ZN12ArtNetParams3SetEj
                0x000000000800e3c8      0x128 ../lib-artnet/lib_gd32/libartnet.a(artnetparams.o)
                0x000000000800e3c8                ArtNetParams::Set(unsigned int)
 .text._ZN12ArtNetParams4DumpEv
                0x000000000800e4f0        0x2 ../lib-artnet/lib_gd32/libartnet.a(artnetparamsdump.o)
                0x000000000800e4f0                ArtNetParams::Dump()
 *fill*         0x000000000800e4f2        0x2 
 .text._ZN10ArtNetNode13HandleTriggerEv
                0x000000000800e4f4       0x34 ../lib-artnet/lib_gd32/libartnet.a(artnettrigger.o)
                0x000000000800e4f4                ArtNetNode::HandleTrigger()
 .text._ZN4e131L24universe_to_multicast_ipEt
                0x000000000800e528       0x24 ../lib-e131/lib_gd32/libe131.a(e131bridge.o)
 .text.memset.constprop.0.isra.0
                0x000000000800e54c       0x10 ../lib-e131/lib_gd32/libe131.a(e131bridge.o)
 .text.memcpy.isra.0
                0x000000000800e55c       0x14 ../lib-e131/lib_gd32/libe131.a(e131bridge.o)
 .text._ZN10E131BridgeC2Ev
                0x000000000800e570       0xd4 ../lib-e131/lib_gd32/libe131.a(e131bridge.o)
                0x000000000800e570                E131Bridge::E131Bridge()
                0x000000000800e570                E131Bridge::E131Bridge()
 .text._ZN10E131BridgeD2Ev
                0x000000000800e644        0x2 ../lib-e131/lib_gd32/libe131.a(e131bridge.o)
                0x000000000800e644                E131Bridge::~E131Bridge()
                0x000000000800e644                E131Bridge::~E131Bridge()
 *fill*         0x000000000800e646        0x2 
 .text._ZN10E131Bridge5StartEv
                0x000000000800e648       0x7c ../lib-e131/lib_gd32/libe131.a(e131bridge.o)
                0x000000000800e648                E131Bridge::Start()
 .text._ZN10E131Bridge13LeaveUniverseEjt
                0x000000000800e6c4       0x44 ../lib-e131/lib_gd32/libe131.a(e131bridge.o)
                0x000000000800e6c4                E131Bridge::LeaveUniverse(unsigned int, unsigned short)
 .text._ZN10E131Bridge25SetSynchronizationAddressEbbt
                0x000000000800e708       0x54 ../lib-e131/lib_gd32/libe131.a(e131bridge.o)
                0x000000000800e708                E131Bridge::SetSynchronizationAddress(bool, bool, unsigned short)
 .text._ZN10E131Bridge11SetUniverseEjN8lightset7PortDirEt
                0x000000000800e75c       0xf4 ../lib-e131/lib_gd32/libe131.a(e131bridge.o)
                0x000000000800e75c                E131Bridge::SetUniverse(unsigned int, lightset::PortDir, unsigned short)
 .text._ZNK10E131Bridge11GetUniverseEjRtN8lightset7PortDirE
                0x000000000800e850       0x32 ../lib-e131/lib_gd32/libe131.a(e131bridge.o)
                0x000000000800e850                E131Bridge::GetUniverse(unsigned int, unsigned short&, lightset::PortDir) const
 .text._ZN10E131Bridge17UpdateMergeStatusEj
                0x000000000800e882       0x1e ../lib-e131/lib_gd32/libe131.a(e131bridge.o)
                0x000000000800e882                E131Bridge::UpdateMergeStatus(unsigned int)
 .text._ZN10E131Bridge18CheckMergeTimeoutsEj
                0x000000000800e8a0       0x84 ../lib-e131/lib_gd32/libe131.a(e131bridge.o)
                0x000000000800e8a0                E131Bridge::CheckMergeTimeouts(unsigned int)
 .text._ZNK10E131Bridge17IsPriorityTimeOutEj
                0x000000000800e924       0x4a ../lib-e131/lib_gd32/libe131.a(e131bridge.o)
                0x000000000800e924                E131Bridge::IsPriorityTimeOut(unsigned int) const
 .text._ZNK10E131Bridge12isIpCidMatchEPKN10e131bridge6SourceE
                0x000000000800e96e       0x2a ../lib-e131/lib_gd32/libe131.a(e131bridge.o)
                0x000000000800e96e                E131Bridge::isIpCidMatch(e131bridge::Source const*) const
 .text._ZN10E131Bridge27SetNetworkDataLossConditionEbb
                0x000000000800e998      0x12c ../lib-e131/lib_gd32/libe131.a(e131bridge.o)
                0x000000000800e998                E131Bridge::SetNetworkDataLossCondition(bool, bool)
 .text._ZN10E131Bridge9HandleDmxEv
                0x000000000800eac4      0x300 ../lib-e131/lib_gd32/libe131.a(e131bridge.o)
                0x000000000800eac4                E131Bridge::HandleDmx()
 .text._ZN10E131Bridge11IsValidRootEv
                0x000000000800edc4       0x3c ../lib-e131/lib_gd32/libe131.a(e131bridge.o)
                0x000000000800edc4                E131Bridge::IsValidRoot()
 .text._ZN10E131Bridge17IsValidDataPacketEv
                0x000000000800ee00       0x28 ../lib-e131/lib_gd32/libe131.a(e131bridge.o)
                0x000000000800ee00                E131Bridge::IsValidDataPacket()
 .text._ZN10E131Bridge3RunEv
                0x000000000800ee28      0x110 ../lib-e131/lib_gd32/libe131.a(e131bridge.o)
                0x000000000800ee28                E131Bridge::Run()
 .text._ZN10E131Bridge19FillDiscoveryPacketEv
                0x000000000800ef38       0xd8 ../lib-e131/lib_gd32/libe131.a(e131bridgediscoverypacket.o)
                0x000000000800ef38                E131Bridge::FillDiscoveryPacket()
 .text._ZN10E131Bridge19SendDiscoveryPacketEv
                0x000000000800f010       0x62 ../lib-e131/lib_gd32/libe131.a(e131bridgediscoverypacket.o)
                0x000000000800f010                E131Bridge::SendDiscoveryPacket()
 .text.memcpy.isra.0
                0x000000000800f072       0x14 ../lib-e131/lib_gd32/libe131.a(e131bridgehandledmxin.o)
 *fill*         0x000000000800f086        0x2 
 .text._ZN10E131Bridge14FillDataPacketEv
                0x000000000800f088       0x8c ../lib-e131/lib_gd32/libe131.a(e131bridgehandledmxin.o)
                0x000000000800f088                E131Bridge::FillDataPacket()
 .text._ZN10E131Bridge11HandleDmxInEv
                0x000000000800f114       0xf8 ../lib-e131/lib_gd32/libe131.a(e131bridgehandledmxin.o)
                0x000000000800f114                E131Bridge::HandleDmxIn()
 .text._ZN10E131Bridge21HandleSynchronizationEv
                0x000000000800f20c       0xbc ../lib-e131/lib_gd32/libe131.a(e131bridgehandlesynchronization.o)
                0x000000000800f20c                E131Bridge::HandleSynchronization()
 .text._ZN10E131Bridge5PrintEv
                0x000000000800f2c8       0xf4 ../lib-e131/lib_gd32/libe131.a(e131bridgeprint.o)
                0x000000000800f2c8                E131Bridge::Print()
 .text.memcmp   0x000000000800f3bc       0x28 ../lib-e131/lib_gd32/libe131.a(e131params.o)
 .text._ZN17PropertiesBuilder3AddIPKcEEbS2_T_bj.isra.0
                0x000000000800f3e4       0x50 ../lib-e131/lib_gd32/libe131.a(e131params.o)
 .text._ZN10E131ParamsC2EP15E131ParamsStore
                0x000000000800f434       0x48 ../lib-e131/lib_gd32/libe131.a(e131params.o)
                0x000000000800f434                E131Params::E131Params(E131ParamsStore*)
                0x000000000800f434                E131Params::E131Params(E131ParamsStore*)
 .text._ZN10E131Params4LoadEPKcj
                0x000000000800f47c       0x40 ../lib-e131/lib_gd32/libe131.a(e131params.o)
                0x000000000800f47c                E131Params::Load(char const*, unsigned int)
 .text._ZN10E131Params16callbackFunctionEPKc
                0x000000000800f4bc      0x298 ../lib-e131/lib_gd32/libe131.a(e131params.o)
                0x000000000800f4bc                E131Params::callbackFunction(char const*)
 .text._ZN10E131Params22staticCallbackFunctionEPvPKc
                0x000000000800f754        0x4 ../lib-e131/lib_gd32/libe131.a(e131params.o)
                0x000000000800f754                E131Params::staticCallbackFunction(void*, char const*)
 .text._ZN10E131Params7BuilderEPKN10e131params6ParamsEPcjRj
                0x000000000800f758      0x2b0 ../lib-e131/lib_gd32/libe131.a(e131params.o)
                0x000000000800f758                E131Params::Builder(e131params::Params const*, char*, unsigned int, unsigned int&)
 .text._ZN10E131Params4SaveEPcjRj
                0x000000000800fa08       0x1a ../lib-e131/lib_gd32/libe131.a(e131params.o)
                0x000000000800fa08                E131Params::Save(char*, unsigned int, unsigned int&)
 .text._ZN10LLRPDeviceD2Ev
                0x000000000800fa22        0x2 ../lib-rdmnet/lib_gd32/librdmnet.a(llrpdevice.o)
                0x000000000800fa22                LLRPDevice::~LLRPDevice()
                0x000000000800fa22                LLRPDevice::~LLRPDevice()
 .text._ZN10LLRPDevice7CopyUIDEPh
                0x000000000800fa24        0x2 ../lib-rdmnet/lib_gd32/librdmnet.a(llrpdevice.o)
                0x000000000800fa24                LLRPDevice::CopyUID(unsigned char*)
 .text._ZN10LLRPDevice7CopyCIDEPh
                0x000000000800fa26        0x2 ../lib-rdmnet/lib_gd32/librdmnet.a(llrpdevice.o)
                0x000000000800fa26                LLRPDevice::CopyCID(unsigned char*)
 .text._ZN10LLRPDevice20LLRPHandleRdmCommandEPKh
                0x000000000800fa28        0x4 ../lib-rdmnet/lib_gd32/librdmnet.a(llrpdevice.o)
                0x000000000800fa28                LLRPDevice::LLRPHandleRdmCommand(unsigned char const*)
 .text._ZN10LLRPDeviceD0Ev
                0x000000000800fa2c        0xc ../lib-rdmnet/lib_gd32/librdmnet.a(llrpdevice.o)
                0x000000000800fa2c                LLRPDevice::~LLRPDevice()
 .text.memcpy.isra.0
                0x000000000800fa38       0x14 ../lib-rdmnet/lib_gd32/librdmnet.a(llrpdevice.o)
 .text._ZN10LLRPDeviceC2Ev
                0x000000000800fa4c       0x40 ../lib-rdmnet/lib_gd32/librdmnet.a(llrpdevice.o)
                0x000000000800fa4c                LLRPDevice::LLRPDevice()
                0x000000000800fa4c                LLRPDevice::LLRPDevice()
 .text._ZN10LLRPDevice20HandleRequestMessageEv
                0x000000000800fa8c       0xa4 ../lib-rdmnet/lib_gd32/librdmnet.a(llrpdevice.o)
                0x000000000800fa8c                LLRPDevice::HandleRequestMessage()
 .text._ZN10LLRPDevice16HandleRdmCommandEv
                0x000000000800fb30       0xa0 ../lib-rdmnet/lib_gd32/librdmnet.a(llrpdevice.o)
                0x000000000800fb30                LLRPDevice::HandleRdmCommand()
 .text._ZN10LLRPDevice3RunEv
                0x000000000800fbd0       0x4c ../lib-rdmnet/lib_gd32/librdmnet.a(llrpdevice.o)
                0x000000000800fbd0                LLRPDevice::Run()
 .text._ZN10LLRPDevice5PrintEv
                0x000000000800fc1c       0x60 ../lib-rdmnet/lib_gd32/librdmnet.a(llrpdevice.o)
                0x000000000800fc1c                LLRPDevice::Print()
 .text._ZN12RDMNetDevice5PrintEv
                0x000000000800fc7c       0x40 ../lib-rdmnet/lib_gd32/librdmnet.a(rdmnetdevice.o)
                0x000000000800fc7c                RDMNetDevice::Print()
 .text._ZN10RDMSensorsC2Ev
                0x000000000800fcbc       0x10 ../lib-rdmsensor/lib_gd32/librdmsensor.a(rdmsensors.o)
                0x000000000800fcbc                RDMSensors::RDMSensors()
                0x000000000800fcbc                RDMSensors::RDMSensors()
 .text._ZN10RDMSensorsD2Ev
                0x000000000800fccc       0x30 ../lib-rdmsensor/lib_gd32/librdmsensor.a(rdmsensors.o)
                0x000000000800fccc                RDMSensors::~RDMSensors()
                0x000000000800fccc                RDMSensors::~RDMSensors()
 .text._ZN13RDMSubDevicesC2Ev
                0x000000000800fcfc       0x10 ../lib-rdmsubdevice/lib_gd32/librdmsubdevice.a(rdmsubdevices.o)
                0x000000000800fcfc                RDMSubDevices::RDMSubDevices()
                0x000000000800fcfc                RDMSubDevices::RDMSubDevices()
 .text._ZN13RDMSubDevicesD2Ev
                0x000000000800fd0c       0x30 ../lib-rdmsubdevice/lib_gd32/librdmsubdevice.a(rdmsubdevices.o)
                0x000000000800fd0c                RDMSubDevices::~RDMSubDevices()
                0x000000000800fd0c                RDMSubDevices::~RDMSubDevices()
 .text._ZN13RDMSubDevices7GetInfoEt
                0x000000000800fd3c       0x10 ../lib-rdmsubdevice/lib_gd32/librdmsubdevice.a(rdmsubdevices.o)
                0x000000000800fd3c                RDMSubDevices::GetInfo(unsigned short)
 .text._ZN13RDMSubDevices8GetLabelEtP18TRDMDeviceInfoData
                0x000000000800fd4c       0x12 ../lib-rdmsubdevice/lib_gd32/librdmsubdevice.a(rdmsubdevices.o)
                0x000000000800fd4c                RDMSubDevices::GetLabel(unsigned short, TRDMDeviceInfoData*)
 .text._ZN13RDMSubDevices8SetLabelEtPKch
                0x000000000800fd5e       0x1c ../lib-rdmsubdevice/lib_gd32/librdmsubdevice.a(rdmsubdevices.o)
                0x000000000800fd5e                RDMSubDevices::SetLabel(unsigned short, char const*, unsigned char)
 .text._ZN13RDMSubDevices18GetFactoryDefaultsEv
                0x000000000800fd7a       0x26 ../lib-rdmsubdevice/lib_gd32/librdmsubdevice.a(rdmsubdevices.o)
                0x000000000800fd7a                RDMSubDevices::GetFactoryDefaults()
 .text._ZN13RDMSubDevices18SetFactoryDefaultsEv
                0x000000000800fda0       0x1e ../lib-rdmsubdevice/lib_gd32/librdmsubdevice.a(rdmsubdevices.o)
                0x000000000800fda0                RDMSubDevices::SetFactoryDefaults()
 .text._ZN12RDMSubDevice8GetLabelEP18TRDMDeviceInfoData
                0x000000000800fdbe        0xe ../lib-rdmsubdevice/lib_gd32/librdmsubdevice.a(rdmsubdevice.o)
                0x000000000800fdbe                RDMSubDevice::GetLabel(TRDMDeviceInfoData*)
 .text._ZN12RDMSubDevice8SetLabelEPKc
                0x000000000800fdcc       0x1c ../lib-rdmsubdevice/lib_gd32/librdmsubdevice.a(rdmsubdevice.o)
                0x000000000800fdcc                RDMSubDevice::SetLabel(char const*)
 .text._ZN12RDMSubDevice8SetLabelEPKch
                0x000000000800fde8       0x1e ../lib-rdmsubdevice/lib_gd32/librdmsubdevice.a(rdmsubdevice.o)
                0x000000000800fde8                RDMSubDevice::SetLabel(char const*, unsigned char)
 .text._ZN12RDMSubDevice18SetFactoryDefaultsEv
                0x000000000800fe06       0x1c ../lib-rdmsubdevice/lib_gd32/librdmsubdevice.a(rdmsubdevice.o)
                0x000000000800fe06                RDMSubDevice::SetFactoryDefaults()
 .text._ZN12RDMSubDevice17CalculateChecksumEv
                0x000000000800fe22       0x30 ../lib-rdmsubdevice/lib_gd32/librdmsubdevice.a(rdmsubdevice.o)
                0x000000000800fe22                RDMSubDevice::CalculateChecksum()
 .text._ZN12RDMSubDevice18GetFactoryDefaultsEv
                0x000000000800fe52       0x1a ../lib-rdmsubdevice/lib_gd32/librdmsubdevice.a(rdmsubdevice.o)
                0x000000000800fe52                RDMSubDevice::GetFactoryDefaults()
 .text.memcpy.isra.0
                0x000000000800fe6c        0x4 ../lib-rdm/lib_gd32/librdm.a(rdmdeviceparams.o)
 .text._ZN15RDMDeviceParamsC2EP20RDMDeviceParamsStore
                0x000000000800fe70       0x24 ../lib-rdm/lib_gd32/librdm.a(rdmdeviceparams.o)
                0x000000000800fe70                RDMDeviceParams::RDMDeviceParams(RDMDeviceParamsStore*)
                0x000000000800fe70                RDMDeviceParams::RDMDeviceParams(RDMDeviceParamsStore*)
 .text._ZN15RDMDeviceParams4LoadEv
                0x000000000800fe94       0x16 ../lib-rdm/lib_gd32/librdm.a(rdmdeviceparams.o)
                0x000000000800fe94                RDMDeviceParams::Load()
 .text._ZN15RDMDeviceParams3SetEP9RDMDevice
                0x000000000800feaa       0x70 ../lib-rdm/lib_gd32/librdm.a(rdmdeviceparams.o)
                0x000000000800feaa                RDMDeviceParams::Set(RDMDevice*)
 .text._ZN15RDMDeviceParams4DumpEv
                0x000000000800ff1a        0x2 ../lib-rdm/lib_gd32/librdm.a(rdmdeviceparams.o)
                0x000000000800ff1a                RDMDeviceParams::Dump()
 .text._ZN18RDMDeviceResponder17PersonalityUpdateEP8LightSet
                0x000000000800ff1c        0x2 ../lib-rdm/lib_gd32/librdm.a(rdmdeviceresponder.o)
                0x000000000800ff1c                RDMDeviceResponder::PersonalityUpdate(LightSet*)
 .text._ZN18RDMDeviceResponder21DmxStartAddressUpdateEv
                0x000000000800ff1e        0x2 ../lib-rdm/lib_gd32/librdm.a(rdmdeviceresponder.o)
                0x000000000800ff1e                RDMDeviceResponder::DmxStartAddressUpdate()
 .text._ZN18RDMDeviceResponderD2Ev
                0x000000000800ff20       0x20 ../lib-rdm/lib_gd32/librdm.a(rdmdeviceresponder.o)
                0x000000000800ff20                RDMDeviceResponder::~RDMDeviceResponder()
                0x000000000800ff20                RDMDeviceResponder::~RDMDeviceResponder()
 .text._ZN18RDMDeviceResponderD0Ev
                0x000000000800ff40       0x12 ../lib-rdm/lib_gd32/librdm.a(rdmdeviceresponder.o)
                0x000000000800ff40                RDMDeviceResponder::~RDMDeviceResponder()
 *fill*         0x000000000800ff52        0x2 
 .text._ZN18RDMDeviceResponderC2EPP14RDMPersonalityj
                0x000000000800ff54       0xa0 ../lib-rdm/lib_gd32/librdm.a(rdmdeviceresponder.o)
                0x000000000800ff54                RDMDeviceResponder::RDMDeviceResponder(RDMPersonality**, unsigned int)
                0x000000000800ff54                RDMDeviceResponder::RDMDeviceResponder(RDMPersonality**, unsigned int)
 .text._ZN18RDMDeviceResponder4InitEv
                0x000000000800fff4      0x12a ../lib-rdm/lib_gd32/librdm.a(rdmdeviceresponder.o)
                0x000000000800fff4                RDMDeviceResponder::Init()
 *fill*         0x000000000801011e        0x2 
 .text._ZN18RDMDeviceResponder5PrintEv
                0x0000000008010120       0x9c ../lib-rdm/lib_gd32/librdm.a(rdmdeviceresponder.o)
                0x0000000008010120                RDMDeviceResponder::Print()
 .text.memcmp   0x00000000080101bc       0x20 ../lib-rdm/lib_gd32/librdm.a(rdmhandler.o)
 .text.memcpy.isra.0
                0x00000000080101dc       0x14 ../lib-rdm/lib_gd32/librdm.a(rdmhandler.o)
 .text._ZN9RDMDevice8SetLabelEPK18TRDMDeviceInfoData
                0x00000000080101f0       0x46 ../lib-rdm/lib_gd32/librdm.a(rdmhandler.o)
                0x00000000080101f0                RDMDevice::SetLabel(TRDMDeviceInfoData const*)
 .text._ZN18RDMDeviceResponder18SetFactoryDefaultsEv
                0x0000000008010236      0x10c ../lib-rdm/lib_gd32/librdm.a(rdmhandler.o)
                0x0000000008010236                RDMDeviceResponder::SetFactoryDefaults()
 .text._ZN10RDMHandlerC2Eb
                0x0000000008010342        0xc ../lib-rdm/lib_gd32/librdm.a(rdmhandler.o)
                0x0000000008010342                RDMHandler::RDMHandler(bool)
                0x0000000008010342                RDMHandler::RDMHandler(bool)
 .text._ZN10RDMHandler12HandleStringEPKcj
                0x000000000801034e       0x18 ../lib-rdm/lib_gd32/librdm.a(rdmhandler.o)
                0x000000000801034e                RDMHandler::HandleString(char const*, unsigned int)
 *fill*         0x0000000008010366        0x2 
 .text._ZN10RDMHandler20CreateRespondMessageEht
                0x0000000008010368       0x98 ../lib-rdm/lib_gd32/librdm.a(rdmhandler.o)
                0x0000000008010368                RDMHandler::CreateRespondMessage(unsigned char, unsigned short)
 .text._ZN10RDMHandler17RespondMessageAckEv
                0x0000000008010400       0x12 ../lib-rdm/lib_gd32/librdm.a(rdmhandler.o)
                0x0000000008010400                RDMHandler::RespondMessageAck()
 *fill*         0x0000000008010412        0x2 
 .text._ZN10RDMHandler13GetDeviceInfoEt
                0x0000000008010414       0x68 ../lib-rdm/lib_gd32/librdm.a(rdmhandler.o)
                0x0000000008010414                RDMHandler::GetDeviceInfo(unsigned short)
 .text._ZN10RDMHandler18GetFactoryDefaultsEt
                0x000000000801047c       0x80 ../lib-rdm/lib_gd32/librdm.a(rdmhandler.o)
                0x000000000801047c                RDMHandler::GetFactoryDefaults(unsigned short)
 .text._ZN10RDMHandler25GetDeviceModelDescriptionEt
                0x00000000080104fc       0x1c ../lib-rdm/lib_gd32/librdm.a(rdmhandler.o)
                0x00000000080104fc                RDMHandler::GetDeviceModelDescription(unsigned short)
 .text._ZN10RDMHandler20GetManufacturerLabelEt
                0x0000000008010518       0x20 ../lib-rdm/lib_gd32/librdm.a(rdmhandler.o)
                0x0000000008010518                RDMHandler::GetManufacturerLabel(unsigned short)
 .text._ZN10RDMHandler14GetDeviceLabelEt
                0x0000000008010538       0x3c ../lib-rdm/lib_gd32/librdm.a(rdmhandler.o)
                0x0000000008010538                RDMHandler::GetDeviceLabel(unsigned short)
 .text._ZN10RDMHandler17GetIdentifyDeviceEt
                0x0000000008010574       0x14 ../lib-rdm/lib_gd32/librdm.a(rdmhandler.o)
                0x0000000008010574                RDMHandler::GetIdentifyDevice(unsigned short)
 .text._ZN10RDMHandler18RespondMessageNackEt
                0x0000000008010588        0x8 ../lib-rdm/lib_gd32/librdm.a(rdmhandler.o)
                0x0000000008010588                RDMHandler::RespondMessageNack(unsigned short)
 .text._ZN10RDMHandler14SetResetDeviceEbt
                0x0000000008010590       0x48 ../lib-rdm/lib_gd32/librdm.a(rdmhandler.o)
                0x0000000008010590                RDMHandler::SetResetDevice(bool, unsigned short)
 .text._ZN10RDMHandler17SetIdentifyDeviceEbt
                0x00000000080105d8       0x7c ../lib-rdm/lib_gd32/librdm.a(rdmhandler.o)
                0x00000000080105d8                RDMHandler::SetIdentifyDevice(bool, unsigned short)
 .text._ZN10RDMHandler18SetFactoryDefaultsEbt
                0x0000000008010654       0x34 ../lib-rdm/lib_gd32/librdm.a(rdmhandler.o)
                0x0000000008010654                RDMHandler::SetFactoryDefaults(bool, unsigned short)
 .text._ZN10RDMHandler14SetDeviceLabelEbt
                0x0000000008010688       0x58 ../lib-rdm/lib_gd32/librdm.a(rdmhandler.o)
                0x0000000008010688                RDMHandler::SetDeviceLabel(bool, unsigned short)
 .text._ZN10RDMHandler8HandlersEbhtht
                0x00000000080106e0       0xe0 ../lib-rdm/lib_gd32/librdm.a(rdmhandler.o)
                0x00000000080106e0                RDMHandler::Handlers(bool, unsigned char, unsigned short, unsigned char, unsigned short)
 .text._ZN10RDMHandler10HandleDataEPKhPh
                0x00000000080107c0      0x19c ../lib-rdm/lib_gd32/librdm.a(rdmhandler.o)
                0x00000000080107c0                RDMHandler::HandleData(unsigned char const*, unsigned char*)
 .text._ZN11RDMIdentifyC2Ev
                0x000000000801095c        0xc ../lib-rdm/lib_gd32/librdm.a(rdmidentify.o)
                0x000000000801095c                RDMIdentify::RDMIdentify()
                0x000000000801095c                RDMIdentify::RDMIdentify()
 .text._ZN11RDMIdentify2OnEN3rdm8identify4ModeE
                0x0000000008010968        0x2 ../lib-rdm/lib_gd32/librdm.a(rdmidentify.o)
                0x0000000008010968                RDMIdentify::On(rdm::identify::Mode)
 .text._ZN11RDMIdentify3OffEN3rdm8identify4ModeE
                0x000000000801096a        0x2 ../lib-rdm/lib_gd32/librdm.a(rdmidentify.o)
                0x000000000801096a                RDMIdentify::Off(rdm::identify::Mode)
 .text.memcpy.constprop.0.isra.0
                0x000000000801096c       0x14 ../lib-rdm/lib_gd32/librdm.a(rdmhandlere1372.o)
 .text._ZN10RDMHandler16GetInterfaceListEt
                0x0000000008010980       0x28 ../lib-rdm/lib_gd32/librdm.a(rdmhandlere1372.o)
                0x0000000008010980                RDMHandler::GetInterfaceList(unsigned short)
 .text._ZN10RDMHandler16GetInterfaceNameEt
                0x00000000080109a8       0x4c ../lib-rdm/lib_gd32/librdm.a(rdmhandlere1372.o)
                0x00000000080109a8                RDMHandler::GetInterfaceName(unsigned short)
 .text._ZN10RDMHandler18GetHardwareAddressEt
                0x00000000080109f4       0x30 ../lib-rdm/lib_gd32/librdm.a(rdmhandlere1372.o)
                0x00000000080109f4                RDMHandler::GetHardwareAddress(unsigned short)
 .text._ZN10RDMHandler11GetDHCPModeEt
                0x0000000008010a24       0x2c ../lib-rdm/lib_gd32/librdm.a(rdmhandlere1372.o)
                0x0000000008010a24                RDMHandler::GetDHCPMode(unsigned short)
 .text._ZN10RDMHandler11SetDHCPModeEbt
                0x0000000008010a50       0x48 ../lib-rdm/lib_gd32/librdm.a(rdmhandlere1372.o)
                0x0000000008010a50                RDMHandler::SetDHCPMode(bool, unsigned short)
 .text._ZN10RDMHandler14GetNameServersEt
                0x0000000008010a98       0x22 ../lib-rdm/lib_gd32/librdm.a(rdmhandlere1372.o)
                0x0000000008010a98                RDMHandler::GetNameServers(unsigned short)
 *fill*         0x0000000008010aba        0x2 
 .text._ZN10RDMHandler11GetZeroconfEt
                0x0000000008010abc       0x30 ../lib-rdm/lib_gd32/librdm.a(rdmhandlere1372.o)
                0x0000000008010abc                RDMHandler::GetZeroconf(unsigned short)
 .text._ZN10RDMHandler11SetZeroconfEbt
                0x0000000008010aec       0x48 ../lib-rdm/lib_gd32/librdm.a(rdmhandlere1372.o)
                0x0000000008010aec                RDMHandler::SetZeroconf(bool, unsigned short)
 .text._ZN10RDMHandler9RenewDhcpEbt
                0x0000000008010b34       0x2c ../lib-rdm/lib_gd32/librdm.a(rdmhandlere1372.o)
                0x0000000008010b34                RDMHandler::RenewDhcp(bool, unsigned short)
 .text._ZN10RDMHandler17GetAddressNetmaskEt
                0x0000000008010b60       0x48 ../lib-rdm/lib_gd32/librdm.a(rdmhandlere1372.o)
                0x0000000008010b60                RDMHandler::GetAddressNetmask(unsigned short)
 .text._ZN10RDMHandler16GetStaticAddressEt
                0x0000000008010ba8       0x44 ../lib-rdm/lib_gd32/librdm.a(rdmhandlere1372.o)
                0x0000000008010ba8                RDMHandler::GetStaticAddress(unsigned short)
 .text._ZN10RDMHandler16SetStaticAddressEbt
                0x0000000008010bec       0x4c ../lib-rdm/lib_gd32/librdm.a(rdmhandlere1372.o)
                0x0000000008010bec                RDMHandler::SetStaticAddress(bool, unsigned short)
 .text._ZN10RDMHandler18ApplyConfigurationEbt
                0x0000000008010c38       0x28 ../lib-rdm/lib_gd32/librdm.a(rdmhandlere1372.o)
                0x0000000008010c38                RDMHandler::ApplyConfiguration(bool, unsigned short)
 .text._ZN10RDMHandler15GetDefaultRouteEt
                0x0000000008010c60       0x38 ../lib-rdm/lib_gd32/librdm.a(rdmhandlere1372.o)
                0x0000000008010c60                RDMHandler::GetDefaultRoute(unsigned short)
 .text._ZN10RDMHandler15SetDefaultRouteEbt
                0x0000000008010c98        0x6 ../lib-rdm/lib_gd32/librdm.a(rdmhandlere1372.o)
                0x0000000008010c98                RDMHandler::SetDefaultRoute(bool, unsigned short)
 *fill*         0x0000000008010c9e        0x2 
 .text._ZN10RDMHandler11GetHostNameEt
                0x0000000008010ca0       0x30 ../lib-rdm/lib_gd32/librdm.a(rdmhandlere1372.o)
                0x0000000008010ca0                RDMHandler::GetHostName(unsigned short)
 .text._ZN10RDMHandler11SetHostNameEbt
                0x0000000008010cd0       0x34 ../lib-rdm/lib_gd32/librdm.a(rdmhandlere1372.o)
                0x0000000008010cd0                RDMHandler::SetHostName(bool, unsigned short)
 .text._ZN10RDMHandler13GetDomainNameEt
                0x0000000008010d04       0x30 ../lib-rdm/lib_gd32/librdm.a(rdmhandlere1372.o)
                0x0000000008010d04                RDMHandler::GetDomainName(unsigned short)
 .text._ZN10RDMHandler13SetDomainNameEbt
                0x0000000008010d34        0x6 ../lib-rdm/lib_gd32/librdm.a(rdmhandlere1372.o)
                0x0000000008010d34                RDMHandler::SetDomainName(bool, unsigned short)
 *fill*         0x0000000008010d3a        0x2 
 .text._ZN9RDMDeviceC2Ev
                0x0000000008010d3c       0xe4 ../lib-rdm/lib_gd32/librdm.a(rdmdevice.o)
                0x0000000008010d3c                RDMDevice::RDMDevice()
                0x0000000008010d3c                RDMDevice::RDMDevice()
 .text._ZN9RDMDevice5PrintEv
                0x0000000008010e20       0x84 ../lib-rdm/lib_gd32/librdm.a(rdmdevice.o)
                0x0000000008010e20                RDMDevice::Print()
 .text.uuid_unparse_x
                0x0000000008010ea4       0x86 ../lib-uuid/lib_gd32/libuuid.a(uuid_unparse.o)
 *fill*         0x0000000008010f2a        0x2 
 .text.uuid_unparse
                0x0000000008010f2c        0xc ../lib-uuid/lib_gd32/libuuid.a(uuid_unparse.o)
                0x0000000008010f2c                uuid_unparse
 .text._ZN7DmxSendD2Ev
                0x0000000008010f38        0x2 ../lib-dmxsend/lib_gd32/libdmxsend.a(dmxsend.o)
                0x0000000008010f38                DmxSend::~DmxSend()
                0x0000000008010f38                DmxSend::~DmxSend()
 *fill*         0x0000000008010f3a        0x2 
 .text._ZN7DmxSend5StartEj
                0x0000000008010f3c       0x30 ../lib-dmxsend/lib_gd32/libdmxsend.a(dmxsend.o)
                0x0000000008010f3c                DmxSend::Start(unsigned int)
 .text._ZN7DmxSend4StopEj
                0x0000000008010f6c       0x38 ../lib-dmxsend/lib_gd32/libdmxsend.a(dmxsend.o)
                0x0000000008010f6c                DmxSend::Stop(unsigned int)
 .text._ZN7DmxSend7SetDataEjPKhj
                0x0000000008010fa4       0x10 ../lib-dmxsend/lib_gd32/libdmxsend.a(dmxsend.o)
                0x0000000008010fa4                DmxSend::SetData(unsigned int, unsigned char const*, unsigned int)
 .text._ZN7DmxSend8BlackoutEb
                0x0000000008010fb4        0xc ../lib-dmxsend/lib_gd32/libdmxsend.a(dmxsend.o)
                0x0000000008010fb4                DmxSend::Blackout(bool)
 .text._ZN7DmxSend6FullOnEv
                0x0000000008010fc0        0xc ../lib-dmxsend/lib_gd32/libdmxsend.a(dmxsend.o)
                0x0000000008010fc0                DmxSend::FullOn()
 .text._ZN7DmxSend5PrintEv
                0x0000000008010fcc       0x58 ../lib-dmxsend/lib_gd32/libdmxsend.a(dmxsend.o)
                0x0000000008010fcc                DmxSend::Print()
 .text._ZN7DmxSendD0Ev
                0x0000000008011024        0xc ../lib-dmxsend/lib_gd32/libdmxsend.a(dmxsend.o)
                0x0000000008011024                DmxSend::~DmxSend()
 .text._ZN17PropertiesBuilder3AddItEEbPKcT_bj.isra.0
                0x0000000008011030       0x50 ../lib-dmx/lib_gd32/libdmx.a(dmxparams.o)
 .text._ZN9DmxParamsC2EP14DmxParamsStore
                0x0000000008011080       0x18 ../lib-dmx/lib_gd32/libdmx.a(dmxparams.o)
                0x0000000008011080                DmxParams::DmxParams(DmxParamsStore*)
                0x0000000008011080                DmxParams::DmxParams(DmxParamsStore*)
 .text._ZN9DmxParams4LoadEv
                0x0000000008011098       0x18 ../lib-dmx/lib_gd32/libdmx.a(dmxparams.o)
                0x0000000008011098                DmxParams::Load()
 .text._ZN9DmxParams4LoadEPKcj
                0x00000000080110b0       0x40 ../lib-dmx/lib_gd32/libdmx.a(dmxparams.o)
                0x00000000080110b0                DmxParams::Load(char const*, unsigned int)
 .text._ZN9DmxParams16callbackFunctionEPKc
                0x00000000080110f0       0xcc ../lib-dmx/lib_gd32/libdmx.a(dmxparams.o)
                0x00000000080110f0                DmxParams::callbackFunction(char const*)
 .text._ZN9DmxParams22staticCallbackFunctionEPvPKc
                0x00000000080111bc        0x4 ../lib-dmx/lib_gd32/libdmx.a(dmxparams.o)
                0x00000000080111bc                DmxParams::staticCallbackFunction(void*, char const*)
 .text._ZN9DmxParams7BuilderEPK10TDmxParamsPcjRj
                0x00000000080111c0      0x104 ../lib-dmx/lib_gd32/libdmx.a(dmxparams.o)
                0x00000000080111c0                DmxParams::Builder(TDmxParams const*, char*, unsigned int, unsigned int&)
 .text._ZN9DmxParams4SaveEPcjRj
                0x00000000080112c4       0x1a ../lib-dmx/lib_gd32/libdmx.a(dmxparams.o)
                0x00000000080112c4                DmxParams::Save(char*, unsigned int, unsigned int&)
 *fill*         0x00000000080112de        0x2 
 .text._ZN9DmxParams3SetEP3Dmx
                0x00000000080112e0       0x5c ../lib-dmx/lib_gd32/libdmx.a(dmxparams.o)
                0x00000000080112e0                DmxParams::Set(Dmx*)
 .text._ZN9DmxParams4DumpEv
                0x000000000801133c        0x2 ../lib-dmx/lib_gd32/libdmx.a(dmxparams.o)
                0x000000000801133c                DmxParams::Dump()
 .text._ZL17_gpio_mode_outputjj
                0x000000000801133e       0x20 ../lib-dmx/lib_gd32/libdmx.a(dmx.o)
 *fill*         0x000000000801135e        0x2 
 .text._ZL13_port_to_uartj
                0x0000000008011360       0x18 ../lib-dmx/lib_gd32/libdmx.a(dmx.o)
 .text._ZL25irq_handler_dmx_rdm_inputjj
                0x0000000008011378      0x2a4 ../lib-dmx/lib_gd32/libdmx.a(dmx.o)
 .text.USART2_IRQHandler
                0x000000000801161c        0xc ../lib-dmx/lib_gd32/libdmx.a(dmx.o)
                0x000000000801161c                USART2_IRQHandler
 .text.USART5_IRQHandler
                0x0000000008011628        0xc ../lib-dmx/lib_gd32/libdmx.a(dmx.o)
                0x0000000008011628                USART5_IRQHandler
 .text.TIMER1_IRQHandler
                0x0000000008011634      0x150 ../lib-dmx/lib_gd32/libdmx.a(dmx.o)
                0x0000000008011634                TIMER1_IRQHandler
 .text._ZN3Dmx9ClearDataEj