Archive member included to satisfy reference by file (symbol)

../lib-c/lib_gd32/libc.a(printf.o)
                              build_gd32/firmware/main.o (snprintf)
/Users/arjanvanvught/Library/xPacks/@xpack-dev-tools/arm-none-eabi-gcc/11.3.1-1.1.2/.content/bin/../lib/gcc/arm-none-eabi/11.3.1/thumb/v7e-m+fp/hard/libgcc.a(_arm_truncdfsf2.o)
                              ../lib-c/lib_gd32/libc.a(printf.o) (__aeabi_d2f)
/Users/arjanvanvught/Library/xPacks/@xpack-dev-tools/arm-none-eabi-gcc/11.3.1-1.1.2/.content/bin/../lib/gcc/arm-none-eabi/11.3.1/thumb/v7e-m+fp/hard/libgcc.a(_aeabi_uldivmod.o)
                              ../lib-c/lib_gd32/libc.a(printf.o) (__aeabi_uldivmod)
/Users/arjanvanvught/Library/xPacks/@xpack-dev-tools/arm-none-eabi-gcc/11.3.1-1.1.2/.content/bin/../lib/gcc/arm-none-eabi/11.3.1/thumb/v7e-m+fp/hard/libgcc.a(_udivmoddi4.o)
                              /Users/arjanvanvught/Library/xPacks/@xpack-dev-tools/arm-none-eabi-gcc/11.3.1-1.1.2/.content/bin/../lib/gcc/arm-none-eabi/11.3.1/thumb/v7e-m+fp/hard/libgcc.a(_aeabi_uldivmod.o) (__udivmoddi4)
/Users/arjanvanvught/Library/xPacks/@xpack-dev-tools/arm-none-eabi-gcc/11.3.1-1.1.2/.content/bin/../lib/gcc/arm-none-eabi/11.3.1/thumb/v7e-m+fp/hard/libgcc.a(_dvmd_tls.o)
                              /Users/arjanvanvught/Library/xPacks/@xpack-dev-tools/arm-none-eabi-gcc/11.3.1-1.1.2/.content/bin/../lib/gcc/arm-none-eabi/11.3.1/thumb/v7e-m+fp/hard/libgcc.a(_aeabi_uldivmod.o) (__aeabi_ldiv0)
../lib-remoteconfig/lib_gd32/libremoteconfig.a(remoteconfig.o)
                              build_gd32/firmware/main.o (RemoteConfig::RemoteConfig(remoteconfig::Node, remoteconfig::Output, unsigned int))
../lib-remoteconfig/lib_gd32/libremoteconfig.a(remoteconfigfactory.o)
                              ../lib-remoteconfig/lib_gd32/libremoteconfig.a(remoteconfig.o) (RemoteConfig::HandleFactory())
../lib-remoteconfig/lib_gd32/libremoteconfig.a(remoteconfigparams.o)
                              build_gd32/firmware/main.o (RemoteConfigParams::RemoteConfigParams(RemoteConfigParamsStore*))
../lib-remoteconfig/lib_gd32/libremoteconfig.a(remoteconfigparamsdump.o)
                              build_gd32/firmware/main.o (RemoteConfigParams::Dump())
../lib-remoteconfig/lib_gd32/libremoteconfig.a(remoteconfigreboot.o)
                              ../lib-remoteconfig/lib_gd32/libremoteconfig.a(remoteconfig.o) (RemoteConfig::HandleReboot())
../lib-remoteconfig/lib_gd32/libremoteconfig.a(remoteconfigstatic.o)
                              ../lib-remoteconfig/lib_gd32/libremoteconfig.a(remoteconfig.o) (RemoteConfig::GetIndex(void const*, unsigned int&))
../lib-remoteconfig/lib_gd32/libremoteconfig.a(remoteconfig.o)
                              ../lib-remoteconfig/lib_gd32/libremoteconfig.a(remoteconfig.o) (RemoteConfig::PlatformHandleTftpSet())
../lib-remoteconfig/lib_gd32/libremoteconfig.a(httd.o)
                              build_gd32/firmware/main.o (HttpDaemon::HttpDaemon())
../lib-remoteconfig/lib_gd32/libremoteconfig.a(remoteconfigconst.o)
                              ../lib-remoteconfig/lib_gd32/libremoteconfig.a(remoteconfigparams.o) (RemoteConfigConst::PARAMS_DISPLAY_NAME)
../lib-remoteconfig/lib_gd32/libremoteconfig.a(remoteconfigjson.o)
                              ../lib-remoteconfig/lib_gd32/libremoteconfig.a(httd.o) (remoteconfig::json_get_list(char*, unsigned short))
../lib-remoteconfig/lib_gd32/libremoteconfig.a(get_file_content.o)
                              ../lib-remoteconfig/lib_gd32/libremoteconfig.a(httd.o) (get_file_content(char const*, char*))
../lib-artnet4/lib_gd32/libartnet4.a(artnet4node.o)
                              build_gd32/firmware/main.o (ArtNet4Node::ArtNet4Node())
../lib-artnet/lib_gd32/libartnet.a(artnetmsgconst.o)
                              build_gd32/firmware/main.o (ArtNetMsgConst::STARTED)
../lib-artnet/lib_gd32/libartnet.a(artnetnode.o)
                              ../lib-artnet4/lib_gd32/libartnet4.a(artnet4node.o) (ArtNetNode::~ArtNetNode())
../lib-artnet/lib_gd32/libartnet.a(artnetnodegetportaddress.o)
                              ../lib-artnet4/lib_gd32/libartnet4.a(artnet4node.o) (ArtNetNode::GetPortAddress(unsigned int, unsigned short&, lightset::PortDir) const)
../lib-artnet/lib_gd32/libartnet.a(artnetnodehandleaddress.o)
                              ../lib-artnet4/lib_gd32/libartnet4.a(artnet4node.o) (ArtNetNode::SetUniverseSwitch(unsigned int, lightset::PortDir, unsigned char))
../lib-artnet/lib_gd32/libartnet.a(artnetnodehandledmx.o)
                              ../lib-artnet/lib_gd32/libartnet.a(artnetnode.o) (ArtNetNode::HandleDmx())
../lib-artnet/lib_gd32/libartnet.a(artnetnodehandledmxin.o)
                              ../lib-artnet/lib_gd32/libartnet.a(artnetnode.o) (ArtNetNode::HandleDmxIn())
../lib-artnet/lib_gd32/libartnet.a(artnetnodehandleipprog.o)
                              ../lib-artnet/lib_gd32/libartnet.a(artnetnode.o) (ArtNetNode::HandleIpProg())
[...]
Memory Configuration

Name             Origin             Length             Attributes
FLASH            0x0000000008008000 0x0000000000038000 xr
TCMSRAM          0x0000000010000000 0x0000000000010000 rw
RAM              0x0000000020000000 0x0000000000030000 xrw
RAMADD           0x0000000020030000 0x0000000000040000 xrw
BKPSRAM          0x0000000040024000 0x0000000000001000 rw
*default*        0x0000000000000000 0xffffffffffffffff

Linker script and memory map

LOAD build_gd32/startup_gd32f450.o
LOAD build_gd32/firmware/main.o
LOAD build_gd32/lib/factorydefaults.o
LOAD build_gd32/lib/rdmsoftwareversion.o
                0x0000000000002000                __heap_size = DEFINED (__heap_size)?__heap_size:0x2000
                0x0000000000004000                __stack_size = DEFINED (__stack_size)?__stack_size:0x4000

.vectors        0x0000000008008000      0x1ac
                0x0000000008008000                . = ALIGN (0x4)
 *(.vectors)
 .vectors       0x0000000008008000      0x1ac build_gd32/startup_gd32f450.o
                0x0000000008008000                __gVectors
                0x00000000080081ac                . = ALIGN (0x4)
                0x00000000080081ac                __Vectors_End = .
                0x00000000080081ac                __Vectors_Size = (__Vectors_End - __gVectors)

.text           0x00000000080081ac    0x1261c
                0x00000000080081ac                . = ALIGN (0x4)
 *(.text.unlikely*)
 .text.unlikely.net_init
                0x00000000080081ac       0x98 ../lib-network/lib_gd32/libnetwork.a(net.o)
                0x00000000080081ac                net_init
 .text.unlikely.net_shutdown
                0x0000000008008244       0x1c ../lib-network/lib_gd32/libnetwork.a(net.o)
                0x0000000008008244                net_shutdown
 .text.unlikely.rfc3927_init
                0x0000000008008260       0x18 ../lib-network/lib_gd32/libnetwork.a(rfc3927.o)
                0x0000000008008260                rfc3927_init
 .text.unlikely.tcp_init
                0x0000000008008278       0x44 ../lib-network/lib_gd32/libnetwork.a(tcp.o)
                0x0000000008008278                tcp_init
 .text.unlikely.udp_init
                0x00000000080082bc       0x58 ../lib-network/lib_gd32/libnetwork.a(udp.o)
                0x00000000080082bc                udp_init
 .text.unlikely.udp_shutdown
                0x0000000008008314        0x2 ../lib-network/lib_gd32/libnetwork.a(udp.o)
                0x0000000008008314                udp_shutdown
 *fill*         0x0000000008008316        0x2 
 .text.unlikely.arp_init
                0x0000000008008318       0xf8 ../lib-network/lib_gd32/libnetwork.a(arp.o)
                0x0000000008008318                arp_init
 .text.unlikely.arp_cache_init
                0x0000000008008410       0x30 ../lib-network/lib_gd32/libnetwork.a(arp_cache.o)
                0x0000000008008410                arp_cache_init
 .text.unlikely.igmp_init
                0x0000000008008440       0xb8 ../lib-network/lib_gd32/libnetwork.a(igmp.o)
                0x0000000008008440                igmp_init
 .text.unlikely.igmp_shutdown
                0x00000000080084f8       0x28 ../lib-network/lib_gd32/libnetwork.a(igmp.o)
                0x00000000080084f8                igmp_shutdown
 .text.unlikely.ip_init
                0x0000000008008520       0x16 ../lib-network/lib_gd32/libnetwork.a(ip.o)
                0x0000000008008520                ip_init
 .text.unlikely.ip_shutdown
                0x0000000008008536        0xe ../lib-network/lib_gd32/libnetwork.a(ip.o)
                0x0000000008008536                ip_shutdown
 .text.unlikely.console_init
                0x0000000008008544       0x20 ../lib-hal/lib_gd32/libhal.a(console_uart0.o)
                0x0000000008008544                console_init
 *(.text.hot*)
 .text.hot.net_handle
                0x0000000008008564       0x38 ../lib-network/lib_gd32/libnetwork.a(net.o)
                0x0000000008008564                net_handle
 .text.hot.tcp_handle
                0x000000000800859c      0x3d4 ../lib-network/lib_gd32/libnetwork.a(tcp.o)
                0x000000000800859c                tcp_handle
 .text.hot.udp_handle
                0x0000000008008970       0xac ../lib-network/lib_gd32/libnetwork.a(udp.o)
                0x0000000008008970                udp_handle
 .text.hot.arp_handle
                0x0000000008008a1c       0x18 ../lib-network/lib_gd32/libnetwork.a(arp.o)
                0x0000000008008a1c                arp_handle
 .text.hot.igmp_handle
                0x0000000008008a34       0xa0 ../lib-network/lib_gd32/libnetwork.a(igmp.o)
                0x0000000008008a34                igmp_handle
 .text.hot.ip_handle
                0x0000000008008ad4       0x32 ../lib-network/lib_gd32/libnetwork.a(ip.o)
                0x0000000008008ad4                ip_handle
 *fill*         0x0000000008008b06        0x2 
 .text.hot.icmp_handle
                0x0000000008008b08       0x98 ../lib-network/lib_gd32/libnetwork.a(icmp.o)
                0x0000000008008b08                icmp_handle
 *(.text)
 .text          0x0000000008008ba0       0x58 build_gd32/startup_gd32f450.o
                0x0000000008008bb4                Reset_Handler
 .text          0x0000000008008bf8       0xa0 /Users/arjanvanvught/Library/xPacks/@xpack-dev-tools/arm-none-eabi-gcc/11.3.1-1.1.2/.content/bin/../lib/gcc/arm-none-eabi/11.3.1/thumb/v7e-m+fp/hard/libgcc.a(_arm_truncdfsf2.o)
                0x0000000008008bf8                __aeabi_d2f
                0x0000000008008bf8                __truncdfsf2
 .text          0x0000000008008c98       0x30 /Users/arjanvanvught/Library/xPacks/@xpack-dev-tools/arm-none-eabi-gcc/11.3.1-1.1.2/.content/bin/../lib/gcc/arm-none-eabi/11.3.1/thumb/v7e-m+fp/hard/libgcc.a(_aeabi_uldivmod.o)
                0x0000000008008c98                __aeabi_uldivmod
 .text          0x0000000008008cc8        0x4 /Users/arjanvanvught/Library/xPacks/@xpack-dev-tools/arm-none-eabi-gcc/11.3.1-1.1.2/.content/bin/../lib/gcc/arm-none-eabi/11.3.1/thumb/v7e-m+fp/hard/libgcc.a(_dvmd_tls.o)
                0x0000000008008cc8                __aeabi_ldiv0
                0x0000000008008cc8                __aeabi_idiv0
 .text          0x0000000008008ccc      0x378 /Users/arjanvanvught/Library/xPacks/@xpack-dev-tools/arm-none-eabi-gcc/11.3.1-1.1.2/.content/bin/../lib/gcc/arm-none-eabi/11.3.1/thumb/v7e-m+fp/hard/libgcc.a(_arm_addsubdf3.o)
                0x0000000008008ccc                __aeabi_drsub
                0x0000000008008cd4                __subdf3
                0x0000000008008cd4                __aeabi_dsub
                0x0000000008008cd8                __aeabi_dadd
                0x0000000008008cd8                __adddf3
                0x0000000008008f50                __aeabi_ui2d
                0x0000000008008f50                __floatunsidf
                0x0000000008008f70                __floatsidf
                0x0000000008008f70                __aeabi_i2d
                0x0000000008008f94                __extendsfdf2
                0x0000000008008f94                __aeabi_f2d
                0x0000000008008fd8                __aeabi_ul2d
                0x0000000008008fd8                __floatundidf
                0x0000000008008fe8                __aeabi_l2d
                0x0000000008008fe8                __floatdidf
 *(.text*)
 .text.Default_Handler
                0x0000000008009044        0x2 build_gd32/startup_gd32f450.o
                0x0000000008009044                USBHS_EP1_Out_IRQHandler
                0x0000000008009044                EXTI2_IRQHandler
                0x0000000008009044                TIMER2_IRQHandler
                0x0000000008009044                DebugMon_Handler
                0x0000000008009044                LVD_IRQHandler
                0x0000000008009044                SPI4_IRQHandler
                0x0000000008009044                CAN1_EWMC_IRQHandler
                0x0000000008009044                HardFault_Handler
                0x0000000008009044                TIMER7_UP_TIMER12_IRQHandler
                0x0000000008009044                SDIO_IRQHandler
                0x0000000008009044                PendSV_Handler
                0x0000000008009044                NMI_Handler
                0x0000000008009044                EXTI3_IRQHandler
                0x0000000008009044                DCI_IRQHandler
                0x0000000008009044                USBFS_WKUP_IRQHandler
                0x0000000008009044                USBHS_IRQHandler
                0x0000000008009044                IPA_IRQHandler
                0x0000000008009044                TIMER5_DAC_IRQHandler
                0x0000000008009044                TIMER0_TRG_CMT_TIMER10_IRQHandler
                0x0000000008009044                USBFS_IRQHandler
                0x0000000008009044                DMA0_Channel6_IRQHandler
                0x0000000008009044                I2C0_EV_IRQHandler
                0x0000000008009044                EXTI0_IRQHandler
                0x0000000008009044                I2C2_EV_IRQHandler
                0x0000000008009044                CAN1_RX0_IRQHandler
                0x0000000008009044                FPU_IRQHandler
                0x0000000008009044                TIMER7_TRG_CMT_TIMER13_IRQHandler
                0x0000000008009044                UsageFault_Handler
                0x0000000008009044                TIMER4_IRQHandler
                0x0000000008009044                SPI1_IRQHandler
                0x0000000008009044                DMA0_Channel0_IRQHandler
                0x0000000008009044                USART5_IRQHandler
                0x0000000008009044                TIMER0_BRK_TIMER8_IRQHandler
                0x0000000008009044                DMA1_Channel0_IRQHandler
                0x0000000008009044                TIMER7_BRK_TIMER11_IRQHandler
                0x0000000008009044                TIMER6_IRQHandler
                0x0000000008009044                DMA1_Channel4_IRQHandler
                0x0000000008009044                DMA0_Channel3_IRQHandler
                0x0000000008009044                I2C0_ER_IRQHandler
                0x0000000008009044                TLI_IRQHandler
                0x0000000008009044                TIMER0_UP_TIMER9_IRQHandler
                0x0000000008009044                DMA1_Channel7_IRQHandler
                0x0000000008009044                CAN1_RX1_IRQHandler
                0x0000000008009044                DMA0_Channel2_IRQHandler
                0x0000000008009044                USART0_IRQHandler
                0x0000000008009044                I2C1_EV_IRQHandler
                0x0000000008009044                DMA1_Channel6_IRQHandler
                0x0000000008009044                UART4_IRQHandler
                0x0000000008009044                EXTI10_15_IRQHandler
                0x0000000008009044                DMA1_Channel1_IRQHandler
                0x0000000008009044                Default_Handler
                0x0000000008009044                TIMER7_Channel_IRQHandler
                0x0000000008009044                DMA0_Channel7_IRQHandler
                0x0000000008009044                ADC_IRQHandler
                0x0000000008009044                CAN0_TX_IRQHandler
                0x0000000008009044                WWDGT_IRQHandler
                0x0000000008009044                EXMC_IRQHandler
                0x0000000008009044                SPI5_IRQHandler
                0x0000000008009044                TAMPER_STAMP_IRQHandler
                0x0000000008009044                RTC_WKUP_IRQHandler
                0x0000000008009044                SPI2_IRQHandler
                0x0000000008009044                MemManage_Handler
                0x0000000008009044                CAN1_TX_IRQHandler
                0x0000000008009044                SVC_Handler
                0x0000000008009044                RCU_CTC_IRQHandler
                0x0000000008009044                DMA1_Channel5_IRQHandler
                0x0000000008009044                EXTI4_IRQHandler
                0x0000000008009044                CAN0_RX1_IRQHandler
                0x0000000008009044                DMA0_Channel5_IRQHandler
                0x0000000008009044                DMA1_Channel3_IRQHandler
                0x0000000008009044                EXTI5_9_IRQHandler
                0x0000000008009044                DMA0_Channel1_IRQHandler
                0x0000000008009044                TIMER0_Channel_IRQHandler
                0x0000000008009044                EXTI1_IRQHandler
                0x0000000008009044                ENET_WKUP_IRQHandler
                0x0000000008009044                USBHS_EP1_In_IRQHandler
                0x0000000008009044                SPI0_IRQHandler
                0x0000000008009044                UART7_IRQHandler
                0x0000000008009044                USART2_IRQHandler
                0x0000000008009044                UART6_IRQHandler
                0x0000000008009044                CAN0_EWMC_IRQHandler
                0x0000000008009044                CAN0_RX0_IRQHandler
                0x0000000008009044                I2C2_ER_IRQHandler
                0x0000000008009044                DMA1_Channel2_IRQHandler
                0x0000000008009044                TLI_ER_IRQHandler
                0x0000000008009044                BusFault_Handler
                0x0000000008009044                USART1_IRQHandler
                0x0000000008009044                SPI3_IRQHandler
                0x0000000008009044                UART3_IRQHandler
                0x0000000008009044                I2C1_ER_IRQHandler
                0x0000000008009044                FMC_IRQHandler
                0x0000000008009044                USBHS_WKUP_IRQHandler
                0x0000000008009044                DMA0_Channel4_IRQHandler
                0x0000000008009044                TRNG_IRQHandler
                0x0000000008009044                ENET_IRQHandler
                0x0000000008009044                RTC_Alarm_IRQHandler
 .text.memcmp   0x0000000008009046       0x20 build_gd32/firmware/main.o
 .text.memcpy   0x0000000008009066       0x16 build_gd32/firmware/main.o
 .text._ZN8LightSet6FullOnEv
                0x000000000800907c        0x2 build_gd32/firmware/main.o
                0x000000000800907c                LightSet::FullOn()
 .text._ZN14DisplayHandlerD2Ev
                0x000000000800907e        0x2 build_gd32/firmware/main.o
                0x000000000800907e                DisplayHandler::~DisplayHandler()
                0x000000000800907e                DisplayHandler::~DisplayHandler()
 .text._ZN15LightSet64with4D2Ev
                0x0000000008009080        0x2 build_gd32/firmware/main.o
                0x0000000008009080                LightSet64with4::~LightSet64with4()
                0x0000000008009080                LightSet64with4::~LightSet64with4()
 .text._ZN15LightSet64with45StartEj
                0x0000000008009082       0x22 build_gd32/firmware/main.o
                0x0000000008009082                LightSet64with4::Start(unsigned int)
 .text._ZN15LightSet64with44StopEj
                0x00000000080090a4       0x22 build_gd32/firmware/main.o
                0x00000000080090a4                LightSet64with4::Stop(unsigned int)
 .text._ZN15LightSet64with47SetDataEjPKhj
                0x00000000080090c6       0x34 build_gd32/firmware/main.o
                0x00000000080090c6                LightSet64with4::SetData(unsigned int, unsigned char const*, unsigned int)
 .text._ZN15LightSet64with48BlackoutEb
                0x00000000080090fa       0x22 build_gd32/firmware/main.o
                0x00000000080090fa                LightSet64with4::Blackout(bool)
 .text._ZN15LightSet64with45PrintEv
                0x000000000800911c       0x1e build_gd32/firmware/main.o
                0x000000000800911c                LightSet64with4::Print()
 .text._ZN15LightSet64with418SetDmxStartAddressEt
                0x000000000800913a        0x4 build_gd32/firmware/main.o
                0x000000000800913a                LightSet64with4::SetDmxStartAddress(unsigned short)
 .text._ZN15LightSet64with418GetDmxStartAddressEv
                0x000000000800913e        0x6 build_gd32/firmware/main.o
                0x000000000800913e                LightSet64with4::GetDmxStartAddress()
 .text._ZN15LightSet64with415GetDmxFootprintEv
                0x0000000008009144        0x4 build_gd32/firmware/main.o
                0x0000000008009144                LightSet64with4::GetDmxFootprint()
 .text._ZN15LightSet64with411GetSlotInfoEtRN8lightset8SlotInfoE
                0x0000000008009148        0x4 build_gd32/firmware/main.o
                0x0000000008009148                LightSet64with4::GetSlotInfo(unsigned short, lightset::SlotInfo&)
 .text._ZN20ArtNetTriggerHandlerD2Ev
                0x000000000800914c        0x2 build_gd32/firmware/main.o
                0x000000000800914c                ArtNetTriggerHandler::~ArtNetTriggerHandler()
                0x000000000800914c                ArtNetTriggerHandler::~ArtNetTriggerHandler()
 .text._ZN17PixelDmxStartStopD2Ev
                0x000000000800914e        0x2 build_gd32/firmware/main.o
                0x000000000800914e                PixelDmxStartStop::~PixelDmxStartStop()
                0x000000000800914e                PixelDmxStartStop::~PixelDmxStartStop()
 .text._ZN17PixelDmxStartStop5StartEv
                0x0000000008009150       0x10 build_gd32/firmware/main.o
                0x0000000008009150                PixelDmxStartStop::Start()
 .text._ZN17PixelDmxStartStop4StopEv
                0x0000000008009160       0x10 build_gd32/firmware/main.o
                0x0000000008009160                PixelDmxStartStop::Stop()
 .text._ZN12dmxconfigudpL4atoiEPKcj
                0x0000000008009170       0x24 build_gd32/firmware/main.o
 .text._ZN12RDMNetDevice7CopyUIDEPh
                0x0000000008009194       0x12 build_gd32/firmware/main.o
                0x0000000008009194                RDMNetDevice::CopyUID(unsigned char*)
                0x00000000080091a0                non-virtual thunk to RDMNetDevice::CopyUID(unsigned char*)
 *fill*         0x00000000080091a6        0x2 
 .text._ZN12RDMNetDevice7CopyCIDEPh
                0x00000000080091a8       0x18 build_gd32/firmware/main.o
                0x00000000080091a8                RDMNetDevice::CopyCID(unsigned char*)
                0x00000000080091b8                non-virtual thunk to RDMNetDevice::CopyCID(unsigned char*)
 .text._ZN14DisplayHandlerD0Ev
                0x00000000080091c0        0xc build_gd32/firmware/main.o
                0x00000000080091c0                DisplayHandler::~DisplayHandler()
 .text._ZN15LightSet64with4D0Ev
                0x00000000080091cc        0xc build_gd32/firmware/main.o
                0x00000000080091cc                LightSet64with4::~LightSet64with4()
 .text._ZN20ArtNetTriggerHandlerD0Ev
                0x00000000080091d8        0xc build_gd32/firmware/main.o
                0x00000000080091d8                ArtNetTriggerHandler::~ArtNetTriggerHandler()
 .text._ZN17PixelDmxStartStopD0Ev
                0x00000000080091e4        0xc build_gd32/firmware/main.o
                0x00000000080091e4                PixelDmxStartStop::~PixelDmxStartStop()
 .text._ZN12RDMNetDevice20LLRPHandleRdmCommandEPKh
                0x00000000080091f0       0x1c build_gd32/firmware/main.o
                0x00000000080091f0                RDMNetDevice::LLRPHandleRdmCommand(unsigned char const*)
                0x0000000008009204                non-virtual thunk to RDMNetDevice::LLRPHandleRdmCommand(unsigned char const*)
 .text._ZN7Display12SetCursorPosEhh.isra.0
                0x000000000800920c        0xa build_gd32/firmware/main.o
 .text._ZN7Display7PutCharEi.isra.0
                0x0000000008009216        0xa build_gd32/firmware/main.o
 .text._ZN14DisplayHandler5PrintEj
                0x0000000008009220       0x50 build_gd32/firmware/main.o
                0x0000000008009220                DisplayHandler::Print(unsigned int)
 .text._ZN12RDMNetDeviceD2Ev
                0x0000000008009270       0x28 build_gd32/firmware/main.o
                0x0000000008009270                RDMNetDevice::~RDMNetDevice()
                0x0000000008009270                RDMNetDevice::~RDMNetDevice()
                0x0000000008009290                non-virtual thunk to RDMNetDevice::~RDMNetDevice()
 .text._ZN12RDMNetDeviceD0Ev
                0x0000000008009298       0x18 build_gd32/firmware/main.o
                0x0000000008009298                RDMNetDevice::~RDMNetDevice()
                0x00000000080092aa                non-virtual thunk to RDMNetDevice::~RDMNetDevice()
 .text._ZN7Display9ClearLineEh
                0x00000000080092b0        0xc build_gd32/firmware/main.o
                0x00000000080092b0                Display::ClearLine(unsigned char)
 .text._ZN7Display6PrintfEhPKcz
                0x00000000080092bc       0x38 build_gd32/firmware/main.o
                0x00000000080092bc                Display::Printf(unsigned char, char const*, ...)
 .text._ZN7Display10TextStatusEPKc
                0x00000000080092f4       0x6c build_gd32/firmware/main.o
                0x00000000080092f4                Display::TextStatus(char const*)
 .text._ZN7Display10TextStatusEPKc22Display7SegmentMessagej
                0x0000000008009360       0x50 build_gd32/firmware/main.o
                0x0000000008009360                Display::TextStatus(char const*, Display7SegmentMessage, unsigned int)
 .text._ZN7Display8SetSleepEb
                0x00000000080093b0       0x20 build_gd32/firmware/main.o
                0x00000000080093b0                Display::SetSleep(bool)
 .text._ZN7display7timeout9gpio_initEv
                0x00000000080093d0       0x20 build_gd32/firmware/main.o
                0x00000000080093d0                display::timeout::gpio_init()
 .text._ZN7display7timeout10gpio_renewEv
                0x00000000080093f0       0x14 build_gd32/firmware/main.o
                0x00000000080093f0                display::timeout::gpio_renew()
 .text._ZN16PixelTestPattern10SetPatternEN13pixelpatterns7PatternE
                0x0000000008009404      0x104 build_gd32/firmware/main.o
                0x0000000008009404                PixelTestPattern::SetPattern(pixelpatterns::Pattern)
 .text._ZN20ArtNetTriggerHandler7HandlerEPK14TArtNetTrigger
                0x0000000008009508       0x80 build_gd32/firmware/main.o
                0x0000000008009508                ArtNetTriggerHandler::Handler(TArtNetTrigger const*)
 .text._ZN8Hardware13RebootHandlerEv
                0x0000000008009588       0x2c build_gd32/firmware/main.o
                0x0000000008009588                Hardware::RebootHandler()
 .text.startup.main
                0x00000000080095b4      0x89c build_gd32/firmware/main.o
                0x00000000080095b4                main
 .text._ZN12StoreNetwork8SaveDhcpEb
                0x0000000008009e50       0x30 build_gd32/lib/factorydefaults.o
                0x0000000008009e50                StoreNetwork::SaveDhcp(bool)
                0x0000000008009e78                non-virtual thunk to StoreNetwork::SaveDhcp(bool)
 .text._ZN3rdm6device9responder15factorydefaultsEv
                0x0000000008009e80       0x30 build_gd32/lib/factorydefaults.o
                0x0000000008009e80                rdm::device::responder::factorydefaults()
 .text._ZN18RDMSoftwareVersion10GetVersionEv
                0x0000000008009eb0        0x8 build_gd32/lib/rdmsoftwareversion.o
                0x0000000008009eb0                RDMSoftwareVersion::GetVersion()
 .text._ZN18RDMSoftwareVersion16GetVersionLengthEv
                0x0000000008009eb8        0x4 build_gd32/lib/rdmsoftwareversion.o
                0x0000000008009eb8                RDMSoftwareVersion::GetVersionLength()
 .text._ZN18RDMSoftwareVersion12GetVersionIdEv
                0x0000000008009ebc        0x8 build_gd32/lib/rdmsoftwareversion.o
                0x0000000008009ebc                RDMSoftwareVersion::GetVersionId()
 .text._itostr  0x0000000008009ec4       0x74 ../lib-c/lib_gd32/libc.a(printf.o)
 .text._xputch  0x0000000008009f38       0x30 ../lib-c/lib_gd32/libc.a(printf.o)
 .text._format_int
                0x0000000008009f68       0xd4 ../lib-c/lib_gd32/libc.a(printf.o)
 .text._format_hex
                0x000000000800a03c       0xba ../lib-c/lib_gd32/libc.a(printf.o)
 *fill*         0x000000000800a0f6        0x2 
 .text._vprintf
                0x000000000800a0f8      0x3b8 ../lib-c/lib_gd32/libc.a(printf.o)
 .text.printf   0x000000000800a4b0       0x1e ../lib-c/lib_gd32/libc.a(printf.o)
                0x000000000800a4b0                printf
 *fill*         0x000000000800a4ce        0x2 
 .text.sprintf  0x000000000800a4d0       0x30 ../lib-c/lib_gd32/libc.a(printf.o)
                0x000000000800a4d0                sprintf
 .text.snprintf
                0x000000000800a500       0x30 ../lib-c/lib_gd32/libc.a(printf.o)
                0x000000000800a500                snprintf
 .text.vsnprintf
                0x000000000800a530       0x20 ../lib-c/lib_gd32/libc.a(printf.o)
                0x000000000800a530                vsnprintf
 .text.__udivmoddi4
                0x000000000800a550      0x2c8 /Users/arjanvanvught/Library/xPacks/@xpack-dev-tools/arm-none-eabi-gcc/11.3.1-1.1.2/.content/bin/../lib/gcc/arm-none-eabi/11.3.1/thumb/v7e-m+fp/hard/libgcc.a(_udivmoddi4.o)
                0x000000000800a550                __udivmoddi4
 .text._ZN12RemoteConfig10HandleListEv
                0x000000000800a818       0xd0 ../lib-remoteconfig/lib_gd32/libremoteconfig.a(remoteconfig.o)
                0x000000000800a818                RemoteConfig::HandleList()
 .text._ZN12RemoteConfig16HandleDisplayGetEv
                0x000000000800a8e8       0x54 ../lib-remoteconfig/lib_gd32/libremoteconfig.a(remoteconfig.o)
                0x000000000800a8e8                RemoteConfig::HandleDisplayGet()
 .text._ZN12RemoteConfig13HandleTftpGetEv
                0x000000000800a93c       0x50 ../lib-remoteconfig/lib_gd32/libremoteconfig.a(remoteconfig.o)
                0x000000000800a93c                RemoteConfig::HandleTftpGet()
 .text._ZN12RemoteConfig13HandleVersionEv
                0x000000000800a98c       0x40 ../lib-remoteconfig/lib_gd32/libremoteconfig.a(remoteconfig.o)
                0x000000000800a98c                RemoteConfig::HandleVersion()
 .text._ZN12RemoteConfig12HandleUptimeEv
                0x000000000800a9cc       0x4c ../lib-remoteconfig/lib_gd32/libremoteconfig.a(remoteconfig.o)
                0x000000000800a9cc                RemoteConfig::HandleUptime()
 .text._ZN7Display6StatusE22Display7SegmentMessage
                0x000000000800aa18       0x36 ../lib-remoteconfig/lib_gd32/libremoteconfig.a(remoteconfig.o)
                0x000000000800aa18                Display::Status(Display7SegmentMessage)
 *fill*         0x000000000800aa4e        0x2 
 .text._ZN12RemoteConfig16HandleDisplaySetEv
                0x000000000800aa50       0x28 ../lib-remoteconfig/lib_gd32/libremoteconfig.a(remoteconfig.o)
                0x000000000800aa50                RemoteConfig::HandleDisplaySet()
 .text._ZN12RemoteConfig13HandleTftpSetEv
                0x000000000800aa78       0x68 ../lib-remoteconfig/lib_gd32/libremoteconfig.a(remoteconfig.o)
                0x000000000800aa78                RemoteConfig::HandleTftpSet()
 .text._ZN12RemoteConfigC2EN12remoteconfig4NodeENS0_6OutputEj
                0x000000000800aae0       0x68 ../lib-remoteconfig/lib_gd32/libremoteconfig.a(remoteconfig.o)
                0x000000000800aae0                RemoteConfig::RemoteConfig(remoteconfig::Node, remoteconfig::Output, unsigned int)
                0x000000000800aae0                RemoteConfig::RemoteConfig(remoteconfig::Node, remoteconfig::Output, unsigned int)
 .text._ZNK12RemoteConfig13GetStringNodeEv
                0x000000000800ab48       0x18 ../lib-remoteconfig/lib_gd32/libremoteconfig.a(remoteconfig.o)
                0x000000000800ab48                RemoteConfig::GetStringNode() const
 .text._ZNK12RemoteConfig15GetStringOutputEv
                0x000000000800ab60       0x18 ../lib-remoteconfig/lib_gd32/libremoteconfig.a(remoteconfig.o)
                0x000000000800ab60                RemoteConfig::GetStringOutput() const
 .text._ZN12RemoteConfig10SetDisableEb
                0x000000000800ab78       0x40 ../lib-remoteconfig/lib_gd32/libremoteconfig.a(remoteconfig.o)
                0x000000000800ab78                RemoteConfig::SetDisable(bool)
 .text._ZN12RemoteConfig14SetDisplayNameEPKc
                0x000000000800abb8       0x30 ../lib-remoteconfig/lib_gd32/libremoteconfig.a(remoteconfig.o)
                0x000000000800abb8                RemoteConfig::SetDisplayName(char const*)
 .text._ZN12RemoteConfig9HandleGetEPvj
                0x000000000800abe8       0xb8 ../lib-remoteconfig/lib_gd32/libremoteconfig.a(remoteconfig.o)
                0x000000000800abe8                RemoteConfig::HandleGet(void*, unsigned int)
 .text._ZN12RemoteConfig17HandleGetNoParamsEv
                0x000000000800aca0        0x8 ../lib-remoteconfig/lib_gd32/libremoteconfig.a(remoteconfig.o)
                0x000000000800aca0                RemoteConfig::HandleGetNoParams()
 .text._ZN12RemoteConfig19HandleGetRconfigTxtERj
                0x000000000800aca8       0x30 ../lib-remoteconfig/lib_gd32/libremoteconfig.a(remoteconfig.o)
                0x000000000800aca8                RemoteConfig::HandleGetRconfigTxt(unsigned int&)
 .text._ZN12RemoteConfig19HandleGetNetworkTxtERj
                0x000000000800acd8       0x30 ../lib-remoteconfig/lib_gd32/libremoteconfig.a(remoteconfig.o)
                0x000000000800acd8                RemoteConfig::HandleGetNetworkTxt(unsigned int&)
 .text._ZN12RemoteConfig18HandleGetArtnetTxtERj
                0x000000000800ad08       0x30 ../lib-remoteconfig/lib_gd32/libremoteconfig.a(remoteconfig.o)
                0x000000000800ad08                RemoteConfig::HandleGetArtnetTxt(unsigned int&)
 .text._ZN12RemoteConfig16HandleGetE131TxtERj
                0x000000000800ad38       0x30 ../lib-remoteconfig/lib_gd32/libremoteconfig.a(remoteconfig.o)
                0x000000000800ad38                RemoteConfig::HandleGetE131Txt(unsigned int&)
 .text._ZN12RemoteConfig18HandleGetParamsTxtERj
                0x000000000800ad68       0x2c ../lib-remoteconfig/lib_gd32/libremoteconfig.a(remoteconfig.o)
                0x000000000800ad68                RemoteConfig::HandleGetParamsTxt(unsigned int&)
 .text._ZN12RemoteConfig19HandleGetDevicesTxtERj
                0x000000000800ad94       0x30 ../lib-remoteconfig/lib_gd32/libremoteconfig.a(remoteconfig.o)
                0x000000000800ad94                RemoteConfig::HandleGetDevicesTxt(unsigned int&)
 .text._ZN12RemoteConfig19HandleGetDisplayTxtERj
                0x000000000800adc4       0x30 ../lib-remoteconfig/lib_gd32/libremoteconfig.a(remoteconfig.o)
                0x000000000800adc4                RemoteConfig::HandleGetDisplayTxt(unsigned int&)
 .text._ZN12RemoteConfig9HandleSetEPvj
                0x000000000800adf4       0x84 ../lib-remoteconfig/lib_gd32/libremoteconfig.a(remoteconfig.o)
                0x000000000800adf4                RemoteConfig::HandleSet(void*, unsigned int)
 .text._ZN12RemoteConfig3RunEv
                0x000000000800ae78      0x13c ../lib-remoteconfig/lib_gd32/libremoteconfig.a(remoteconfig.o)
                0x000000000800ae78                RemoteConfig::Run()
 .text._ZN12RemoteConfig16HandleSetRconfigEv
                0x000000000800afb4       0x30 ../lib-remoteconfig/lib_gd32/libremoteconfig.a(remoteconfig.o)
                0x000000000800afb4                RemoteConfig::HandleSetRconfig()
 .text._ZN12RemoteConfig19HandleSetNetworkTxtEv
                0x000000000800afe4       0x28 ../lib-remoteconfig/lib_gd32/libremoteconfig.a(remoteconfig.o)
                0x000000000800afe4                RemoteConfig::HandleSetNetworkTxt()
 .text._ZN12RemoteConfig18HandleSetArtnetTxtEv
                0x000000000800b00c       0x28 ../lib-remoteconfig/lib_gd32/libremoteconfig.a(remoteconfig.o)
                0x000000000800b00c                RemoteConfig::HandleSetArtnetTxt()
 .text._ZN12RemoteConfig16HandleSetE131TxtEv
                0x000000000800b034       0x28 ../lib-remoteconfig/lib_gd32/libremoteconfig.a(remoteconfig.o)
                0x000000000800b034                RemoteConfig::HandleSetE131Txt()
 .text._ZN12RemoteConfig18HandleSetParamsTxtEv
                0x000000000800b05c       0x28 ../lib-remoteconfig/lib_gd32/libremoteconfig.a(remoteconfig.o)
                0x000000000800b05c                RemoteConfig::HandleSetParamsTxt()
 .text._ZN12RemoteConfig19HandleSetDevicesTxtEv
                0x000000000800b084       0x28 ../lib-remoteconfig/lib_gd32/libremoteconfig.a(remoteconfig.o)
                0x000000000800b084                RemoteConfig::HandleSetDevicesTxt()
 .text._ZN12RemoteConfig19HandleSetDisplayTxtEv
                0x000000000800b0ac       0x28 ../lib-remoteconfig/lib_gd32/libremoteconfig.a(remoteconfig.o)
                0x000000000800b0ac                RemoteConfig::HandleSetDisplayTxt()
 .text._ZN12RemoteConfig13HandleFactoryEv
                0x000000000800b0d4       0x1c ../lib-remoteconfig/lib_gd32/libremoteconfig.a(remoteconfigfactory.o)
                0x000000000800b0d4                RemoteConfig::HandleFactory()
 .text._ZN17PropertiesBuilder3AddEPKcb.isra.0
                0x000000000800b0f0       0x50 ../lib-remoteconfig/lib_gd32/libremoteconfig.a(remoteconfigparams.o)
 .text._ZN18RemoteConfigParamsC2EP23RemoteConfigParamsStore
                0x000000000800b140       0x14 ../lib-remoteconfig/lib_gd32/libremoteconfig.a(remoteconfigparams.o)
                0x000000000800b140                RemoteConfigParams::RemoteConfigParams(RemoteConfigParamsStore*)
                0x000000000800b140                RemoteConfigParams::RemoteConfigParams(RemoteConfigParamsStore*)
 .text._ZN18RemoteConfigParams4LoadEv
                0x000000000800b154       0x18 ../lib-remoteconfig/lib_gd32/libremoteconfig.a(remoteconfigparams.o)
                0x000000000800b154                RemoteConfigParams::Load()
 .text._ZN18RemoteConfigParams4LoadEPKcj
                0x000000000800b16c       0x3c ../lib-remoteconfig/lib_gd32/libremoteconfig.a(remoteconfigparams.o)
                0x000000000800b16c                RemoteConfigParams::Load(char const*, unsigned int)
 .text._ZN18RemoteConfigParams7SetBoolEhj
                0x000000000800b1a8       0x10 ../lib-remoteconfig/lib_gd32/libremoteconfig.a(remoteconfigparams.o)
                0x000000000800b1a8                RemoteConfigParams::SetBool(unsigned char, unsigned int)
 .text._ZN18RemoteConfigParams16callbackFunctionEPKc
                0x000000000800b1b8       0xac ../lib-remoteconfig/lib_gd32/libremoteconfig.a(remoteconfigparams.o)
                0x000000000800b1b8                RemoteConfigParams::callbackFunction(char const*)
 .text._ZN18RemoteConfigParams22staticCallbackFunctionEPvPKc
                0x000000000800b264        0x4 ../lib-remoteconfig/lib_gd32/libremoteconfig.a(remoteconfigparams.o)
                0x000000000800b264                RemoteConfigParams::staticCallbackFunction(void*, char const*)
 .text._ZN18RemoteConfigParams7BuilderEPK19TRemoteConfigParamsPcjRj
                0x000000000800b268      0x120 ../lib-remoteconfig/lib_gd32/libremoteconfig.a(remoteconfigparams.o)
                0x000000000800b268                RemoteConfigParams::Builder(TRemoteConfigParams const*, char*, unsigned int, unsigned int&)
 .text._ZN18RemoteConfigParams4SaveEPcjRj
                0x000000000800b388       0x1a ../lib-remoteconfig/lib_gd32/libremoteconfig.a(remoteconfigparams.o)
                0x000000000800b388                RemoteConfigParams::Save(char*, unsigned int, unsigned int&)
 .text._ZN18RemoteConfigParams3SetEP12RemoteConfig
                0x000000000800b3a2       0x40 ../lib-remoteconfig/lib_gd32/libremoteconfig.a(remoteconfigparams.o)
                0x000000000800b3a2                RemoteConfigParams::Set(RemoteConfig*)
 .text._ZN18RemoteConfigParams4DumpEv
                0x000000000800b3e2        0x2 ../lib-remoteconfig/lib_gd32/libremoteconfig.a(remoteconfigparamsdump.o)
                0x000000000800b3e2                RemoteConfigParams::Dump()
 .text._ZN12RemoteConfig12HandleRebootEv
                0x000000000800b3e4       0xa4 ../lib-remoteconfig/lib_gd32/libremoteconfig.a(remoteconfigreboot.o)
                0x000000000800b3e4                RemoteConfig::HandleReboot()
 .text._ZN12RemoteConfig8GetIndexEPKvRj
                0x000000000800b488       0x54 ../lib-remoteconfig/lib_gd32/libremoteconfig.a(remoteconfigstatic.o)
                0x000000000800b488                RemoteConfig::GetIndex(void const*, unsigned int&)
 .text._ZN12RemoteConfig21PlatformHandleTftpSetEv
                0x000000000800b4dc       0x10 ../lib-remoteconfig/lib_gd32/libremoteconfig.a(remoteconfig.o)
                0x000000000800b4dc                RemoteConfig::PlatformHandleTftpSet()
 .text._ZN12RemoteConfig21PlatformHandleTftpGetEv
                0x000000000800b4ec       0x1a ../lib-remoteconfig/lib_gd32/libremoteconfig.a(remoteconfig.o)
                0x000000000800b4ec                RemoteConfig::PlatformHandleTftpGet()
 .text.strcmp   0x000000000800b506       0x1a ../lib-remoteconfig/lib_gd32/libremoteconfig.a(httd.o)
 .text.strcasecmp
                0x000000000800b520       0x34 ../lib-remoteconfig/lib_gd32/libremoteconfig.a(httd.o)
 .text._ZN16PropertiesConfig10EnableJSONEb
                0x000000000800b554       0x18 ../lib-remoteconfig/lib_gd32/libremoteconfig.a(httd.o)
                0x000000000800b554                PropertiesConfig::EnableJSON(bool)
 .text._ZN10HttpDaemonC2Ev
                0x000000000800b56c       0x28 ../lib-remoteconfig/lib_gd32/libremoteconfig.a(httd.o)
                0x000000000800b56c                HttpDaemon::HttpDaemon()
                0x000000000800b56c                HttpDaemon::HttpDaemon()
 .text._ZN10HttpDaemon5StartEv
                0x000000000800b594       0x18 ../lib-remoteconfig/lib_gd32/libremoteconfig.a(httd.o)
                0x000000000800b594                HttpDaemon::Start()
 .text._ZN10HttpDaemon11ParseMethodEPc
                0x000000000800b5ac       0x8c ../lib-remoteconfig/lib_gd32/libremoteconfig.a(httd.o)
                0x000000000800b5ac                HttpDaemon::ParseMethod(char*)
 .text._ZN10HttpDaemon16ParseHeaderFieldEPc
                0x000000000800b638       0x94 ../lib-remoteconfig/lib_gd32/libremoteconfig.a(httd.o)
                0x000000000800b638                HttpDaemon::ParseHeaderField(char*)
 .text._ZN10HttpDaemon12ParseRequestEv
                0x000000000800b6cc       0x6e ../lib-remoteconfig/lib_gd32/libremoteconfig.a(httd.o)
                0x000000000800b6cc                HttpDaemon::ParseRequest()
 *fill*         0x000000000800b73a        0x2 
 .text._ZN10HttpDaemon12HandleGetTxtEv
                0x000000000800b73c       0x88 ../lib-remoteconfig/lib_gd32/libremoteconfig.a(httd.o)
                0x000000000800b73c                HttpDaemon::HandleGetTxt()
 .text._ZN10HttpDaemon9HandleGetEv
                0x000000000800b7c4      0x14c ../lib-remoteconfig/lib_gd32/libremoteconfig.a(httd.o)
                0x000000000800b7c4                HttpDaemon::HandleGet()
 .text._ZN10HttpDaemon10HandlePostEb
                0x000000000800b910      0x160 ../lib-remoteconfig/lib_gd32/libremoteconfig.a(httd.o)
                0x000000000800b910                HttpDaemon::HandlePost(bool)
 .text._ZN10HttpDaemon3RunEv
                0x000000000800ba70      0x158 ../lib-remoteconfig/lib_gd32/libremoteconfig.a(httd.o)
                0x000000000800ba70                HttpDaemon::Run()
 .text._ZN12remoteconfig13json_get_listEPct
                0x000000000800bbc8       0x60 ../lib-remoteconfig/lib_gd32/libremoteconfig.a(remoteconfigjson.o)
                0x000000000800bbc8                remoteconfig::json_get_list(char*, unsigned short)
 .text._ZN12remoteconfig16json_get_versionEPct
                0x000000000800bc28       0x38 ../lib-remoteconfig/lib_gd32/libremoteconfig.a(remoteconfigjson.o)
                0x000000000800bc28                remoteconfig::json_get_version(char*, unsigned short)
 .text._ZN12remoteconfig15json_get_uptimeEPct
                0x000000000800bc60       0x20 ../lib-remoteconfig/lib_gd32/libremoteconfig.a(remoteconfigjson.o)
                0x000000000800bc60                remoteconfig::json_get_uptime(char*, unsigned short)
 .text._ZN12remoteconfig16json_get_displayEPct
                0x000000000800bc80       0x20 ../lib-remoteconfig/lib_gd32/libremoteconfig.a(remoteconfigjson.o)
                0x000000000800bc80                remoteconfig::json_get_display(char*, unsigned short)
 .text._ZN12remoteconfig18json_get_directoryEPct
                0x000000000800bca0       0x10 ../lib-remoteconfig/lib_gd32/libremoteconfig.a(remoteconfigjson.o)
                0x000000000800bca0                remoteconfig::json_get_directory(char*, unsigned short)
 .text._Z16get_file_contentPKcPc
                0x000000000800bcb0       0x4c ../lib-remoteconfig/lib_gd32/libremoteconfig.a(get_file_content.o)
                0x000000000800bcb0                get_file_content(char const*, char*)
 .text._ZN11ArtNet4Node15IsStatusChangedEv
                0x000000000800bcfc       0x12 ../lib-artnet4/lib_gd32/libartnet4.a(artnet4node.o)
                0x000000000800bcfc                ArtNet4Node::IsStatusChanged()
 .text._ZN11ArtNet4Node7SetPortEjN8lightset7PortDirE
                0x000000000800bd0e       0x60 ../lib-artnet4/lib_gd32/libartnet4.a(artnet4node.o)
                0x000000000800bd0e                ArtNet4Node::SetPort(unsigned int, lightset::PortDir)
 *fill*         0x000000000800bd6e        0x2 
 .text._ZN11ArtNet4Node15SetLedBlinkModeEN8ledblink4ModeE
                0x000000000800bd70       0x1c ../lib-artnet4/lib_gd32/libartnet4.a(artnet4node.o)
                0x000000000800bd70                ArtNet4Node::SetLedBlinkMode(ledblink::Mode)
 .text._ZN11ArtNet4NodeD2Ev
                0x000000000800bd8c       0x20 ../lib-artnet4/lib_gd32/libartnet4.a(artnet4node.o)
                0x000000000800bd8c                ArtNet4Node::~ArtNet4Node()
                0x000000000800bd8c                ArtNet4Node::~ArtNet4Node()
 .text._ZN11ArtNet4NodeD0Ev
                0x000000000800bdac       0x12 ../lib-artnet4/lib_gd32/libartnet4.a(artnet4node.o)
                0x000000000800bdac                ArtNet4Node::~ArtNet4Node()
 .text._ZN11ArtNet4Node9GetStatusEj
                0x000000000800bdbe       0x3a ../lib-artnet4/lib_gd32/libartnet4.a(artnet4node.o)
                0x000000000800bdbe                ArtNet4Node::GetStatus(unsigned int)
 .text._ZN11ArtNet4Node13HandleAddressEh
                0x000000000800bdf8      0x140 ../lib-artnet4/lib_gd32/libartnet4.a(artnet4node.o)
                0x000000000800bdf8                ArtNet4Node::HandleAddress(unsigned char)
 .text._ZN11ArtNet4NodeC2Ev
                0x000000000800bf38       0x24 ../lib-artnet4/lib_gd32/libartnet4.a(artnet4node.o)
                0x000000000800bf38                ArtNet4Node::ArtNet4Node()
                0x000000000800bf38                ArtNet4Node::ArtNet4Node()
 .text._ZN11ArtNet4Node5StartEv
                0x000000000800bf5c       0x68 ../lib-artnet4/lib_gd32/libartnet4.a(artnet4node.o)
                0x000000000800bf5c                ArtNet4Node::Start()
 .text._ZN11ArtNet4Node3RunEv
                0x000000000800bfc4       0x24 ../lib-artnet4/lib_gd32/libartnet4.a(artnet4node.o)
                0x000000000800bfc4                ArtNet4Node::Run()
 .text._ZN11ArtNet4Node5PrintEv
                0x000000000800bfe8       0x30 ../lib-artnet4/lib_gd32/libartnet4.a(artnet4node.o)
                0x000000000800bfe8                ArtNet4Node::Print()
 .text.strncpy.isra.0
                0x000000000800c018       0x1e ../lib-artnet/lib_gd32/libartnet.a(artnetnode.o)
 .text.memcpy.isra.0
                0x000000000800c036       0x14 ../lib-artnet/lib_gd32/libartnet.a(artnetnode.o)
 .text._ZN10ArtNetNodeD2Ev
                0x000000000800c04a        0x2 ../lib-artnet/lib_gd32/libartnet.a(artnetnode.o)
                0x000000000800c04a                ArtNetNode::~ArtNetNode()
                0x000000000800c04a                ArtNetNode::~ArtNetNode()
 .text._ZN10ArtNetNode5StartEv
                0x000000000800c04c       0xbc ../lib-artnet/lib_gd32/libartnet.a(artnetnode.o)
                0x000000000800c04c                ArtNetNode::Start()
 .text._ZN10ArtNetNode4StopEv
                0x000000000800c108       0x9c ../lib-artnet/lib_gd32/libartnet.a(artnetnode.o)
                0x000000000800c108                ArtNetNode::Stop()
 .text._ZN10ArtNetNode12SetShortNameEPKc
                0x000000000800c1a4       0x42 ../lib-artnet/lib_gd32/libartnet.a(artnetnode.o)
                0x000000000800c1a4                ArtNetNode::SetShortName(char const*)
 .text._ZN10ArtNetNode11SetLongNameEPKc
                0x000000000800c1e6       0x42 ../lib-artnet/lib_gd32/libartnet.a(artnetnode.o)
                0x000000000800c1e6                ArtNetNode::SetLongName(char const*)
 .text._ZN10ArtNetNodeC2Ev
                0x000000000800c228      0x174 ../lib-artnet/lib_gd32/libartnet.a(artnetnode.o)
                0x000000000800c228                ArtNetNode::ArtNetNode()
                0x000000000800c228                ArtNetNode::ArtNetNode()
 .text._ZN10ArtNetNode27SetNetworkDataLossConditionEv
                0x000000000800c39c       0x80 ../lib-artnet/lib_gd32/libartnet.a(artnetnode.o)
                0x000000000800c39c                ArtNetNode::SetNetworkDataLossCondition()
 .text._ZN10ArtNetNode7GetTypeEv
                0x000000000800c41c       0x50 ../lib-artnet/lib_gd32/libartnet.a(artnetnode.o)
                0x000000000800c41c                ArtNetNode::GetType()
 .text._ZN10ArtNetNode3RunEv
                0x000000000800c46c      0x1bc ../lib-artnet/lib_gd32/libartnet.a(artnetnode.o)
                0x000000000800c46c                ArtNetNode::Run()
 .text._ZNK10ArtNetNode14GetPortAddressEjRtN8lightset7PortDirE
                0x000000000800c628       0x30 ../lib-artnet/lib_gd32/libartnet.a(artnetnodegetportaddress.o)
                0x000000000800c628                ArtNetNode::GetPortAddress(unsigned int, unsigned short&, lightset::PortDir) const
 .text._ZN10ArtNetNode15MakePortAddressEtj
                0x000000000800c658       0x20 ../lib-artnet/lib_gd32/libartnet.a(artnetnodehandleaddress.o)
                0x000000000800c658                ArtNetNode::MakePortAddress(unsigned short, unsigned int)
 .text._ZN10ArtNetNode17SetUniverseSwitchEjN8lightset7PortDirEh
                0x000000000800c678      0x166 ../lib-artnet/lib_gd32/libartnet.a(artnetnodehandleaddress.o)
                0x000000000800c678                ArtNetNode::SetUniverseSwitch(unsigned int, lightset::PortDir, unsigned char)
 .text._ZN10ArtNetNode11SetUniverseEjN8lightset7PortDirEt
                0x000000000800c7de       0x20 ../lib-artnet/lib_gd32/libartnet.a(artnetnodehandleaddress.o)
                0x000000000800c7de                ArtNetNode::SetUniverse(unsigned int, lightset::PortDir, unsigned short)
 .text._ZNK10ArtNetNode17GetUniverseSwitchEjRhN8lightset7PortDirE
                0x000000000800c7fe       0x34 ../lib-artnet/lib_gd32/libartnet.a(artnetnodehandleaddress.o)
                0x000000000800c7fe                ArtNetNode::GetUniverseSwitch(unsigned int, unsigned char&, lightset::PortDir) const
 .text._ZN10ArtNetNode15SetSubnetSwitchEhj
                0x000000000800c832       0x66 ../lib-artnet/lib_gd32/libartnet.a(artnetnodehandleaddress.o)
                0x000000000800c832                ArtNetNode::SetSubnetSwitch(unsigned char, unsigned int)
 .text._ZN10ArtNetNode12SetNetSwitchEhj
                0x000000000800c898       0x66 ../lib-artnet/lib_gd32/libartnet.a(artnetnodehandleaddress.o)
                0x000000000800c898                ArtNetNode::SetNetSwitch(unsigned char, unsigned int)
 .text._ZN10ArtNetNode15SetPortProtocolEjN6artnet12PortProtocolE
                0x000000000800c8fe       0x4e ../lib-artnet/lib_gd32/libartnet.a(artnetnodehandleaddress.o)
                0x000000000800c8fe                ArtNetNode::SetPortProtocol(unsigned int, artnet::PortProtocol)
 .text._ZN10ArtNetNode12SetMergeModeEjN8lightset9MergeModeE
                0x000000000800c94c       0x4e ../lib-artnet/lib_gd32/libartnet.a(artnetnodehandleaddress.o)
                0x000000000800c94c                ArtNetNode::SetMergeMode(unsigned int, lightset::MergeMode)
 .text._ZN10ArtNetNode11SetFailSafeEN10artnetnode8FailSafeE
                0x000000000800c99a       0x52 ../lib-artnet/lib_gd32/libartnet.a(artnetnodehandleaddress.o)
                0x000000000800c99a                ArtNetNode::SetFailSafe(artnetnode::FailSafe)
 .text._ZN10ArtNetNode13HandleAddressEv
                0x000000000800c9ec      0x274 ../lib-artnet/lib_gd32/libartnet.a(artnetnodehandleaddress.o)
                0x000000000800c9ec                ArtNetNode::HandleAddress()
 .text._ZN8lightset4Data13IMergeSourceAEjPKhjNS_9MergeModeE.part.0
                0x000000000800cc60       0x28 ../lib-artnet/lib_gd32/libartnet.a(artnetnodehandledmx.o)
 .text.memcpy.isra.0
                0x000000000800cc88       0x14 ../lib-artnet/lib_gd32/libartnet.a(artnetnodehandledmx.o)
 .text._ZN8lightset4Data3GetEv
                0x000000000800cc9c       0x18 ../lib-artnet/lib_gd32/libartnet.a(artnetnodehandledmx.o)
                0x000000000800cc9c                lightset::Data::Get()
 .text._ZN8lightset4Data10SetSourceAEjPKhj
                0x000000000800ccb4       0x3c ../lib-artnet/lib_gd32/libartnet.a(artnetnodehandledmx.o)
                0x000000000800ccb4                lightset::Data::SetSourceA(unsigned int, unsigned char const*, unsigned int)
 .text._ZN8lightset4Data12MergeSourceAEjPKhjNS_9MergeModeE
                0x000000000800ccf0       0x52 ../lib-artnet/lib_gd32/libartnet.a(artnetnodehandledmx.o)
                0x000000000800ccf0                lightset::Data::MergeSourceA(unsigned int, unsigned char const*, unsigned int, lightset::MergeMode)
 .text._ZN8lightset4Data12MergeSourceBEjPKhjNS_9MergeModeE
                0x000000000800cd42       0x54 ../lib-artnet/lib_gd32/libartnet.a(artnetnodehandledmx.o)
                0x000000000800cd42                lightset::Data::MergeSourceB(unsigned int, unsigned char const*, unsigned int, lightset::MergeMode)
 .text._ZN10ArtNetNode17UpdateMergeStatusEj
                0x000000000800cd96       0x22 ../lib-artnet/lib_gd32/libartnet.a(artnetnodehandledmx.o)
                0x000000000800cd96                ArtNetNode::UpdateMergeStatus(unsigned int)
 .text._ZN10ArtNetNode18CheckMergeTimeoutsEj
                0x000000000800cdb8       0x78 ../lib-artnet/lib_gd32/libartnet.a(artnetnodehandledmx.o)
                0x000000000800cdb8                ArtNetNode::CheckMergeTimeouts(unsigned int)
 .text._ZN10ArtNetNode9HandleDmxEv
                0x000000000800ce30      0x1a2 ../lib-artnet/lib_gd32/libartnet.a(artnetnodehandledmx.o)
                0x000000000800ce30                ArtNetNode::HandleDmx()
 *fill*         0x000000000800cfd2        0x2 
 .text._ZN10ArtNetNode16SetDestinationIpEjj
                0x000000000800cfd4       0x30 ../lib-artnet/lib_gd32/libartnet.a(artnetnodehandledmxin.o)
                0x000000000800cfd4                ArtNetNode::SetDestinationIp(unsigned int, unsigned int)
 .text._ZN10ArtNetNode11HandleDmxInEv
                0x000000000800d004       0xec ../lib-artnet/lib_gd32/libartnet.a(artnetnodehandledmxin.o)
                0x000000000800d004                ArtNetNode::HandleDmxIn()
 .text.memcmp.constprop.0
                0x000000000800d0f0       0x24 ../lib-artnet/lib_gd32/libartnet.a(artnetnodehandleipprog.o)
 .text.memcpy.constprop.0.isra.0
                0x000000000800d114       0x14 ../lib-artnet/lib_gd32/libartnet.a(artnetnodehandleipprog.o)
 .text._ZN10ArtNetNode12HandleIpProgEv
                0x000000000800d128      0x184 ../lib-artnet/lib_gd32/libartnet.a(artnetnodehandleipprog.o)
                0x000000000800d128                ArtNetNode::HandleIpProg()
 .text.memcpy.isra.0
                0x000000000800d2ac       0x14 ../lib-artnet/lib_gd32/libartnet.a(artnetnodehandlepoll.o)
 .text._ZN10ArtNetNode13FillPollReplyEv
                0x000000000800d2c0       0xd8 ../lib-artnet/lib_gd32/libartnet.a(artnetnodehandlepoll.o)
                0x000000000800d2c0                ArtNetNode::FillPollReply()
 .text._ZN10ArtNetNode17ProcessPollRelplyEjjRj
                0x000000000800d398       0xda ../lib-artnet/lib_gd32/libartnet.a(artnetnodehandlepoll.o)
                0x000000000800d398                ArtNetNode::ProcessPollRelply(unsigned int, unsigned int, unsigned int&)
 *fill*         0x000000000800d472        0x2 
 .text._ZN10ArtNetNode14SendPollRelplyEb
                0x000000000800d474       0xd8 ../lib-artnet/lib_gd32/libartnet.a(artnetnodehandlepoll.o)
                0x000000000800d474                ArtNetNode::SendPollRelply(bool)
 .text._ZN10ArtNetNode10HandlePollEv
                0x000000000800d54c       0x7a ../lib-artnet/lib_gd32/libartnet.a(artnetnodehandlepoll.o)
                0x000000000800d54c                ArtNetNode::HandlePoll()
 .text.memcpy.isra.0
                0x000000000800d5c6       0x14 ../lib-artnet/lib_gd32/libartnet.a(artnetnodehandlerdm.o)
 .text._ZN10ArtNetNode6SetRmdEjb
                0x000000000800d5da       0x38 ../lib-artnet/lib_gd32/libartnet.a(artnetnodehandlerdm.o)
                0x000000000800d5da                ArtNetNode::SetRmd(unsigned int, bool)
 .text._ZN10ArtNetNode13HandleTodDataEv
                0x000000000800d612       0x60 ../lib-artnet/lib_gd32/libartnet.a(artnetnodehandlerdm.o)
                0x000000000800d612                ArtNetNode::HandleTodData()
 *fill*         0x000000000800d672        0x2 
 .text._ZN10ArtNetNode7SendTodEj
                0x000000000800d674       0xcc ../lib-artnet/lib_gd32/libartnet.a(artnetnodehandlerdm.o)
                0x000000000800d674                ArtNetNode::SendTod(unsigned int)
 .text._ZN10ArtNetNode16HandleTodControlEv
                0x000000000800d740       0x7a ../lib-artnet/lib_gd32/libartnet.a(artnetnodehandlerdm.o)
                0x000000000800d740                ArtNetNode::HandleTodControl()
 .text._ZN10ArtNetNode16HandleTodRequestEv
                0x000000000800d7ba       0x5c ../lib-artnet/lib_gd32/libartnet.a(artnetnodehandlerdm.o)
                0x000000000800d7ba                ArtNetNode::HandleTodRequest()
 *fill*         0x000000000800d816        0x2 
 .text._ZN10ArtNetNode14SendTodRequestEj
                0x000000000800d818       0x90 ../lib-artnet/lib_gd32/libartnet.a(artnetnodehandlerdm.o)
                0x000000000800d818                ArtNetNode::SendTodRequest(unsigned int)
 .text._ZN10ArtNetNode9HandleRdmEv
                0x000000000800d8a8       0x82 ../lib-artnet/lib_gd32/libartnet.a(artnetnodehandlerdm.o)
                0x000000000800d8a8                ArtNetNode::HandleRdm()
 .text._ZN10ArtNetNode9SetRdmUIDEPKhb
                0x000000000800d92a       0x24 ../lib-artnet/lib_gd32/libartnet.a(artnetnodehandlerdm.o)
                0x000000000800d92a                ArtNetNode::SetRdmUID(unsigned char const*, bool)
 *fill*         0x000000000800d94e        0x2 
 .text._ZN10ArtNetNode11HandleRdmInEv
                0x000000000800d950       0xa0 ../lib-artnet/lib_gd32/libartnet.a(artnetnodehandlerdmin.o)
                0x000000000800d950                ArtNetNode::HandleRdmIn()
 .text._ZN10ArtNetNode10HandleSyncEv
                0x000000000800d9f0       0x94 ../lib-artnet/lib_gd32/libartnet.a(artnetnodehandlesync.o)
                0x000000000800d9f0                ArtNetNode::HandleSync()
 .text._ZN10ArtNetNode14HandleTimeCodeEv
                0x000000000800da84        0xc ../lib-artnet/lib_gd32/libartnet.a(artnetnodehandletimecode.o)
                0x000000000800da84                ArtNetNode::HandleTimeCode()
 .text._ZN10ArtNetNode14HandleTimeSyncEv
                0x000000000800da90       0x44 ../lib-artnet/lib_gd32/libartnet.a(artnetnodehandletimesync.o)
                0x000000000800da90                ArtNetNode::HandleTimeSync()
 .text._ZN10ArtNetNode5PrintEv
                0x000000000800dad4      0x134 ../lib-artnet/lib_gd32/libartnet.a(artnetnodeprint.o)
                0x000000000800dad4                ArtNetNode::Print()
 .text.memcmp   0x000000000800dc08       0x28 ../lib-artnet/lib_gd32/libartnet.a(artnetparams.o)
 .text._ZN17PropertiesBuilder3AddIhEEbPKcT_bj.isra.0
                0x000000000800dc30       0x50 ../lib-artnet/lib_gd32/libartnet.a(artnetparams.o)
 .text._ZN17PropertiesBuilder3AddIPKcEEbS2_T_bj.isra.0
                0x000000000800dc80       0x50 ../lib-artnet/lib_gd32/libartnet.a(artnetparams.o)
 .text._ZN17PropertiesBuilder3AddEPKcb.isra.0
                0x000000000800dcd0       0x50 ../lib-artnet/lib_gd32/libartnet.a(artnetparams.o)
 .text.strncpy.isra.0
                0x000000000800dd20       0x16 ../lib-artnet/lib_gd32/libartnet.a(artnetparams.o)
 *fill*         0x000000000800dd36        0x2 
 .text._ZN12ArtNetParamsC2EP17ArtNetParamsStore
                0x000000000800dd38       0x40 ../lib-artnet/lib_gd32/libartnet.a(artnetparams.o)
                0x000000000800dd38                ArtNetParams::ArtNetParams(ArtNetParamsStore*)
                0x000000000800dd38                ArtNetParams::ArtNetParams(ArtNetParamsStore*)
 .text._ZN12ArtNetParams4LoadEv
                0x000000000800dd78       0x1c ../lib-artnet/lib_gd32/libartnet.a(artnetparams.o)
                0x000000000800dd78                ArtNetParams::Load()
 .text._ZN12ArtNetParams4LoadEPKcj
                0x000000000800dd94       0x44 ../lib-artnet/lib_gd32/libartnet.a(artnetparams.o)
                0x000000000800dd94                ArtNetParams::Load(char const*, unsigned int)
 .text._ZN12ArtNetParams7SetBoolEhj
                0x000000000800ddd8       0x10 ../lib-artnet/lib_gd32/libartnet.a(artnetparams.o)
                0x000000000800ddd8                ArtNetParams::SetBool(unsigned char, unsigned int)
 .text._ZN12ArtNetParams16callbackFunctionEPKc
                0x000000000800dde8      0x3d4 ../lib-artnet/lib_gd32/libartnet.a(artnetparams.o)
                0x000000000800dde8                ArtNetParams::callbackFunction(char const*)
 .text._ZN12ArtNetParams22staticCallbackFunctionEPvPKc
                0x000000000800e1bc        0x4 ../lib-artnet/lib_gd32/libartnet.a(artnetparams.o)
                0x000000000800e1bc                ArtNetParams::staticCallbackFunction(void*, char const*)
 .text._ZN12ArtNetParams7BuilderEPKN12artnetparams6ParamsEPcjRj
                0x000000000800e1c0      0x2dc ../lib-artnet/lib_gd32/libartnet.a(artnetparams.o)
                0x000000000800e1c0                ArtNetParams::Builder(artnetparams::Params const*, char*, unsigned int, unsigned int&)
 .text._ZN12ArtNetParams4SaveEPcjRj
                0x000000000800e49c       0x1a ../lib-artnet/lib_gd32/libartnet.a(artnetparams.o)
                0x000000000800e49c                ArtNetParams::Save(char*, unsigned int, unsigned int&)
 *fill*         0x000000000800e4b6        0x2 
 .text._ZN12ArtNetParams3SetEj
                0x000000000800e4b8      0x12c ../lib-artnet/lib_gd32/libartnet.a(artnetparams.o)
                0x000000000800e4b8                ArtNetParams::Set(unsigned int)
 .text._ZN12ArtNetParams4DumpEv
                0x000000000800e5e4        0x2 ../lib-artnet/lib_gd32/libartnet.a(artnetparamsdump.o)
                0x000000000800e5e4                ArtNetParams::Dump()
 *fill*         0x000000000800e5e6        0x2 
 .text._ZN10ArtNetNode13HandleTriggerEv
                0x000000000800e5e8       0x34 ../lib-artnet/lib_gd32/libartnet.a(artnettrigger.o)
                0x000000000800e5e8                ArtNetNode::HandleTrigger()
 .text._ZN4e131L24universe_to_multicast_ipEt
                0x000000000800e61c       0x24 ../lib-e131/lib_gd32/libe131.a(e131bridge.o)
 .text.memset.constprop.0.isra.0
                0x000000000800e640       0x10 ../lib-e131/lib_gd32/libe131.a(e131bridge.o)
 .text.memcpy.isra.0
                0x000000000800e650       0x14 ../lib-e131/lib_gd32/libe131.a(e131bridge.o)
 .text._ZN10E131BridgeC2Ev
                0x000000000800e664       0xd4 ../lib-e131/lib_gd32/libe131.a(e131bridge.o)
                0x000000000800e664                E131Bridge::E131Bridge()
                0x000000000800e664                E131Bridge::E131Bridge()
 .text._ZN10E131BridgeD2Ev
                0x000000000800e738        0x2 ../lib-e131/lib_gd32/libe131.a(e131bridge.o)
                0x000000000800e738                E131Bridge::~E131Bridge()
                0x000000000800e738                E131Bridge::~E131Bridge()
 *fill*         0x000000000800e73a        0x2 
 .text._ZN10E131Bridge5StartEv
                0x000000000800e73c       0x7c ../lib-e131/lib_gd32/libe131.a(e131bridge.o)
                0x000000000800e73c                E131Bridge::Start()
 .text._ZN10E131Bridge13LeaveUniverseEjt
                0x000000000800e7b8       0x44 ../lib-e131/lib_gd32/libe131.a(e131bridge.o)
                0x000000000800e7b8                E131Bridge::LeaveUniverse(unsigned int, unsigned short)
 .text._ZN10E131Bridge25SetSynchronizationAddressEbbt
                0x000000000800e7fc       0x54 ../lib-e131/lib_gd32/libe131.a(e131bridge.o)
                0x000000000800e7fc                E131Bridge::SetSynchronizationAddress(bool, bool, unsigned short)
 .text._ZN10E131Bridge11SetUniverseEjN8lightset7PortDirEt
                0x000000000800e850       0xf4 ../lib-e131/lib_gd32/libe131.a(e131bridge.o)
                0x000000000800e850                E131Bridge::SetUniverse(unsigned int, lightset::PortDir, unsigned short)
 .text._ZNK10E131Bridge11GetUniverseEjRtN8lightset7PortDirE
                0x000000000800e944       0x32 ../lib-e131/lib_gd32/libe131.a(e131bridge.o)
                0x000000000800e944                E131Bridge::GetUniverse(unsigned int, unsigned short&, lightset::PortDir) const
 .text._ZN10E131Bridge17UpdateMergeStatusEj
                0x000000000800e976       0x1e ../lib-e131/lib_gd32/libe131.a(e131bridge.o)
                0x000000000800e976                E131Bridge::UpdateMergeStatus(unsigned int)
 .text._ZN10E131Bridge18CheckMergeTimeoutsEj
                0x000000000800e994       0x84 ../lib-e131/lib_gd32/libe131.a(e131bridge.o)
                0x000000000800e994                E131Bridge::CheckMergeTimeouts(unsigned int)
 .text._ZNK10E131Bridge17IsPriorityTimeOutEj
                0x000000000800ea18       0x4a ../lib-e131/lib_gd32/libe131.a(e131bridge.o)
                0x000000000800ea18                E131Bridge::IsPriorityTimeOut(unsigned int) const
 .text._ZNK10E131Bridge12isIpCidMatchEPKN10e131bridge6SourceE
                0x000000000800ea62       0x2a ../lib-e131/lib_gd32/libe131.a(e131bridge.o)
                0x000000000800ea62                E131Bridge::isIpCidMatch(e131bridge::Source const*) const
 .text._ZN10E131Bridge27SetNetworkDataLossConditionEbb
                0x000000000800ea8c      0x12c ../lib-e131/lib_gd32/libe131.a(e131bridge.o)
                0x000000000800ea8c                E131Bridge::SetNetworkDataLossCondition(bool, bool)
 .text._ZN10E131Bridge9HandleDmxEv
                0x000000000800ebb8      0x300 ../lib-e131/lib_gd32/libe131.a(e131bridge.o)
                0x000000000800ebb8                E131Bridge::HandleDmx()
 .text._ZN10E131Bridge11IsValidRootEv
                0x000000000800eeb8       0x3c ../lib-e131/lib_gd32/libe131.a(e131bridge.o)
                0x000000000800eeb8                E131Bridge::IsValidRoot()
 .text._ZN10E131Bridge17IsValidDataPacketEv
                0x000000000800eef4       0x28 ../lib-e131/lib_gd32/libe131.a(e131bridge.o)
                0x000000000800eef4                E131Bridge::IsValidDataPacket()
 .text._ZN10E131Bridge3RunEv
                0x000000000800ef1c      0x110 ../lib-e131/lib_gd32/libe131.a(e131bridge.o)
                0x000000000800ef1c                E131Bridge::Run()
 .text._ZN10E131Bridge19FillDiscoveryPacketEv
                0x000000000800f02c       0xd8 ../lib-e131/lib_gd32/libe131.a(e131bridgediscoverypacket.o)
                0x000000000800f02c                E131Bridge::FillDiscoveryPacket()
 .text._ZN10E131Bridge19SendDiscoveryPacketEv
                0x000000000800f104       0x62 ../lib-e131/lib_gd32/libe131.a(e131bridgediscoverypacket.o)
                0x000000000800f104                E131Bridge::SendDiscoveryPacket()
 .text.memcpy.isra.0
                0x000000000800f166       0x14 ../lib-e131/lib_gd32/libe131.a(e131bridgehandledmxin.o)
 *fill*         0x000000000800f17a        0x2 
 .text._ZN10E131Bridge14FillDataPacketEv
                0x000000000800f17c       0x8c ../lib-e131/lib_gd32/libe131.a(e131bridgehandledmxin.o)
                0x000000000800f17c                E131Bridge::FillDataPacket()
 .text._ZN10E131Bridge11HandleDmxInEv
                0x000000000800f208       0xf8 ../lib-e131/lib_gd32/libe131.a(e131bridgehandledmxin.o)
                0x000000000800f208                E131Bridge::HandleDmxIn()
 .text._ZN10E131Bridge21HandleSynchronizationEv
                0x000000000800f300       0xbc ../lib-e131/lib_gd32/libe131.a(e131bridgehandlesynchronization.o)
                0x000000000800f300                E131Bridge::HandleSynchronization()
 .text._ZN10E131Bridge5PrintEv
                0x000000000800f3bc       0xf4 ../lib-e131/lib_gd32/libe131.a(e131bridgeprint.o)
                0x000000000800f3bc                E131Bridge::Print()
 .text.memcmp   0x000000000800f4b0       0x28 ../lib-e131/lib_gd32/libe131.a(e131params.o)
 .text._ZN17PropertiesBuilder3AddIPKcEEbS2_T_bj.isra.0
                0x000000000800f4d8       0x50 ../lib-e131/lib_gd32/libe131.a(e131params.o)
 .text._ZN10E131ParamsC2EP15E131ParamsStore
                0x000000000800f528       0x48 ../lib-e131/lib_gd32/libe131.a(e131params.o)
                0x000000000800f528                E131Params::E131Params(E131ParamsStore*)
                0x000000000800f528                E131Params::E131Params(E131ParamsStore*)
 .text._ZN10E131Params4LoadEPKcj
                0x000000000800f570       0x40 ../lib-e131/lib_gd32/libe131.a(e131params.o)
                0x000000000800f570                E131Params::Load(char const*, unsigned int)
 .text._ZN10E131Params16callbackFunctionEPKc
                0x000000000800f5b0      0x298 ../lib-e131/lib_gd32/libe131.a(e131params.o)
                0x000000000800f5b0                E131Params::callbackFunction(char const*)
 .text._ZN10E131Params22staticCallbackFunctionEPvPKc
                0x000000000800f848        0x4 ../lib-e131/lib_gd32/libe131.a(e131params.o)
                0x000000000800f848                E131Params::staticCallbackFunction(void*, char const*)
 .text._ZN10E131Params7BuilderEPKN10e131params6ParamsEPcjRj
                0x000000000800f84c      0x2b0 ../lib-e131/lib_gd32/libe131.a(e131params.o)
                0x000000000800f84c                E131Params::Builder(e131params::Params const*, char*, unsigned int, unsigned int&)
 .text._ZN10E131Params4SaveEPcjRj
                0x000000000800fafc       0x1a ../lib-e131/lib_gd32/libe131.a(e131params.o)
                0x000000000800fafc                E131Params::Save(char*, unsigned int, unsigned int&)
 .text._ZN10LLRPDeviceD2Ev
                0x000000000800fb16        0x2 ../lib-rdmnet/lib_gd32/librdmnet.a(llrpdevice.o)
                0x000000000800fb16                LLRPDevice::~LLRPDevice()
                0x000000000800fb16                LLRPDevice::~LLRPDevice()
 .text._ZN10LLRPDevice7CopyUIDEPh
                0x000000000800fb18        0x2 ../lib-rdmnet/lib_gd32/librdmnet.a(llrpdevice.o)
                0x000000000800fb18                LLRPDevice::CopyUID(unsigned char*)
 .text._ZN10LLRPDevice7CopyCIDEPh
                0x000000000800fb1a        0x2 ../lib-rdmnet/lib_gd32/librdmnet.a(llrpdevice.o)
                0x000000000800fb1a                LLRPDevice::CopyCID(unsigned char*)
 .text._ZN10LLRPDevice20LLRPHandleRdmCommandEPKh
                0x000000000800fb1c        0x4 ../lib-rdmnet/lib_gd32/librdmnet.a(llrpdevice.o)
                0x000000000800fb1c                LLRPDevice::LLRPHandleRdmCommand(unsigned char const*)
 .text._ZN10LLRPDeviceD0Ev
                0x000000000800fb20        0xc ../lib-rdmnet/lib_gd32/librdmnet.a(llrpdevice.o)
                0x000000000800fb20                LLRPDevice::~LLRPDevice()
 .text.memcpy.isra.0
                0x000000000800fb2c       0x14 ../lib-rdmnet/lib_gd32/librdmnet.a(llrpdevice.o)
 .text._ZN10LLRPDeviceC2Ev
                0x000000000800fb40       0x40 ../lib-rdmnet/lib_gd32/librdmnet.a(llrpdevice.o)
                0x000000000800fb40                LLRPDevice::LLRPDevice()
                0x000000000800fb40                LLRPDevice::LLRPDevice()
 .text._ZN10LLRPDevice20HandleRequestMessageEv
                0x000000000800fb80       0xa4 ../lib-rdmnet/lib_gd32/librdmnet.a(llrpdevice.o)
                0x000000000800fb80                LLRPDevice::HandleRequestMessage()
 .text._ZN10LLRPDevice16HandleRdmCommandEv
                0x000000000800fc24       0xa0 ../lib-rdmnet/lib_gd32/librdmnet.a(llrpdevice.o)
                0x000000000800fc24                LLRPDevice::HandleRdmCommand()
 .text._ZN10LLRPDevice3RunEv
                0x000000000800fcc4       0x4c ../lib-rdmnet/lib_gd32/librdmnet.a(llrpdevice.o)
                0x000000000800fcc4                LLRPDevice::Run()
 .text._ZN10LLRPDevice5PrintEv
                0x000000000800fd10       0x60 ../lib-rdmnet/lib_gd32/librdmnet.a(llrpdevice.o)
                0x000000000800fd10                LLRPDevice::Print()
 .text._ZN12RDMNetDevice5PrintEv
                0x000000000800fd70       0x40 ../lib-rdmnet/lib_gd32/librdmnet.a(rdmnetdevice.o)
                0x000000000800fd70                RDMNetDevice::Print()
 .text._ZN10RDMSensorsC2Ev
                0x000000000800fdb0       0x10 ../lib-rdmsensor/lib_gd32/librdmsensor.a(rdmsensors.o)
                0x000000000800fdb0                RDMSensors::RDMSensors()
                0x000000000800fdb0                RDMSensors::RDMSensors()
 .text._ZN10RDMSensorsD2Ev
                0x000000000800fdc0       0x30 ../lib-rdmsensor/lib_gd32/librdmsensor.a(rdmsensors.o)
                0x000000000800fdc0                RDMSensors::~RDMSensors()
                0x000000000800fdc0                RDMSensors::~RDMSensors()
 .text._ZN13RDMSubDevicesC2Ev
                0x000000000800fdf0       0x10 ../lib-rdmsubdevice/lib_gd32/librdmsubdevice.a(rdmsubdevices.o)
                0x000000000800fdf0                RDMSubDevices::RDMSubDevices()
                0x000000000800fdf0                RDMSubDevices::RDMSubDevices()
 .text._ZN13RDMSubDevicesD2Ev
                0x000000000800fe00       0x30 ../lib-rdmsubdevice/lib_gd32/librdmsubdevice.a(rdmsubdevices.o)
                0x000000000800fe00                RDMSubDevices::~RDMSubDevices()
                0x000000000800fe00                RDMSubDevices::~RDMSubDevices()
 .text._ZN13RDMSubDevices7GetInfoEt
                0x000000000800fe30       0x10 ../lib-rdmsubdevice/lib_gd32/librdmsubdevice.a(rdmsubdevices.o)
                0x000000000800fe30                RDMSubDevices::GetInfo(unsigned short)
 .text._ZN13RDMSubDevices8GetLabelEtP18TRDMDeviceInfoData
                0x000000000800fe40       0x12 ../lib-rdmsubdevice/lib_gd32/librdmsubdevice.a(rdmsubdevices.o)
                0x000000000800fe40                RDMSubDevices::GetLabel(unsigned short, TRDMDeviceInfoData*)
 .text._ZN13RDMSubDevices8SetLabelEtPKch
                0x000000000800fe52       0x1c ../lib-rdmsubdevice/lib_gd32/librdmsubdevice.a(rdmsubdevices.o)
                0x000000000800fe52                RDMSubDevices::SetLabel(unsigned short, char const*, unsigned char)
 .text._ZN13RDMSubDevices18GetFactoryDefaultsEv
                0x000000000800fe6e       0x26 ../lib-rdmsubdevice/lib_gd32/librdmsubdevice.a(rdmsubdevices.o)
                0x000000000800fe6e                RDMSubDevices::GetFactoryDefaults()
 .text._ZN13RDMSubDevices18SetFactoryDefaultsEv
                0x000000000800fe94       0x1e ../lib-rdmsubdevice/lib_gd32/librdmsubdevice.a(rdmsubdevices.o)
                0x000000000800fe94                RDMSubDevices::SetFactoryDefaults()
 .text._ZN12RDMSubDevice8GetLabelEP18TRDMDeviceInfoData
                0x000000000800feb2        0xe ../lib-rdmsubdevice/lib_gd32/librdmsubdevice.a(rdmsubdevice.o)
                0x000000000800feb2                RDMSubDevice::GetLabel(TRDMDeviceInfoData*)
 .text._ZN12RDMSubDevice8SetLabelEPKc
                0x000000000800fec0       0x1c ../lib-rdmsubdevice/lib_gd32/librdmsubdevice.a(rdmsubdevice.o)
                0x000000000800fec0                RDMSubDevice::SetLabel(char const*)
 .text._ZN12RDMSubDevice8SetLabelEPKch
                0x000000000800fedc       0x1e ../lib-rdmsubdevice/lib_gd32/librdmsubdevice.a(rdmsubdevice.o)
                0x000000000800fedc                RDMSubDevice::SetLabel(char const*, unsigned char)
 .text._ZN12RDMSubDevice18SetFactoryDefaultsEv
                0x000000000800fefa       0x1c ../lib-rdmsubdevice/lib_gd32/librdmsubdevice.a(rdmsubdevice.o)
                0x000000000800fefa                RDMSubDevice::SetFactoryDefaults()
 .text._ZN12RDMSubDevice17CalculateChecksumEv
                0x000000000800ff16       0x30 ../lib-rdmsubdevice/lib_gd32/librdmsubdevice.a(rdmsubdevice.o)
                0x000000000800ff16                RDMSubDevice::CalculateChecksum()
 .text._ZN12RDMSubDevice18GetFactoryDefaultsEv
                0x000000000800ff46       0x1a ../lib-rdmsubdevice/lib_gd32/librdmsubdevice.a(rdmsubdevice.o)
                0x000000000800ff46                RDMSubDevice::GetFactoryDefaults()
 .text.memcpy.isra.0
                0x000000000800ff60        0x4 ../lib-rdm/lib_gd32/librdm.a(rdmdeviceparams.o)
 .text._ZN15RDMDeviceParamsC2EP20RDMDeviceParamsStore
                0x000000000800ff64       0x24 ../lib-rdm/lib_gd32/librdm.a(rdmdeviceparams.o)
                0x000000000800ff64                RDMDeviceParams::RDMDeviceParams(RDMDeviceParamsStore*)
                0x000000000800ff64                RDMDeviceParams::RDMDeviceParams(RDMDeviceParamsStore*)
 .text._ZN15RDMDeviceParams4LoadEv
                0x000000000800ff88       0x16 ../lib-rdm/lib_gd32/librdm.a(rdmdeviceparams.o)
                0x000000000800ff88                RDMDeviceParams::Load()
 .text._ZN15RDMDeviceParams3SetEP9RDMDevice
                0x000000000800ff9e       0x6e ../lib-rdm/lib_gd32/librdm.a(rdmdeviceparams.o)
                0x000000000800ff9e                RDMDeviceParams::Set(RDMDevice*)
 .text._ZN15RDMDeviceParams4DumpEv
                0x000000000801000c        0x2 ../lib-rdm/lib_gd32/librdm.a(rdmdeviceparams.o)
                0x000000000801000c                RDMDeviceParams::Dump()
 .text._ZN18RDMDeviceResponder17PersonalityUpdateEP8LightSet
                0x000000000801000e        0x2 ../lib-rdm/lib_gd32/librdm.a(rdmdeviceresponder.o)
                0x000000000801000e                RDMDeviceResponder::PersonalityUpdate(LightSet*)
 .text._ZN18RDMDeviceResponder21DmxStartAddressUpdateEv
                0x0000000008010010        0x2 ../lib-rdm/lib_gd32/librdm.a(rdmdeviceresponder.o)
                0x0000000008010010                RDMDeviceResponder::DmxStartAddressUpdate()
 *fill*         0x0000000008010012        0x2 
 .text._ZN18RDMDeviceResponderD2Ev
                0x0000000008010014       0x20 ../lib-rdm/lib_gd32/librdm.a(rdmdeviceresponder.o)
                0x0000000008010014                RDMDeviceResponder::~RDMDeviceResponder()
                0x0000000008010014                RDMDeviceResponder::~RDMDeviceResponder()
 .text._ZN18RDMDeviceResponderD0Ev
                0x0000000008010034       0x12 ../lib-rdm/lib_gd32/librdm.a(rdmdeviceresponder.o)
                0x0000000008010034                RDMDeviceResponder::~RDMDeviceResponder()
 *fill*         0x0000000008010046        0x2 
 .text._ZN18RDMDeviceResponderC2EPP14RDMPersonalityj
                0x0000000008010048       0x9c ../lib-rdm/lib_gd32/librdm.a(rdmdeviceresponder.o)
                0x0000000008010048                RDMDeviceResponder::RDMDeviceResponder(RDMPersonality**, unsigned int)
                0x0000000008010048                RDMDeviceResponder::RDMDeviceResponder(RDMPersonality**, unsigned int)
 .text._ZN18RDMDeviceResponder4InitEv
                0x00000000080100e4      0x128 ../lib-rdm/lib_gd32/librdm.a(rdmdeviceresponder.o)
                0x00000000080100e4                RDMDeviceResponder::Init()
 .text._ZN18RDMDeviceResponder5PrintEv
                0x000000000801020c       0x9c ../lib-rdm/lib_gd32/librdm.a(rdmdeviceresponder.o)
                0x000000000801020c                RDMDeviceResponder::Print()
 .text.memcmp   0x00000000080102a8       0x20 ../lib-rdm/lib_gd32/librdm.a(rdmhandler.o)
 .text.memcpy.isra.0
                0x00000000080102c8       0x14 ../lib-rdm/lib_gd32/librdm.a(rdmhandler.o)
 .text._ZN9RDMDevice8SetLabelEPK18TRDMDeviceInfoData
                0x00000000080102dc       0x44 ../lib-rdm/lib_gd32/librdm.a(rdmhandler.o)
                0x00000000080102dc                RDMDevice::SetLabel(TRDMDeviceInfoData const*)
 .text._ZN18RDMDeviceResponder18SetFactoryDefaultsEv
                0x0000000008010320      0x100 ../lib-rdm/lib_gd32/librdm.a(rdmhandler.o)
                0x0000000008010320                RDMDeviceResponder::SetFactoryDefaults()
 .text._ZN10RDMHandlerC2Eb
                0x0000000008010420        0xc ../lib-rdm/lib_gd32/librdm.a(rdmhandler.o)
                0x0000000008010420                RDMHandler::RDMHandler(bool)
                0x0000000008010420                RDMHandler::RDMHandler(bool)
 .text._ZN10RDMHandler12HandleStringEPKcj
                0x000000000801042c       0x18 ../lib-rdm/lib_gd32/librdm.a(rdmhandler.o)
                0x000000000801042c                RDMHandler::HandleString(char const*, unsigned int)
 .text._ZN10RDMHandler20CreateRespondMessageEht
                0x0000000008010444       0x98 ../lib-rdm/lib_gd32/librdm.a(rdmhandler.o)
                0x0000000008010444                RDMHandler::CreateRespondMessage(unsigned char, unsigned short)
 .text._ZN10RDMHandler17RespondMessageAckEv
                0x00000000080104dc       0x12 ../lib-rdm/lib_gd32/librdm.a(rdmhandler.o)
                0x00000000080104dc                RDMHandler::RespondMessageAck()
 *fill*         0x00000000080104ee        0x2 
 .text._ZN10RDMHandler13GetDeviceInfoEt
                0x00000000080104f0       0x68 ../lib-rdm/lib_gd32/librdm.a(rdmhandler.o)
                0x00000000080104f0                RDMHandler::GetDeviceInfo(unsigned short)
 .text._ZN10RDMHandler18GetFactoryDefaultsEt
                0x0000000008010558       0x80 ../lib-rdm/lib_gd32/librdm.a(rdmhandler.o)
                0x0000000008010558                RDMHandler::GetFactoryDefaults(unsigned short)
 .text._ZN10RDMHandler25GetDeviceModelDescriptionEt
                0x00000000080105d8       0x1c ../lib-rdm/lib_gd32/librdm.a(rdmhandler.o)
                0x00000000080105d8                RDMHandler::GetDeviceModelDescription(unsigned short)
 .text._ZN10RDMHandler20GetManufacturerLabelEt
                0x00000000080105f4       0x20 ../lib-rdm/lib_gd32/librdm.a(rdmhandler.o)
                0x00000000080105f4                RDMHandler::GetManufacturerLabel(unsigned short)
 .text._ZN10RDMHandler14GetDeviceLabelEt
                0x0000000008010614       0x3c ../lib-rdm/lib_gd32/librdm.a(rdmhandler.o)
                0x0000000008010614                RDMHandler::GetDeviceLabel(unsigned short)
 .text._ZN10RDMHandler17GetIdentifyDeviceEt
                0x0000000008010650       0x14 ../lib-rdm/lib_gd32/librdm.a(rdmhandler.o)
                0x0000000008010650                RDMHandler::GetIdentifyDevice(unsigned short)
 .text._ZN10RDMHandler18RespondMessageNackEt
                0x0000000008010664        0x8 ../lib-rdm/lib_gd32/librdm.a(rdmhandler.o)
                0x0000000008010664                RDMHandler::RespondMessageNack(unsigned short)
 .text._ZN10RDMHandler14SetResetDeviceEbt
                0x000000000801066c       0x48 ../lib-rdm/lib_gd32/librdm.a(rdmhandler.o)
                0x000000000801066c                RDMHandler::SetResetDevice(bool, unsigned short)
 .text._ZN10RDMHandler17SetIdentifyDeviceEbt
                0x00000000080106b4       0x7c ../lib-rdm/lib_gd32/librdm.a(rdmhandler.o)
                0x00000000080106b4                RDMHandler::SetIdentifyDevice(bool, unsigned short)
 .text._ZN10RDMHandler18SetFactoryDefaultsEbt
                0x0000000008010730       0x34 ../lib-rdm/lib_gd32/librdm.a(rdmhandler.o)
                0x0000000008010730                RDMHandler::SetFactoryDefaults(bool, unsigned short)
 .text._ZN10RDMHandler14SetDeviceLabelEbt
                0x0000000008010764       0x58 ../lib-rdm/lib_gd32/librdm.a(rdmhandler.o)
                0x0000000008010764                RDMHandler::SetDeviceLabel(bool, unsigned short)
 .text._ZN10RDMHandler8HandlersEbhtht
                0x00000000080107bc       0xe0 ../lib-rdm/lib_gd32/librdm.a(rdmhandler.o)
                0x00000000080107bc                RDMHandler::Handlers(bool, unsigned char, unsigned short, unsigned char, unsigned short)
 .text._ZN10RDMHandler10HandleDataEPKhPh
                0x000000000801089c      0x19c ../lib-rdm/lib_gd32/librdm.a(rdmhandler.o)
                0x000000000801089c                RDMHandler::HandleData(unsigned char const*, unsigned char*)
 .text._ZN11RDMIdentifyC2Ev
                0x0000000008010a38        0xc ../lib-rdm/lib_gd32/librdm.a(rdmidentify.o)
                0x0000000008010a38                RDMIdentify::RDMIdentify()
                0x0000000008010a38                RDMIdentify::RDMIdentify()
 .text._ZN11RDMIdentify2OnEN3rdm8identify4ModeE
                0x0000000008010a44        0x2 ../lib-rdm/lib_gd32/librdm.a(rdmidentify.o)
                0x0000000008010a44                RDMIdentify::On(rdm::identify::Mode)
 .text._ZN11RDMIdentify3OffEN3rdm8identify4ModeE
                0x0000000008010a46        0x2 ../lib-rdm/lib_gd32/librdm.a(rdmidentify.o)
                0x0000000008010a46                RDMIdentify::Off(rdm::identify::Mode)
 .text.memcpy.constprop.0.isra.0
                0x0000000008010a48       0x14 ../lib-rdm/lib_gd32/librdm.a(rdmhandlere1372.o)
 .text._ZN10RDMHandler16GetInterfaceListEt
                0x0000000008010a5c       0x28 ../lib-rdm/lib_gd32/librdm.a(rdmhandlere1372.o)
                0x0000000008010a5c                RDMHandler::GetInterfaceList(unsigned short)
 .text._ZN10RDMHandler16GetInterfaceNameEt
                0x0000000008010a84       0x4c ../lib-rdm/lib_gd32/librdm.a(rdmhandlere1372.o)
                0x0000000008010a84                RDMHandler::GetInterfaceName(unsigned short)
 .text._ZN10RDMHandler18GetHardwareAddressEt
                0x0000000008010ad0       0x30 ../lib-rdm/lib_gd32/librdm.a(rdmhandlere1372.o)
                0x0000000008010ad0                RDMHandler::GetHardwareAddress(unsigned short)
 .text._ZN10RDMHandler11GetDHCPModeEt
                0x0000000008010b00       0x2c ../lib-rdm/lib_gd32/librdm.a(rdmhandlere1372.o)
                0x0000000008010b00                RDMHandler::GetDHCPMode(unsigned short)
 .text._ZN10RDMHandler11SetDHCPModeEbt
                0x0000000008010b2c       0x48 ../lib-rdm/lib_gd32/librdm.a(rdmhandlere1372.o)
                0x0000000008010b2c                RDMHandler::SetDHCPMode(bool, unsigned short)
 .text._ZN10RDMHandler14GetNameServersEt
                0x0000000008010b74       0x22 ../lib-rdm/lib_gd32/librdm.a(rdmhandlere1372.o)
                0x0000000008010b74                RDMHandler::GetNameServers(unsigned short)
 *fill*         0x0000000008010b96        0x2 
 .text._ZN10RDMHandler11GetZeroconfEt
                0x0000000008010b98       0x30 ../lib-rdm/lib_gd32/librdm.a(rdmhandlere1372.o)
                0x0000000008010b98                RDMHandler::GetZeroconf(unsigned short)
 .text._ZN10RDMHandler11SetZeroconfEbt
                0x0000000008010bc8       0x48 ../lib-rdm/lib_gd32/librdm.a(rdmhandlere1372.o)
                0x0000000008010bc8                RDMHandler::SetZeroconf(bool, unsigned short)
 .text._ZN10RDMHandler9RenewDhcpEbt
                0x0000000008010c10       0x2c ../lib-rdm/lib_gd32/librdm.a(rdmhandlere1372.o)
                0x0000000008010c10                RDMHandler::RenewDhcp(bool, unsigned short)
 .text._ZN10RDMHandler17GetAddressNetmaskEt
                0x0000000008010c3c       0x48 ../lib-rdm/lib_gd32/librdm.a(rdmhandlere1372.o)
                0x0000000008010c3c                RDMHandler::GetAddressNetmask(unsigned short)
 .text._ZN10RDMHandler16GetStaticAddressEt
                0x0000000008010c84       0x44 ../lib-rdm/lib_gd32/librdm.a(rdmhandlere1372.o)
                0x0000000008010c84                RDMHandler::GetStaticAddress(unsigned short)
 .text._ZN10RDMHandler16SetStaticAddressEbt
                0x0000000008010cc8       0x4c ../lib-rdm/lib_gd32/librdm.a(rdmhandlere1372.o)
                0x0000000008010cc8                RDMHandler::SetStaticAddress(bool, unsigned short)
 .text._ZN10RDMHandler18ApplyConfigurationEbt
                0x0000000008010d14       0x28 ../lib-rdm/lib_gd32/librdm.a(rdmhandlere1372.o)
                0x0000000008010d14                RDMHandler::ApplyConfiguration(bool, unsigned short)
 .text._ZN10RDMHandler15GetDefaultRouteEt
                0x0000000008010d3c       0x38 ../lib-rdm/lib_gd32/librdm.a(rdmhandlere1372.o)
                0x0000000008010d3c                RDMHandler::GetDefaultRoute(unsigned short)
 .text._ZN10RDMHandler15SetDefaultRouteEbt
                0x0000000008010d74        0x6 ../lib-rdm/lib_gd32/librdm.a(rdmhandlere1372.o)
                0x0000000008010d74                RDMHandler::SetDefaultRoute(bool, unsigned short)
 *fill*         0x0000000008010d7a        0x2 
 .text._ZN10RDMHandler11GetHostNameEt
                0x0000000008010d7c       0x30 ../lib-rdm/lib_gd32/librdm.a(rdmhandlere1372.o)
                0x0000000008010d7c                RDMHandler::GetHostName(unsigned short)
 .text._ZN10RDMHandler11SetHostNameEbt
                0x0000000008010dac       0x34 ../lib-rdm/lib_gd32/librdm.a(rdmhandlere1372.o)
                0x0000000008010dac                RDMHandler::SetHostName(bool, unsigned short)
 .text._ZN10RDMHandler13GetDomainNameEt
                0x0000000008010de0       0x30 ../lib-rdm/lib_gd32/librdm.a(rdmhandlere1372.o)
                0x0000000008010de0                RDMHandler::GetDomainName(unsigned short)
 .text._ZN10RDMHandler13SetDomainNameEbt
                0x0000000008010e10        0x6 ../lib-rdm/lib_gd32/librdm.a(rdmhandlere1372.o)
                0x0000000008010e10                RDMHandler::SetDomainName(bool, unsigned short)
 *fill*         0x0000000008010e16        0x2 
 .text._ZN9RDMDeviceC2Ev
                0x0000000008010e18       0xe8 ../lib-rdm/lib_gd32/librdm.a(rdmdevice.o)
                0x0000000008010e18                RDMDevice::RDMDevice()
                0x0000000008010e18                RDMDevice::RDMDevice()
 .text._ZN9RDMDevice5PrintEv
                0x0000000008010f00       0x84 ../lib-rdm/lib_gd32/librdm.a(rdmdevice.o)
                0x0000000008010f00                RDMDevice::Print()
 .text.uuid_unparse_x
                0x0000000008010f84       0x86 ../lib-uuid/lib_gd32/libuuid.a(uuid_unparse.o)
 *fill*         0x000000000801100a        0x2 
 .text.uuid_unparse
                0x000000000801100c        0xc ../lib-uuid/lib_gd32/libuuid.a(uuid_unparse.o)
                0x000000000801100c                uuid_unparse
 .text._ZN7DmxSendD2Ev
                0x0000000008011018        0x2 ../lib-dmxsend/lib_gd32/libdmxsend.a(dmxsend.o)
                0x0000000008011018                DmxSend::~DmxSend()
                0x0000000008011018                DmxSend::~DmxSend()
 *fill*         0x000000000801101a        0x2 
 .text._ZN7DmxSend5StartEj
                0x000000000801101c       0x30 ../lib-dmxsend/lib_gd32/libdmxsend.a(dmxsend.o)
                0x000000000801101c                DmxSend::Start(unsigned int)
 .text._ZN7DmxSend4StopEj
                0x000000000801104c       0x38 ../lib-dmxsend/lib_gd32/libdmxsend.a(dmxsend.o)
                0x000000000801104c                DmxSend::Stop(unsigned int)
 .text._ZN7DmxSend7SetDataEjPKhj
                0x0000000008011084       0x10 ../lib-dmxsend/lib_gd32/libdmxsend.a(dmxsend.o)
                0x0000000008011084                DmxSend::SetData(unsigned int, unsigned char const*, unsigned int)
 .text._ZN7DmxSend8BlackoutEb
                0x0000000008011094        0xc ../lib-dmxsend/lib_gd32/libdmxsend.a(dmxsend.o)
                0x0000000008011094                DmxSend::Blackout(bool)
 .text._ZN7DmxSend6FullOnEv
                0x00000000080110a0        0xc ../lib-dmxsend/lib_gd32/libdmxsend.a(dmxsend.o)
                0x00000000080110a0                DmxSend::FullOn()
 .text._ZN7DmxSend5PrintEv
                0x00000000080110ac       0x58 ../lib-dmxsend/lib_gd32/libdmxsend.a(dmxsend.o)
                0x00000000080110ac                DmxSend::Print()
 .text._ZN7DmxSendD0Ev
                0x0000000008011104        0xc ../lib-dmxsend/lib_gd32/libdmxsend.a(dmxsend.o)
                0x0000000008011104                DmxSend::~DmxSend()
 .text._ZN17PropertiesBuilder3AddItEEbPKcT_bj.isra.0
                0x0000000008011110       0x50 ../lib-dmx/lib_gd32/libdmx.a(dmxparams.o)
 .text._ZN9DmxParamsC2EP14DmxParamsStore
                0x0000000008011160       0x18 ../lib-dmx/lib_gd32/libdmx.a(dmxparams.o)
                0x0000000008011160                DmxParams::DmxParams(DmxParamsStore*)
                0x0000000008011160                DmxParams::DmxParams(DmxParamsStore*)
 .text._ZN9DmxParams4LoadEv
                0x0000000008011178       0x18 ../lib-dmx/lib_gd32/libdmx.a(dmxparams.o)
                0x0000000008011178                DmxParams::Load()
 .text._ZN9DmxParams4LoadEPKcj
                0x0000000008011190       0x40 ../lib-dmx/lib_gd32/libdmx.a(dmxparams.o)
                0x0000000008011190                DmxParams::Load(char const*, unsigned int)
 .text._ZN9DmxParams16callbackFunctionEPKc
                0x00000000080111d0       0xcc ../lib-dmx/lib_gd32/libdmx.a(dmxparams.o)
                0x00000000080111d0                DmxParams::callbackFunction(char const*)
 .text._ZN9DmxParams22staticCallbackFunctionEPvPKc
                0x000000000801129c        0x4 ../lib-dmx/lib_gd32/libdmx.a(dmxparams.o)
                0x000000000801129c                DmxParams::staticCallbackFunction(void*, char const*)
 .text._ZN9DmxParams7BuilderEPK10TDmxParamsPcjRj
                0x00000000080112a0      0x104 ../lib-dmx/lib_gd32/libdmx.a(dmxparams.o)
                0x00000000080112a0                DmxParams::Builder(TDmxParams const*, char*, unsigned int, unsigned int&)
 .text._ZN9DmxParams4SaveEPcjRj
                0x00000000080113a4       0x1a ../lib-dmx/lib_gd32/libdmx.a(dmxparams.o)
                0x00000000080113a4                DmxParams::Save(char*, unsigned int, unsigned int&)
 *fill*         0x00000000080113be        0x2 
 .text._ZN9DmxParams3SetEP3Dmx
                0x00000000080113c0       0x5c ../lib-dmx/lib_gd32/libdmx.a(dmxparams.o)
                0x00000000080113c0                DmxParams::Set(Dmx*)
 .text._ZN9DmxParams4DumpEv
                0x000000000801141c        0x2 ../lib-dmx/lib_gd32/libdmx.a(dmxparams.o)
                0x000000000801141c                DmxParams::Dump()
 .text._ZL17_gpio_mode_outputjj
                0x000000000801141e       0x20 ../lib-dmx/lib_gd32/libdmx.a(dmx.o)
 *fill*         0x000000000801143e        0x2 
 .text._ZL13_port_to_uartj
                0x0000000008011440       0x18 ../lib-dmx/lib_gd32/libdmx.a(dmx.o)
 .text.TIMER1_IRQHandler
                0x0000000008011458      0x148 ../lib-dmx/lib_gd32/libdmx.a(dmx.o)
                0x0000000008011458                TIMER1_IRQHandler
 .text._ZN3Dmx9ClearDataEj
                0x00000000080115a0       0x30 ../lib-dmx/lib_gd32/libdmx.a(dmx.o)
                0x00000000080115a0                Dmx::ClearData(unsigned int)
 .text._ZN3Dmx9StartDataEjj
                0x00000000080115d0      0x138 ../lib-dmx/lib_gd32/libdmx.a(dmx.o)
                0x00000000080115d0                Dmx::StartData(unsigned int, unsigned int)
 .text._ZN3Dmx8StopDataEjj
                0x0000000008011708       0x8c ../lib-dmx/lib_gd32/libdmx.a(dmx.o)
                0x0000000008011708                Dmx::StopData(unsigned int, unsigned int)
 .text._ZN3Dmx16SetPortDirectionEjN3dmx13PortDirectionEb
                0x0000000008011794       0x78 ../lib-dmx/lib_gd32/libdmx.a(dmx.o)
                0x0000000008011794                Dmx::SetPortDirection(unsigned int, dmx::PortDirection, bool)
 .text._ZN3DmxC2Ev
                0x000000000801180c      0x168 ../lib-dmx/lib_gd32/libdmx.a(dmx.o)
                0x000000000801180c                Dmx::Dmx()
                0x000000000801180c                Dmx::Dmx()
 .text._ZN3Dmx16SetDmxPeriodTimeEj
                0x0000000008011974       0x50 ../lib-dmx/lib_gd32/libdmx.a(dmx.o)
                0x0000000008011974                Dmx::SetDmxPeriodTime(unsigned int)
 .text._ZN3Dmx15SetDmxBreakTimeEj
                0x00000000080119c4       0x14 ../lib-dmx/lib_gd32/libdmx.a(dmx.o)
                0x00000000080119c4                Dmx::SetDmxBreakTime(unsigned int)
 .text._ZN3Dmx13SetDmxMabTimeEj
                0x00000000080119d8       0x14 ../lib-dmx/lib_gd32/libdmx.a(dmx.o)
                0x00000000080119d8                Dmx::SetDmxMabTime(unsigned int)
 .text._ZN3Dmx11SetDmxSlotsEt
                0x00000000080119ec       0x2a ../lib-dmx/lib_gd32/libdmx.a(dmx.o)
                0x00000000080119ec                Dmx::SetDmxSlots(unsigned short)
 *fill*         0x0000000008011a16        0x2 
 .text._ZN3Dmx24SetPortSendDataWithoutSCEjPKhj
                0x0000000008011a18       0x4c ../lib-dmx/lib_gd32/libdmx.a(dmx.o)
                0x0000000008011a18                Dmx::SetPortSendDataWithoutSC(unsigned int, unsigned char const*, unsigned int)
 .text._ZN3Dmx8BlackoutEv